#! /usr/bin/vvp
:ivl_version "12.0 (stable)";
:ivl_delay_selection "TYPICAL";
:vpi_time_precision - 12;
:vpi_module "/usr/lib/aarch64-linux-gnu/ivl/system.vpi";
:vpi_module "/usr/lib/aarch64-linux-gnu/ivl/vhdl_sys.vpi";
:vpi_module "/usr/lib/aarch64-linux-gnu/ivl/vhdl_textio.vpi";
:vpi_module "/usr/lib/aarch64-linux-gnu/ivl/v2005_math.vpi";
:vpi_module "/usr/lib/aarch64-linux-gnu/ivl/va_math.vpi";
:vpi_module "/usr/lib/aarch64-linux-gnu/ivl/v2009.vpi";
S_0xb1d9a20083c0 .scope package, "$unit" "$unit" 2 1;
 .timescale 0 0;
S_0xb1d9a1f74500 .scope module, "complete_queue_handler" "complete_queue_handler" 3 5;
 .timescale 0 0;
    .port_info 0 /INPUT 1 "clk";
    .port_info 1 /INPUT 1 "rst";
    .port_info 2 /INPUT 1 "done";
    .port_info 3 /INPUT 9 "iter_x";
    .port_info 4 /INPUT 9 "iter_y";
    .port_info 5 /INPUT 4 "iter_colour";
    .port_info 6 /INPUT 1 "comp_pop";
    .port_info 7 /OUTPUT 1 "comp_valid";
    .port_info 8 /OUTPUT 22 "comp_data";
    .port_info 9 /OUTPUT 1 "full_err";
o0xb1d9a2043f08 .functor BUFZ 1, C4<z>; HiZ drive
L_0xb1d9a1fc5f60 .functor AND 1, o0xb1d9a2043f08, L_0xb1d9a20e00f0, C4<1>, C4<1>;
L_0xb1d9a2004540 .functor AND 1, o0xb1d9a2043f08, L_0xb1d9a20dfaf0, C4<1>, C4<1>;
v0xb1d9a208fef0_0 .net *"_ivl_3", 0 0, L_0xb1d9a20e00f0;  1 drivers
o0xb1d9a2043938 .functor BUFZ 1, C4<z>; HiZ drive
v0xb1d9a208ffd0_0 .net "clk", 0 0, o0xb1d9a2043938;  0 drivers
v0xb1d9a2090090_0 .net "comp_data", 21 0, L_0xb1d9a2000800;  1 drivers
o0xb1d9a2043ab8 .functor BUFZ 1, C4<z>; HiZ drive
v0xb1d9a2090180_0 .net "comp_pop", 0 0, o0xb1d9a2043ab8;  0 drivers
v0xb1d9a2090270_0 .net "comp_valid", 0 0, L_0xb1d9a20e02d0;  1 drivers
v0xb1d9a2090360_0 .net "done", 0 0, o0xb1d9a2043f08;  0 drivers
v0xb1d9a2090420_0 .net "full_err", 0 0, L_0xb1d9a2004540;  1 drivers
o0xb1d9a2043f68 .functor BUFZ 4, C4<zzzz>; HiZ drive
v0xb1d9a20904e0_0 .net "iter_colour", 3 0, o0xb1d9a2043f68;  0 drivers
o0xb1d9a2043f98 .functor BUFZ 9, C4<zzzzzzzzz>; HiZ drive
v0xb1d9a20905c0_0 .net "iter_x", 8 0, o0xb1d9a2043f98;  0 drivers
o0xb1d9a2043fc8 .functor BUFZ 9, C4<zzzzzzzzz>; HiZ drive
v0xb1d9a20906a0_0 .net "iter_y", 8 0, o0xb1d9a2043fc8;  0 drivers
v0xb1d9a2090780_0 .net "q_data_in", 21 0, L_0xb1d9a20dff90;  1 drivers
v0xb1d9a2090840_0 .net "q_empty", 0 0, L_0xb1d9a20dfbc0;  1 drivers
v0xb1d9a2090930_0 .net "q_full", 0 0, L_0xb1d9a20dfaf0;  1 drivers
v0xb1d9a2090a20_0 .net "q_push", 0 0, L_0xb1d9a1fc5f60;  1 drivers
o0xb1d9a2043b18 .functor BUFZ 1, C4<z>; HiZ drive
v0xb1d9a2090b10_0 .net "rst", 0 0, o0xb1d9a2043b18;  0 drivers
L_0xb1d9a20dff90 .concat [ 9 9 4 0], o0xb1d9a2043f98, o0xb1d9a2043fc8, o0xb1d9a2043f68;
L_0xb1d9a20e00f0 .reduce/nor L_0xb1d9a20dfaf0;
L_0xb1d9a20e02d0 .reduce/nor L_0xb1d9a20dfbc0;
S_0xb1d9a1faf470 .scope module, "u_complete_queue" "complete_queue" 3 28, 4 3 0, S_0xb1d9a1f74500;
 .timescale 0 0;
    .port_info 0 /INPUT 1 "clk";
    .port_info 1 /INPUT 1 "rst";
    .port_info 2 /INPUT 1 "push";
    .port_info 3 /INPUT 22 "data_in";
    .port_info 4 /INPUT 1 "pop";
    .port_info 5 /OUTPUT 22 "data_out";
    .port_info 6 /OUTPUT 1 "full";
    .port_info 7 /OUTPUT 1 "empty";
v0xb1d9a208f960_0 .net "clk", 0 0, o0xb1d9a2043938;  alias, 0 drivers
v0xb1d9a208fa20_0 .net "data_in", 21 0, L_0xb1d9a20dff90;  alias, 1 drivers
v0xb1d9a208fac0_0 .net "data_out", 21 0, L_0xb1d9a2000800;  alias, 1 drivers
v0xb1d9a208fb60_0 .net "empty", 0 0, L_0xb1d9a20dfbc0;  alias, 1 drivers
v0xb1d9a208fc00_0 .net "full", 0 0, L_0xb1d9a20dfaf0;  alias, 1 drivers
v0xb1d9a208fca0_0 .net "pop", 0 0, o0xb1d9a2043ab8;  alias, 0 drivers
v0xb1d9a208fd40_0 .net "push", 0 0, L_0xb1d9a1fc5f60;  alias, 1 drivers
v0xb1d9a208fde0_0 .net "rst", 0 0, o0xb1d9a2043b18;  alias, 0 drivers
S_0xb1d9a1fb37b0 .scope module, "u_fifo" "fifo" 4 22, 5 4 0, S_0xb1d9a1faf470;
 .timescale 0 0;
    .port_info 0 /INPUT 1 "clk";
    .port_info 1 /INPUT 1 "rst";
    .port_info 2 /INPUT 1 "flush";
    .port_info 3 /INPUT 1 "push";
    .port_info 4 /INPUT 22 "data_in";
    .port_info 5 /INPUT 1 "pop";
    .port_info 6 /OUTPUT 22 "data_out";
    .port_info 7 /OUTPUT 1 "full";
    .port_info 8 /OUTPUT 1 "empty";
P_0xb1d9a1fb3940 .param/l "DATA_WIDTH" 0 5 5, +C4<00000000000000000000000000010110>;
P_0xb1d9a1fb3980 .param/l "DEPTH" 0 5 6, +C4<00000000000000000000000000100000>;
P_0xb1d9a1fb39c0 .param/l "PTR_W" 1 5 22, +C4<00000000000000000000000000000101>;
L_0xb1d9a2000800 .functor BUFZ 22, L_0xb1d9a20dfd00, C4<0000000000000000000000>, C4<0000000000000000000000>, C4<0000000000000000000000>;
L_0xb1d9a2097ab8 .functor BUFT 1, C4<100000>, C4<0>, C4<0>, C4<0>;
v0xb1d9a20041b0_0 .net/2u *"_ivl_0", 5 0, L_0xb1d9a2097ab8;  1 drivers
v0xb1d9a1ffd690_0 .net *"_ivl_10", 6 0, L_0xb1d9a20dfda0;  1 drivers
L_0xb1d9a2097b48 .functor BUFT 1, C4<00>, C4<0>, C4<0>, C4<0>;
v0xb1d9a208eb10_0 .net *"_ivl_13", 1 0, L_0xb1d9a2097b48;  1 drivers
L_0xb1d9a2097b00 .functor BUFT 1, C4<000000>, C4<0>, C4<0>, C4<0>;
v0xb1d9a208ebd0_0 .net/2u *"_ivl_4", 5 0, L_0xb1d9a2097b00;  1 drivers
v0xb1d9a208ecb0_0 .net *"_ivl_8", 21 0, L_0xb1d9a20dfd00;  1 drivers
v0xb1d9a208ede0_0 .net "clk", 0 0, o0xb1d9a2043938;  alias, 0 drivers
v0xb1d9a208eea0_0 .var "count", 5 0;
v0xb1d9a208ef80_0 .net "data_in", 21 0, L_0xb1d9a20dff90;  alias, 1 drivers
v0xb1d9a208f060_0 .net "data_out", 21 0, L_0xb1d9a2000800;  alias, 1 drivers
v0xb1d9a208f140_0 .net "empty", 0 0, L_0xb1d9a20dfbc0;  alias, 1 drivers
L_0xb1d9a2097b90 .functor BUFT 1, C4<0>, C4<0>, C4<0>, C4<0>;
v0xb1d9a208f200_0 .net "flush", 0 0, L_0xb1d9a2097b90;  1 drivers
v0xb1d9a208f2c0_0 .net "full", 0 0, L_0xb1d9a20dfaf0;  alias, 1 drivers
v0xb1d9a208f380_0 .var "head", 4 0;
v0xb1d9a208f460 .array "mem", 31 0, 21 0;
v0xb1d9a208f520_0 .net "pop", 0 0, o0xb1d9a2043ab8;  alias, 0 drivers
v0xb1d9a208f5e0_0 .net "push", 0 0, L_0xb1d9a1fc5f60;  alias, 1 drivers
v0xb1d9a208f6a0_0 .net "rst", 0 0, o0xb1d9a2043b18;  alias, 0 drivers
v0xb1d9a208f760_0 .var "tail", 4 0;
E_0xb1d9a1fc6800 .event posedge, v0xb1d9a208ede0_0;
L_0xb1d9a20dfaf0 .cmp/eq 6, v0xb1d9a208eea0_0, L_0xb1d9a2097ab8;
L_0xb1d9a20dfbc0 .cmp/eq 6, v0xb1d9a208eea0_0, L_0xb1d9a2097b00;
L_0xb1d9a20dfd00 .array/port v0xb1d9a208f460, L_0xb1d9a20dfda0;
L_0xb1d9a20dfda0 .concat [ 5 2 0 0], v0xb1d9a208f760_0, L_0xb1d9a2097b48;
S_0xb1d9a1f74790 .scope module, "job_queue_handler" "job_queue_handler" 6 4;
 .timescale 0 0;
    .port_info 0 /INPUT 1 "clk";
    .port_info 1 /INPUT 1 "rst";
    .port_info 2 /INPUT 18 "sched_coord";
    .port_info 3 /INPUT 1 "sched_push";
    .port_info 4 /OUTPUT 1 "sched_stall";
    .port_info 5 /INPUT 1 "flush";
    .port_info 6 /INPUT 1 "wants_job";
    .port_info 7 /OUTPUT 1 "grant";
    .port_info 8 /OUTPUT 18 "coord_out";
L_0xb1d9a20f0970 .functor BUFZ 1, L_0xb1d9a20f0440, C4<0>, C4<0>, C4<0>;
o0xb1d9a2044928 .functor BUFZ 1, C4<z>; HiZ drive
L_0xb1d9a20f0b10 .functor AND 1, o0xb1d9a2044928, L_0xb1d9a20f0a70, C4<1>, C4<1>;
o0xb1d9a2044988 .functor BUFZ 1, C4<z>; HiZ drive
L_0xb1d9a20f0ce0 .functor AND 1, o0xb1d9a2044988, L_0xb1d9a20f0bb0, C4<1>, C4<1>;
v0xb1d9a2092ca0_0 .net *"_ivl_3", 0 0, L_0xb1d9a20f0a70;  1 drivers
v0xb1d9a2092d80_0 .net *"_ivl_7", 0 0, L_0xb1d9a20f0bb0;  1 drivers
o0xb1d9a20442c8 .functor BUFZ 1, C4<z>; HiZ drive
v0xb1d9a2092e40_0 .net "clk", 0 0, o0xb1d9a20442c8;  0 drivers
v0xb1d9a2092f10_0 .var "coord_out", 17 0;
o0xb1d9a20443b8 .functor BUFZ 1, C4<z>; HiZ drive
v0xb1d9a2092fd0_0 .net "flush", 0 0, o0xb1d9a20443b8;  0 drivers
v0xb1d9a2093110_0 .var "grant", 0 0;
v0xb1d9a20931d0_0 .net "q_data_out", 17 0, L_0xb1d9a20f08b0;  1 drivers
v0xb1d9a20932e0_0 .net "q_empty", 0 0, L_0xb1d9a20f0530;  1 drivers
v0xb1d9a20933d0_0 .net "q_full", 0 0, L_0xb1d9a20f0440;  1 drivers
v0xb1d9a2093500_0 .net "q_pop", 0 0, L_0xb1d9a20f0ce0;  1 drivers
v0xb1d9a20935f0_0 .net "q_push", 0 0, L_0xb1d9a20f0b10;  1 drivers
o0xb1d9a20444a8 .functor BUFZ 1, C4<z>; HiZ drive
v0xb1d9a20936e0_0 .net "rst", 0 0, o0xb1d9a20444a8;  0 drivers
o0xb1d9a2044328 .functor BUFZ 18, C4<zzzzzzzzzzzzzzzzzz>; HiZ drive
v0xb1d9a20937d0_0 .net "sched_coord", 17 0, o0xb1d9a2044328;  0 drivers
v0xb1d9a20938e0_0 .net "sched_push", 0 0, o0xb1d9a2044928;  0 drivers
v0xb1d9a20939a0_0 .net "sched_stall", 0 0, L_0xb1d9a20f0970;  1 drivers
v0xb1d9a2093a60_0 .net "wants_job", 0 0, o0xb1d9a2044988;  0 drivers
L_0xb1d9a20f0a70 .reduce/nor L_0xb1d9a20f0440;
L_0xb1d9a20f0bb0 .reduce/nor L_0xb1d9a20f0530;
S_0xb1d9a2090da0 .scope module, "u_job_queue" "job_queue" 6 27, 7 3 0, S_0xb1d9a1f74790;
 .timescale 0 0;
    .port_info 0 /INPUT 1 "clk";
    .port_info 1 /INPUT 1 "rst";
    .port_info 2 /INPUT 1 "flush";
    .port_info 3 /INPUT 1 "push";
    .port_info 4 /INPUT 18 "data_in";
    .port_info 5 /INPUT 1 "pop";
    .port_info 6 /OUTPUT 18 "data_out";
    .port_info 7 /OUTPUT 1 "full";
    .port_info 8 /OUTPUT 1 "empty";
v0xb1d9a2092630_0 .net "clk", 0 0, o0xb1d9a20442c8;  alias, 0 drivers
v0xb1d9a20926f0_0 .net "data_in", 17 0, o0xb1d9a2044328;  alias, 0 drivers
v0xb1d9a2092790_0 .net "data_out", 17 0, L_0xb1d9a20f08b0;  alias, 1 drivers
v0xb1d9a2092830_0 .net "empty", 0 0, L_0xb1d9a20f0530;  alias, 1 drivers
v0xb1d9a20928d0_0 .net "flush", 0 0, o0xb1d9a20443b8;  alias, 0 drivers
v0xb1d9a2092970_0 .net "full", 0 0, L_0xb1d9a20f0440;  alias, 1 drivers
v0xb1d9a2092a10_0 .net "pop", 0 0, L_0xb1d9a20f0ce0;  alias, 1 drivers
v0xb1d9a2092ae0_0 .net "push", 0 0, L_0xb1d9a20f0b10;  alias, 1 drivers
v0xb1d9a2092bb0_0 .net "rst", 0 0, o0xb1d9a20444a8;  alias, 0 drivers
S_0xb1d9a20910d0 .scope module, "u_fifo" "fifo" 7 23, 5 4 0, S_0xb1d9a2090da0;
 .timescale 0 0;
    .port_info 0 /INPUT 1 "clk";
    .port_info 1 /INPUT 1 "rst";
    .port_info 2 /INPUT 1 "flush";
    .port_info 3 /INPUT 1 "push";
    .port_info 4 /INPUT 18 "data_in";
    .port_info 5 /INPUT 1 "pop";
    .port_info 6 /OUTPUT 18 "data_out";
    .port_info 7 /OUTPUT 1 "full";
    .port_info 8 /OUTPUT 1 "empty";
P_0xb1d9a20912d0 .param/l "DATA_WIDTH" 0 5 5, +C4<00000000000000000000000000010010>;
P_0xb1d9a2091310 .param/l "DEPTH" 0 5 6, +C4<00000000000000000000100000000000>;
P_0xb1d9a2091350 .param/l "PTR_W" 1 5 22, +C4<00000000000000000000000000001011>;
L_0xb1d9a20f08b0 .functor BUFZ 18, L_0xb1d9a20f0670, C4<000000000000000000>, C4<000000000000000000>, C4<000000000000000000>;
L_0xb1d9a2097bd8 .functor BUFT 1, C4<100000000000>, C4<0>, C4<0>, C4<0>;
v0xb1d9a2091600_0 .net/2u *"_ivl_0", 11 0, L_0xb1d9a2097bd8;  1 drivers
v0xb1d9a2091700_0 .net *"_ivl_10", 12 0, L_0xb1d9a20f0710;  1 drivers
L_0xb1d9a2097c68 .functor BUFT 1, C4<00>, C4<0>, C4<0>, C4<0>;
v0xb1d9a20917e0_0 .net *"_ivl_13", 1 0, L_0xb1d9a2097c68;  1 drivers
L_0xb1d9a2097c20 .functor BUFT 1, C4<000000000000>, C4<0>, C4<0>, C4<0>;
v0xb1d9a20918a0_0 .net/2u *"_ivl_4", 11 0, L_0xb1d9a2097c20;  1 drivers
v0xb1d9a2091980_0 .net *"_ivl_8", 17 0, L_0xb1d9a20f0670;  1 drivers
v0xb1d9a2091ab0_0 .net "clk", 0 0, o0xb1d9a20442c8;  alias, 0 drivers
v0xb1d9a2091b70_0 .var "count", 11 0;
v0xb1d9a2091c50_0 .net "data_in", 17 0, o0xb1d9a2044328;  alias, 0 drivers
v0xb1d9a2091d30_0 .net "data_out", 17 0, L_0xb1d9a20f08b0;  alias, 1 drivers
v0xb1d9a2091e10_0 .net "empty", 0 0, L_0xb1d9a20f0530;  alias, 1 drivers
v0xb1d9a2091ed0_0 .net "flush", 0 0, o0xb1d9a20443b8;  alias, 0 drivers
v0xb1d9a2091f90_0 .net "full", 0 0, L_0xb1d9a20f0440;  alias, 1 drivers
v0xb1d9a2092050_0 .var "head", 10 0;
v0xb1d9a2092130 .array "mem", 2047 0, 17 0;
v0xb1d9a20921f0_0 .net "pop", 0 0, L_0xb1d9a20f0ce0;  alias, 1 drivers
v0xb1d9a20922b0_0 .net "push", 0 0, L_0xb1d9a20f0b10;  alias, 1 drivers
v0xb1d9a2092370_0 .net "rst", 0 0, o0xb1d9a20444a8;  alias, 0 drivers
v0xb1d9a2092430_0 .var "tail", 10 0;
E_0xb1d9a1fc6350 .event posedge, v0xb1d9a2091ab0_0;
L_0xb1d9a20f0440 .cmp/eq 12, v0xb1d9a2091b70_0, L_0xb1d9a2097bd8;
L_0xb1d9a20f0530 .cmp/eq 12, v0xb1d9a2091b70_0, L_0xb1d9a2097c20;
L_0xb1d9a20f0670 .array/port v0xb1d9a2092130, L_0xb1d9a20f0710;
L_0xb1d9a20f0710 .concat [ 11 2 0 0], v0xb1d9a2092430_0, L_0xb1d9a2097c68;
S_0xb1d9a1faf2e0 .scope module, "tb_comparator" "tb_comparator" 8 5;
 .timescale -9 -12;
P_0xb1d9a1fbd270 .param/l "CLK_HALF" 1 8 42, +C4<00000000000000000000000000000101>;
v0xb1d9a2096fd0_0 .var "clk", 0 0;
v0xb1d9a2097090_0 .var "comp_data", 21 0;
v0xb1d9a2097130_0 .net "comp_pop", 0 0, L_0xb1d9a20f1a30;  1 drivers
v0xb1d9a20971d0_0 .var "comp_valid", 0 0;
v0xb1d9a2097270_0 .net "complete", 0 0, v0xb1d9a20960e0_0;  1 drivers
v0xb1d9a2097310_0 .var/str "current_suite";
v0xb1d9a20973b0_0 .net "differ", 0 0, v0xb1d9a20961a0_0;  1 drivers
v0xb1d9a2097450_0 .var "expected_count", 10 0;
v0xb1d9a20974f0_0 .var "quad_size", 8 0;
v0xb1d9a2097590_0 .var "rst", 0 0;
v0xb1d9a2097660_0 .var "sched_reset", 0 0;
v0xb1d9a2097730_0 .var/2s "tests_failed", 31 0;
v0xb1d9a20977d0_0 .var/2s "tests_passed", 31 0;
v0xb1d9a2097870_0 .var/2s "tests_run", 31 0;
v0xb1d9a2097910_0 .var "top_left_x", 8 0;
v0xb1d9a20979e0_0 .var "top_left_y", 8 0;
S_0xb1d9a2093c90 .scope autotask, "check" "check" 8 20, 8 20 0, S_0xb1d9a1faf2e0;
 .timescale -9 -12;
v0xb1d9a2093e40_0 .var "cond", 0 0;
v0xb1d9a2093f20_0 .var/str "desc";
TD_tb_comparator.check ;
    ; show_stmt_assign_vector: Get l-value for compressed += operand
    %load/vec4 v0xb1d9a2097870_0;
    %pushi/vec4 1, 0, 32;
    %add;
    %cast2;
    %store/vec4 v0xb1d9a2097870_0, 0, 32;
    %load/vec4 v0xb1d9a2093e40_0;
    %flag_set/vec4 8;
    %jmp/0xz  T_0.0, 8;
    ; show_stmt_assign_vector: Get l-value for compressed += operand
    %load/vec4 v0xb1d9a20977d0_0;
    %pushi/vec4 1, 0, 32;
    %add;
    %cast2;
    %store/vec4 v0xb1d9a20977d0_0, 0, 32;
    %vpi_call/w 8 24 "$display", "  [PASS] %s", v0xb1d9a2093f20_0 {0 0 0};
    %jmp T_0.1;
T_0.0 ;
    ; show_stmt_assign_vector: Get l-value for compressed += operand
    %load/vec4 v0xb1d9a2097730_0;
    %pushi/vec4 1, 0, 32;
    %add;
    %cast2;
    %store/vec4 v0xb1d9a2097730_0, 0, 32;
    %vpi_call/w 8 27 "$display", "  [FAIL] %s  (suite: %s)", v0xb1d9a2093f20_0, v0xb1d9a2097310_0 {0 0 0};
T_0.1 ;
    %end;
S_0xb1d9a2093fe0 .scope autotask, "feed" "feed" 8 79, 8 79 0, S_0xb1d9a1faf2e0;
 .timescale -9 -12;
v0xb1d9a20941e0_0 .var "col", 3 0;
v0xb1d9a20942c0_0 .var "x", 8 0;
v0xb1d9a20943a0_0 .var "y", 8 0;
TD_tb_comparator.feed ;
    %load/vec4 v0xb1d9a20941e0_0;
    %load/vec4 v0xb1d9a20943a0_0;
    %concat/vec4; draw_concat_vec4
    %load/vec4 v0xb1d9a20942c0_0;
    %concat/vec4; draw_concat_vec4
    %store/vec4 v0xb1d9a2097090_0, 0, 22;
    %pushi/vec4 1, 0, 1;
    %store/vec4 v0xb1d9a20971d0_0, 0, 1;
    %alloc S_0xb1d9a2095070;
    %pushi/vec4 1, 0, 32;
    %store/vec4 v0xb1d9a2095250_0, 0, 32;
    %fork TD_tb_comparator.tick, S_0xb1d9a2095070;
    %join;
    %free S_0xb1d9a2095070;
    %pushi/vec4 0, 0, 1;
    %store/vec4 v0xb1d9a20971d0_0, 0, 1;
    %end;
S_0xb1d9a2094460 .scope autotask, "hard_reset" "hard_reset" 8 101, 8 101 0, S_0xb1d9a1faf2e0;
 .timescale -9 -12;
TD_tb_comparator.hard_reset ;
    %pushi/vec4 1, 0, 1;
    %store/vec4 v0xb1d9a2097590_0, 0, 1;
    %alloc S_0xb1d9a2095070;
    %pushi/vec4 2, 0, 32;
    %store/vec4 v0xb1d9a2095250_0, 0, 32;
    %fork TD_tb_comparator.tick, S_0xb1d9a2095070;
    %join;
    %free S_0xb1d9a2095070;
    %pushi/vec4 0, 0, 1;
    %store/vec4 v0xb1d9a2097590_0, 0, 1;
    %alloc S_0xb1d9a2095070;
    %pushi/vec4 1, 0, 32;
    %store/vec4 v0xb1d9a2095250_0, 0, 32;
    %fork TD_tb_comparator.tick, S_0xb1d9a2095070;
    %join;
    %free S_0xb1d9a2095070;
    %end;
S_0xb1d9a2094640 .scope autotask, "load_quad" "load_quad" 8 87, 8 87 0, S_0xb1d9a1faf2e0;
 .timescale -9 -12;
v0xb1d9a2094820_0 .var "exp_count", 10 0;
v0xb1d9a2094900_0 .var "qsize", 8 0;
v0xb1d9a20949e0_0 .var "tlx", 8 0;
v0xb1d9a2094aa0_0 .var "tly", 8 0;
TD_tb_comparator.load_quad ;
    %load/vec4 v0xb1d9a20949e0_0;
    %store/vec4 v0xb1d9a2097910_0, 0, 9;
    %load/vec4 v0xb1d9a2094aa0_0;
    %store/vec4 v0xb1d9a20979e0_0, 0, 9;
    %load/vec4 v0xb1d9a2094900_0;
    %store/vec4 v0xb1d9a20974f0_0, 0, 9;
    %load/vec4 v0xb1d9a2094820_0;
    %store/vec4 v0xb1d9a2097450_0, 0, 11;
    %pushi/vec4 1, 0, 1;
    %store/vec4 v0xb1d9a2097660_0, 0, 1;
    %alloc S_0xb1d9a2095070;
    %pushi/vec4 1, 0, 32;
    %store/vec4 v0xb1d9a2095250_0, 0, 32;
    %fork TD_tb_comparator.tick, S_0xb1d9a2095070;
    %join;
    %free S_0xb1d9a2095070;
    %pushi/vec4 0, 0, 1;
    %store/vec4 v0xb1d9a2097660_0, 0, 1;
    %alloc S_0xb1d9a2095070;
    %pushi/vec4 1, 0, 32;
    %store/vec4 v0xb1d9a2095250_0, 0, 32;
    %fork TD_tb_comparator.tick, S_0xb1d9a2095070;
    %join;
    %free S_0xb1d9a2095070;
    %end;
S_0xb1d9a2094b80 .scope autotask, "suite" "suite" 8 13, 8 13 0, S_0xb1d9a1faf2e0;
 .timescale -9 -12;
v0xb1d9a2094db0_0 .var/str "name";
TD_tb_comparator.suite ;
    %load/str v0xb1d9a2094db0_0;
    %store/str v0xb1d9a2097310_0;
    %vpi_call/w 8 15 "$display", "\012%0s", "========================================================================" {0 0 0};
    %vpi_call/w 8 16 "$display", "  SUITE: %s", v0xb1d9a2094db0_0 {0 0 0};
    %vpi_call/w 8 17 "$display", "%0s", "========================================================================" {0 0 0};
    %end;
S_0xb1d9a2094e90 .scope autotask, "summary" "summary" 8 31, 8 31 0, S_0xb1d9a1faf2e0;
 .timescale -9 -12;
TD_tb_comparator.summary ;
    %vpi_call/w 8 32 "$display", "\012%0s", "========================================================================" {0 0 0};
    %vpi_call/w 8 33 "$display", "  RESULTS: %0d / %0d passed", v0xb1d9a20977d0_0, v0xb1d9a2097870_0 {0 0 0};
    %load/vec4 v0xb1d9a2097730_0;
    %cmpi/e 0, 0, 32;
    %jmp/0xz  T_5.2, 4;
    %vpi_call/w 8 35 "$display", "  ALL TESTS PASSED" {0 0 0};
    %jmp T_5.3;
T_5.2 ;
    %vpi_call/w 8 37 "$display", "  %0d TEST(S) FAILED", v0xb1d9a2097730_0 {0 0 0};
T_5.3 ;
    %vpi_call/w 8 38 "$display", "%0s\012", "========================================================================" {0 0 0};
    %end;
S_0xb1d9a2095070 .scope autotask, "tick" "tick" 8 46, 8 46 0, S_0xb1d9a1faf2e0;
 .timescale -9 -12;
v0xb1d9a2095250_0 .var/2s "n", 31 0;
TD_tb_comparator.tick ;
    %load/vec4 v0xb1d9a2095250_0;
T_6.4 %dup/vec4;
    %pushi/vec4 0, 0, 32;
    %cmp/s;
    %jmp/1xz T_6.5, 5;
    %jmp/1 T_6.5, 4;
    %pushi/vec4 1, 0, 32;
    %sub;
    %wait E_0xb1d9a1fc64d0;
    %jmp T_6.4;
T_6.5 ;
    %pop/vec4 1;
    %delay 1000, 0;
    %end;
S_0xb1d9a2095350 .scope module, "u_comp" "comparator" 8 61, 9 4 0, S_0xb1d9a1faf2e0;
 .timescale 0 0;
    .port_info 0 /INPUT 1 "clk";
    .port_info 1 /INPUT 1 "rst";
    .port_info 2 /INPUT 1 "sched_reset";
    .port_info 3 /INPUT 9 "top_left_x";
    .port_info 4 /INPUT 9 "top_left_y";
    .port_info 5 /INPUT 9 "quad_size";
    .port_info 6 /INPUT 11 "expected_count";
    .port_info 7 /INPUT 1 "comp_valid";
    .port_info 8 /INPUT 22 "comp_data";
    .port_info 9 /OUTPUT 1 "comp_pop";
    .port_info 10 /OUTPUT 1 "differ";
    .port_info 11 /OUTPUT 1 "complete";
L_0xb1d9a20f1260 .functor AND 1, L_0xb1d9a20f1070, L_0xb1d9a20f1320, C4<1>, C4<1>;
L_0xb1d9a20f1630 .functor AND 1, L_0xb1d9a20f1260, L_0xb1d9a20f14f0, C4<1>, C4<1>;
L_0xb1d9a20f17e0 .functor AND 1, L_0xb1d9a20f1630, L_0xb1d9a20f18a0, C4<1>, C4<1>;
L_0xb1d9a20f1a30 .functor BUFZ 1, v0xb1d9a20971d0_0, C4<0>, C4<0>, C4<0>;
v0xb1d9a20956a0_0 .net *"_ivl_10", 0 0, L_0xb1d9a20f1320;  1 drivers
v0xb1d9a2095780_0 .net *"_ivl_13", 0 0, L_0xb1d9a20f1260;  1 drivers
v0xb1d9a2095840_0 .net *"_ivl_14", 0 0, L_0xb1d9a20f14f0;  1 drivers
v0xb1d9a20958e0_0 .net *"_ivl_17", 0 0, L_0xb1d9a20f1630;  1 drivers
v0xb1d9a20959a0_0 .net *"_ivl_18", 8 0, L_0xb1d9a20f1740;  1 drivers
v0xb1d9a2095ad0_0 .net *"_ivl_20", 0 0, L_0xb1d9a20f18a0;  1 drivers
v0xb1d9a2095b90_0 .net *"_ivl_6", 0 0, L_0xb1d9a20f1070;  1 drivers
v0xb1d9a2095c50_0 .net *"_ivl_8", 8 0, L_0xb1d9a20f11c0;  1 drivers
v0xb1d9a2095d30_0 .net "clk", 0 0, v0xb1d9a2096fd0_0;  1 drivers
v0xb1d9a2095e80_0 .net "comp_data", 21 0, v0xb1d9a2097090_0;  1 drivers
v0xb1d9a2095f60_0 .net "comp_pop", 0 0, L_0xb1d9a20f1a30;  alias, 1 drivers
v0xb1d9a2096020_0 .net "comp_valid", 0 0, v0xb1d9a20971d0_0;  1 drivers
v0xb1d9a20960e0_0 .var "complete", 0 0;
v0xb1d9a20961a0_0 .var "differ", 0 0;
v0xb1d9a2096260_0 .net "entry_colour", 3 0, L_0xb1d9a20f0f10;  1 drivers
v0xb1d9a2096340_0 .net "entry_x", 8 0, L_0xb1d9a20f0d80;  1 drivers
v0xb1d9a2096420_0 .net "entry_y", 8 0, L_0xb1d9a20f0e70;  1 drivers
v0xb1d9a2096610_0 .net "expected_count", 10 0, v0xb1d9a2097450_0;  1 drivers
v0xb1d9a20966f0_0 .net "in_bounds", 0 0, L_0xb1d9a20f17e0;  1 drivers
v0xb1d9a20967b0_0 .net "quad_size", 8 0, v0xb1d9a20974f0_0;  1 drivers
v0xb1d9a2096890_0 .var "ref_colour", 3 0;
v0xb1d9a2096970_0 .var "ref_valid", 0 0;
v0xb1d9a2096a30_0 .net "rst", 0 0, v0xb1d9a2097590_0;  1 drivers
v0xb1d9a2096af0_0 .net "sched_reset", 0 0, v0xb1d9a2097660_0;  1 drivers
v0xb1d9a2096bb0_0 .var "seen_count", 10 0;
v0xb1d9a2096c90_0 .net "top_left_x", 8 0, v0xb1d9a2097910_0;  1 drivers
v0xb1d9a2096d70_0 .net "top_left_y", 8 0, v0xb1d9a20979e0_0;  1 drivers
E_0xb1d9a1fc64d0 .event posedge, v0xb1d9a2095d30_0;
L_0xb1d9a20f0d80 .part v0xb1d9a2097090_0, 0, 9;
L_0xb1d9a20f0e70 .part v0xb1d9a2097090_0, 9, 9;
L_0xb1d9a20f0f10 .part v0xb1d9a2097090_0, 18, 4;
L_0xb1d9a20f1070 .cmp/ge 9, L_0xb1d9a20f0d80, v0xb1d9a2097910_0;
L_0xb1d9a20f11c0 .arith/sum 9, v0xb1d9a2097910_0, v0xb1d9a20974f0_0;
L_0xb1d9a20f1320 .cmp/gt 9, L_0xb1d9a20f11c0, L_0xb1d9a20f0d80;
L_0xb1d9a20f14f0 .cmp/ge 9, L_0xb1d9a20f0e70, v0xb1d9a20979e0_0;
L_0xb1d9a20f1740 .arith/sum 9, v0xb1d9a20979e0_0, v0xb1d9a20974f0_0;
L_0xb1d9a20f18a0 .cmp/gt 9, L_0xb1d9a20f1740, L_0xb1d9a20f0e70;
    .scope S_0xb1d9a1fb37b0;
T_7 ;
    %wait E_0xb1d9a1fc6800;
    %load/vec4 v0xb1d9a208f6a0_0;
    %flag_set/vec4 8;
    %jmp/1 T_7.2, 8;
    %load/vec4 v0xb1d9a208f200_0;
    %flag_set/vec4 9;
    %flag_or 8, 9;
T_7.2;
    %jmp/0xz  T_7.0, 8;
    %pushi/vec4 0, 0, 5;
    %assign/vec4 v0xb1d9a208f380_0, 0;
    %pushi/vec4 0, 0, 5;
    %assign/vec4 v0xb1d9a208f760_0, 0;
    %pushi/vec4 0, 0, 6;
    %assign/vec4 v0xb1d9a208eea0_0, 0;
    %jmp T_7.1;
T_7.0 ;
    %load/vec4 v0xb1d9a208f5e0_0;
    %flag_set/vec4 9;
    %flag_get/vec4 9;
    %jmp/0 T_7.5, 9;
    %load/vec4 v0xb1d9a208f2c0_0;
    %nor/r;
    %and;
T_7.5;
    %flag_set/vec4 8;
    %jmp/0xz  T_7.3, 8;
    %load/vec4 v0xb1d9a208ef80_0;
    %load/vec4 v0xb1d9a208f380_0;
    %pad/u 7;
    %ix/vec4 3;
    %ix/load 4, 0, 0; Constant delay
    %assign/vec4/a/d v0xb1d9a208f460, 0, 4;
    %load/vec4 v0xb1d9a208f380_0;
    %addi 1, 0, 5;
    %assign/vec4 v0xb1d9a208f380_0, 0;
T_7.3 ;
    %load/vec4 v0xb1d9a208f520_0;
    %flag_set/vec4 9;
    %flag_get/vec4 9;
    %jmp/0 T_7.8, 9;
    %load/vec4 v0xb1d9a208f140_0;
    %nor/r;
    %and;
T_7.8;
    %flag_set/vec4 8;
    %jmp/0xz  T_7.6, 8;
    %load/vec4 v0xb1d9a208f760_0;
    %addi 1, 0, 5;
    %assign/vec4 v0xb1d9a208f760_0, 0;
T_7.6 ;
    %load/vec4 v0xb1d9a208f5e0_0;
    %flag_set/vec4 8;
    %flag_get/vec4 8;
    %jmp/0 T_7.13, 8;
    %load/vec4 v0xb1d9a208f2c0_0;
    %nor/r;
    %and;
T_7.13;
    %load/vec4 v0xb1d9a208f520_0;
    %flag_set/vec4 8;
    %flag_get/vec4 8;
    %jmp/0 T_7.14, 8;
    %load/vec4 v0xb1d9a208f140_0;
    %nor/r;
    %and;
T_7.14;
    %concat/vec4; draw_concat_vec4
    %dup/vec4;
    %pushi/vec4 2, 0, 2;
    %cmp/u;
    %jmp/1 T_7.9, 6;
    %dup/vec4;
    %pushi/vec4 1, 0, 2;
    %cmp/u;
    %jmp/1 T_7.10, 6;
    %load/vec4 v0xb1d9a208eea0_0;
    %assign/vec4 v0xb1d9a208eea0_0, 0;
    %jmp T_7.12;
T_7.9 ;
    %load/vec4 v0xb1d9a208eea0_0;
    %addi 1, 0, 6;
    %assign/vec4 v0xb1d9a208eea0_0, 0;
    %jmp T_7.12;
T_7.10 ;
    %load/vec4 v0xb1d9a208eea0_0;
    %subi 1, 0, 6;
    %assign/vec4 v0xb1d9a208eea0_0, 0;
    %jmp T_7.12;
T_7.12 ;
    %pop/vec4 1;
T_7.1 ;
    %jmp T_7;
    .thread T_7;
    .scope S_0xb1d9a20910d0;
T_8 ;
    %wait E_0xb1d9a1fc6350;
    %load/vec4 v0xb1d9a2092370_0;
    %flag_set/vec4 8;
    %jmp/1 T_8.2, 8;
    %load/vec4 v0xb1d9a2091ed0_0;
    %flag_set/vec4 9;
    %flag_or 8, 9;
T_8.2;
    %jmp/0xz  T_8.0, 8;
    %pushi/vec4 0, 0, 11;
    %assign/vec4 v0xb1d9a2092050_0, 0;
    %pushi/vec4 0, 0, 11;
    %assign/vec4 v0xb1d9a2092430_0, 0;
    %pushi/vec4 0, 0, 12;
    %assign/vec4 v0xb1d9a2091b70_0, 0;
    %jmp T_8.1;
T_8.0 ;
    %load/vec4 v0xb1d9a20922b0_0;
    %flag_set/vec4 9;
    %flag_get/vec4 9;
    %jmp/0 T_8.5, 9;
    %load/vec4 v0xb1d9a2091f90_0;
    %nor/r;
    %and;
T_8.5;
    %flag_set/vec4 8;
    %jmp/0xz  T_8.3, 8;
    %load/vec4 v0xb1d9a2091c50_0;
    %load/vec4 v0xb1d9a2092050_0;
    %pad/u 13;
    %ix/vec4 3;
    %ix/load 4, 0, 0; Constant delay
    %assign/vec4/a/d v0xb1d9a2092130, 0, 4;
    %load/vec4 v0xb1d9a2092050_0;
    %addi 1, 0, 11;
    %assign/vec4 v0xb1d9a2092050_0, 0;
T_8.3 ;
    %load/vec4 v0xb1d9a20921f0_0;
    %flag_set/vec4 9;
    %flag_get/vec4 9;
    %jmp/0 T_8.8, 9;
    %load/vec4 v0xb1d9a2091e10_0;
    %nor/r;
    %and;
T_8.8;
    %flag_set/vec4 8;
    %jmp/0xz  T_8.6, 8;
    %load/vec4 v0xb1d9a2092430_0;
    %addi 1, 0, 11;
    %assign/vec4 v0xb1d9a2092430_0, 0;
T_8.6 ;
    %load/vec4 v0xb1d9a20922b0_0;
    %flag_set/vec4 8;
    %flag_get/vec4 8;
    %jmp/0 T_8.13, 8;
    %load/vec4 v0xb1d9a2091f90_0;
    %nor/r;
    %and;
T_8.13;
    %load/vec4 v0xb1d9a20921f0_0;
    %flag_set/vec4 8;
    %flag_get/vec4 8;
    %jmp/0 T_8.14, 8;
    %load/vec4 v0xb1d9a2091e10_0;
    %nor/r;
    %and;
T_8.14;
    %concat/vec4; draw_concat_vec4
    %dup/vec4;
    %pushi/vec4 2, 0, 2;
    %cmp/u;
    %jmp/1 T_8.9, 6;
    %dup/vec4;
    %pushi/vec4 1, 0, 2;
    %cmp/u;
    %jmp/1 T_8.10, 6;
    %load/vec4 v0xb1d9a2091b70_0;
    %assign/vec4 v0xb1d9a2091b70_0, 0;
    %jmp T_8.12;
T_8.9 ;
    %load/vec4 v0xb1d9a2091b70_0;
    %addi 1, 0, 12;
    %assign/vec4 v0xb1d9a2091b70_0, 0;
    %jmp T_8.12;
T_8.10 ;
    %load/vec4 v0xb1d9a2091b70_0;
    %subi 1, 0, 12;
    %assign/vec4 v0xb1d9a2091b70_0, 0;
    %jmp T_8.12;
T_8.12 ;
    %pop/vec4 1;
T_8.1 ;
    %jmp T_8;
    .thread T_8;
    .scope S_0xb1d9a1f74790;
T_9 ;
    %wait E_0xb1d9a1fc6350;
    %load/vec4 v0xb1d9a20936e0_0;
    %flag_set/vec4 8;
    %jmp/1 T_9.2, 8;
    %load/vec4 v0xb1d9a2092fd0_0;
    %flag_set/vec4 9;
    %flag_or 8, 9;
T_9.2;
    %jmp/0xz  T_9.0, 8;
    %pushi/vec4 0, 0, 1;
    %assign/vec4 v0xb1d9a2093110_0, 0;
    %pushi/vec4 0, 0, 18;
    %assign/vec4 v0xb1d9a2092f10_0, 0;
    %jmp T_9.1;
T_9.0 ;
    %load/vec4 v0xb1d9a2093a60_0;
    %flag_set/vec4 8;
    %flag_get/vec4 8;
    %jmp/0 T_9.3, 8;
    %load/vec4 v0xb1d9a20932e0_0;
    %nor/r;
    %and;
T_9.3;
    %assign/vec4 v0xb1d9a2093110_0, 0;
    %load/vec4 v0xb1d9a20931d0_0;
    %assign/vec4 v0xb1d9a2092f10_0, 0;
T_9.1 ;
    %jmp T_9;
    .thread T_9;
    .scope S_0xb1d9a2095350;
T_10 ;
    %wait E_0xb1d9a1fc64d0;
    %load/vec4 v0xb1d9a2096a30_0;
    %flag_set/vec4 8;
    %jmp/0xz  T_10.0, 8;
    %pushi/vec4 0, 0, 1;
    %assign/vec4 v0xb1d9a20961a0_0, 0;
    %pushi/vec4 0, 0, 1;
    %assign/vec4 v0xb1d9a20960e0_0, 0;
    %pushi/vec4 0, 0, 4;
    %assign/vec4 v0xb1d9a2096890_0, 0;
    %pushi/vec4 0, 0, 1;
    %assign/vec4 v0xb1d9a2096970_0, 0;
    %pushi/vec4 0, 0, 11;
    %assign/vec4 v0xb1d9a2096bb0_0, 0;
    %jmp T_10.1;
T_10.0 ;
    %load/vec4 v0xb1d9a2096af0_0;
    %flag_set/vec4 8;
    %jmp/0xz  T_10.2, 8;
    %pushi/vec4 0, 0, 1;
    %assign/vec4 v0xb1d9a20961a0_0, 0;
    %pushi/vec4 0, 0, 1;
    %assign/vec4 v0xb1d9a20960e0_0, 0;
    %pushi/vec4 0, 0, 4;
    %assign/vec4 v0xb1d9a2096890_0, 0;
    %pushi/vec4 0, 0, 1;
    %assign/vec4 v0xb1d9a2096970_0, 0;
    %pushi/vec4 0, 0, 11;
    %assign/vec4 v0xb1d9a2096bb0_0, 0;
    %jmp T_10.3;
T_10.2 ;
    %load/vec4 v0xb1d9a2096020_0;
    %flag_set/vec4 9;
    %flag_get/vec4 9;
    %jmp/0 T_10.6, 9;
    %load/vec4 v0xb1d9a20966f0_0;
    %and;
T_10.6;
    %flag_set/vec4 8;
    %jmp/0xz  T_10.4, 8;
    %load/vec4 v0xb1d9a2096970_0;
    %nor/r;
    %flag_set/vec4 8;
    %jmp/0xz  T_10.7, 8;
    %load/vec4 v0xb1d9a2096260_0;
    %assign/vec4 v0xb1d9a2096890_0, 0;
    %pushi/vec4 1, 0, 1;
    %assign/vec4 v0xb1d9a2096970_0, 0;
    %jmp T_10.8;
T_10.7 ;
    %load/vec4 v0xb1d9a2096260_0;
    %load/vec4 v0xb1d9a2096890_0;
    %cmp/ne;
    %jmp/0xz  T_10.9, 4;
    %pushi/vec4 1, 0, 1;
    %assign/vec4 v0xb1d9a20961a0_0, 0;
T_10.9 ;
T_10.8 ;
    %load/vec4 v0xb1d9a2096bb0_0;
    %addi 1, 0, 11;
    %assign/vec4 v0xb1d9a2096bb0_0, 0;
    %load/vec4 v0xb1d9a2096bb0_0;
    %addi 1, 0, 11;
    %load/vec4 v0xb1d9a2096610_0;
    %cmp/e;
    %jmp/0xz  T_10.11, 4;
    %pushi/vec4 1, 0, 1;
    %assign/vec4 v0xb1d9a20960e0_0, 0;
T_10.11 ;
T_10.4 ;
T_10.3 ;
T_10.1 ;
    %jmp T_10;
    .thread T_10;
    .scope S_0xb1d9a1faf2e0;
T_11 ;
    %pushi/vec4 0, 0, 32;
    %store/vec4 v0xb1d9a2097870_0, 0, 32;
    %pushi/vec4 0, 0, 32;
    %store/vec4 v0xb1d9a20977d0_0, 0, 32;
    %pushi/vec4 0, 0, 32;
    %store/vec4 v0xb1d9a2097730_0, 0, 32;
    %pushi/str "";
    %store/str v0xb1d9a2097310_0;
    %pushi/vec4 0, 0, 1;
    %store/vec4 v0xb1d9a2096fd0_0, 0, 1;
    %end;
    .thread T_11, $init;
    .scope S_0xb1d9a1faf2e0;
T_12 ;
    %delay 5000, 0;
    %load/vec4 v0xb1d9a2096fd0_0;
    %inv;
    %store/vec4 v0xb1d9a2096fd0_0, 0, 1;
    %jmp T_12;
    .thread T_12;
    .scope S_0xb1d9a1faf2e0;
T_13 ;
    %vpi_call/w 8 107 "$dumpfile", "sim/waves/tb_comparator.vcd" {0 0 0};
    %vpi_call/w 8 108 "$dumpvars", 32'sb00000000000000000000000000000000, S_0xb1d9a1faf2e0 {0 0 0};
    %pushi/vec4 0, 0, 1;
    %store/vec4 v0xb1d9a2097590_0, 0, 1;
    %pushi/vec4 0, 0, 1;
    %store/vec4 v0xb1d9a2097660_0, 0, 1;
    %pushi/vec4 0, 0, 1;
    %store/vec4 v0xb1d9a20971d0_0, 0, 1;
    %pushi/vec4 0, 0, 22;
    %store/vec4 v0xb1d9a2097090_0, 0, 22;
    %pushi/vec4 0, 0, 9;
    %store/vec4 v0xb1d9a2097910_0, 0, 9;
    %pushi/vec4 0, 0, 9;
    %store/vec4 v0xb1d9a20979e0_0, 0, 9;
    %pushi/vec4 0, 0, 9;
    %store/vec4 v0xb1d9a20974f0_0, 0, 9;
    %pushi/vec4 0, 0, 11;
    %store/vec4 v0xb1d9a2097450_0, 0, 11;
    %alloc S_0xb1d9a2094b80;
    %pushi/str "RESET \342\200\224 hard reset clears all state";
    %store/str v0xb1d9a2094db0_0;
    %fork TD_tb_comparator.suite, S_0xb1d9a2094b80;
    %join;
    %free S_0xb1d9a2094b80;
    %alloc S_0xb1d9a2094460;
    %fork TD_tb_comparator.hard_reset, S_0xb1d9a2094460;
    %join;
    %free S_0xb1d9a2094460;
    %alloc S_0xb1d9a2093c90;
    %load/vec4 v0xb1d9a20973b0_0;
    %nor/r;
    %store/vec4 v0xb1d9a2093e40_0, 0, 1;
    %pushi/str "differ low on reset";
    %store/str v0xb1d9a2093f20_0;
    %fork TD_tb_comparator.check, S_0xb1d9a2093c90;
    %join;
    %free S_0xb1d9a2093c90;
    %alloc S_0xb1d9a2093c90;
    %load/vec4 v0xb1d9a2097270_0;
    %nor/r;
    %store/vec4 v0xb1d9a2093e40_0, 0, 1;
    %pushi/str "complete low on reset";
    %store/str v0xb1d9a2093f20_0;
    %fork TD_tb_comparator.check, S_0xb1d9a2093c90;
    %join;
    %free S_0xb1d9a2093c90;
    %alloc S_0xb1d9a2093c90;
    %load/vec4 v0xb1d9a2097130_0;
    %nor/r;
    %store/vec4 v0xb1d9a2093e40_0, 0, 1;
    %pushi/str "comp_pop low when no valid data";
    %store/str v0xb1d9a2093f20_0;
    %fork TD_tb_comparator.check, S_0xb1d9a2093c90;
    %join;
    %free S_0xb1d9a2093c90;
    %alloc S_0xb1d9a2094b80;
    %pushi/str "RESET \342\200\224 sched_reset clears state";
    %store/str v0xb1d9a2094db0_0;
    %fork TD_tb_comparator.suite, S_0xb1d9a2094b80;
    %join;
    %free S_0xb1d9a2094b80;
    %alloc S_0xb1d9a2094460;
    %fork TD_tb_comparator.hard_reset, S_0xb1d9a2094460;
    %join;
    %free S_0xb1d9a2094460;
    %alloc S_0xb1d9a2094640;
    %pushi/vec4 0, 0, 9;
    %store/vec4 v0xb1d9a20949e0_0, 0, 9;
    %pushi/vec4 0, 0, 9;
    %store/vec4 v0xb1d9a2094aa0_0, 0, 9;
    %pushi/vec4 4, 0, 9;
    %store/vec4 v0xb1d9a2094900_0, 0, 9;
    %pushi/vec4 4, 0, 11;
    %store/vec4 v0xb1d9a2094820_0, 0, 11;
    %fork TD_tb_comparator.load_quad, S_0xb1d9a2094640;
    %join;
    %free S_0xb1d9a2094640;
    %alloc S_0xb1d9a2093fe0;
    %pushi/vec4 0, 0, 9;
    %store/vec4 v0xb1d9a20942c0_0, 0, 9;
    %pushi/vec4 0, 0, 9;
    %store/vec4 v0xb1d9a20943a0_0, 0, 9;
    %pushi/vec4 10, 0, 4;
    %store/vec4 v0xb1d9a20941e0_0, 0, 4;
    %fork TD_tb_comparator.feed, S_0xb1d9a2093fe0;
    %join;
    %free S_0xb1d9a2093fe0;
    %alloc S_0xb1d9a2093fe0;
    %pushi/vec4 1, 0, 9;
    %store/vec4 v0xb1d9a20942c0_0, 0, 9;
    %pushi/vec4 0, 0, 9;
    %store/vec4 v0xb1d9a20943a0_0, 0, 9;
    %pushi/vec4 11, 0, 4;
    %store/vec4 v0xb1d9a20941e0_0, 0, 4;
    %fork TD_tb_comparator.feed, S_0xb1d9a2093fe0;
    %join;
    %free S_0xb1d9a2093fe0;
    %alloc S_0xb1d9a2095070;
    %pushi/vec4 1, 0, 32;
    %store/vec4 v0xb1d9a2095250_0, 0, 32;
    %fork TD_tb_comparator.tick, S_0xb1d9a2095070;
    %join;
    %free S_0xb1d9a2095070;
    %alloc S_0xb1d9a2093c90;
    %load/vec4 v0xb1d9a20973b0_0;
    %store/vec4 v0xb1d9a2093e40_0, 0, 1;
    %pushi/str "differ latched before sched_reset";
    %store/str v0xb1d9a2093f20_0;
    %fork TD_tb_comparator.check, S_0xb1d9a2093c90;
    %join;
    %free S_0xb1d9a2093c90;
    %alloc S_0xb1d9a2094640;
    %pushi/vec4 0, 0, 9;
    %store/vec4 v0xb1d9a20949e0_0, 0, 9;
    %pushi/vec4 0, 0, 9;
    %store/vec4 v0xb1d9a2094aa0_0, 0, 9;
    %pushi/vec4 4, 0, 9;
    %store/vec4 v0xb1d9a2094900_0, 0, 9;
    %pushi/vec4 4, 0, 11;
    %store/vec4 v0xb1d9a2094820_0, 0, 11;
    %fork TD_tb_comparator.load_quad, S_0xb1d9a2094640;
    %join;
    %free S_0xb1d9a2094640;
    %alloc S_0xb1d9a2093c90;
    %load/vec4 v0xb1d9a20973b0_0;
    %nor/r;
    %store/vec4 v0xb1d9a2093e40_0, 0, 1;
    %pushi/str "differ cleared by sched_reset";
    %store/str v0xb1d9a2093f20_0;
    %fork TD_tb_comparator.check, S_0xb1d9a2093c90;
    %join;
    %free S_0xb1d9a2093c90;
    %alloc S_0xb1d9a2093c90;
    %load/vec4 v0xb1d9a2097270_0;
    %nor/r;
    %store/vec4 v0xb1d9a2093e40_0, 0, 1;
    %pushi/str "complete cleared by sched_reset";
    %store/str v0xb1d9a2093f20_0;
    %fork TD_tb_comparator.check, S_0xb1d9a2093c90;
    %join;
    %free S_0xb1d9a2093c90;
    %alloc S_0xb1d9a2094b80;
    %pushi/str "BOUNDS \342\200\224 in-bounds entry is processed";
    %store/str v0xb1d9a2094db0_0;
    %fork TD_tb_comparator.suite, S_0xb1d9a2094b80;
    %join;
    %free S_0xb1d9a2094b80;
    %alloc S_0xb1d9a2094460;
    %fork TD_tb_comparator.hard_reset, S_0xb1d9a2094460;
    %join;
    %free S_0xb1d9a2094460;
    %alloc S_0xb1d9a2094640;
    %pushi/vec4 10, 0, 9;
    %store/vec4 v0xb1d9a20949e0_0, 0, 9;
    %pushi/vec4 10, 0, 9;
    %store/vec4 v0xb1d9a2094aa0_0, 0, 9;
    %pushi/vec4 8, 0, 9;
    %store/vec4 v0xb1d9a2094900_0, 0, 9;
    %pushi/vec4 1, 0, 11;
    %store/vec4 v0xb1d9a2094820_0, 0, 11;
    %fork TD_tb_comparator.load_quad, S_0xb1d9a2094640;
    %join;
    %free S_0xb1d9a2094640;
    %alloc S_0xb1d9a2093fe0;
    %pushi/vec4 10, 0, 9;
    %store/vec4 v0xb1d9a20942c0_0, 0, 9;
    %pushi/vec4 10, 0, 9;
    %store/vec4 v0xb1d9a20943a0_0, 0, 9;
    %pushi/vec4 12, 0, 4;
    %store/vec4 v0xb1d9a20941e0_0, 0, 4;
    %fork TD_tb_comparator.feed, S_0xb1d9a2093fe0;
    %join;
    %free S_0xb1d9a2093fe0;
    %alloc S_0xb1d9a2095070;
    %pushi/vec4 1, 0, 32;
    %store/vec4 v0xb1d9a2095250_0, 0, 32;
    %fork TD_tb_comparator.tick, S_0xb1d9a2095070;
    %join;
    %free S_0xb1d9a2095070;
    %alloc S_0xb1d9a2093c90;
    %load/vec4 v0xb1d9a20973b0_0;
    %nor/r;
    %store/vec4 v0xb1d9a2093e40_0, 0, 1;
    %pushi/str "no differ for single in-bounds entry (becomes reference)";
    %store/str v0xb1d9a2093f20_0;
    %fork TD_tb_comparator.check, S_0xb1d9a2093c90;
    %join;
    %free S_0xb1d9a2093c90;
    %alloc S_0xb1d9a2094b80;
    %pushi/str "BOUNDS \342\200\224 out-of-bounds entry is discarded";
    %store/str v0xb1d9a2094db0_0;
    %fork TD_tb_comparator.suite, S_0xb1d9a2094b80;
    %join;
    %free S_0xb1d9a2094b80;
    %alloc S_0xb1d9a2094460;
    %fork TD_tb_comparator.hard_reset, S_0xb1d9a2094460;
    %join;
    %free S_0xb1d9a2094460;
    %alloc S_0xb1d9a2094640;
    %pushi/vec4 10, 0, 9;
    %store/vec4 v0xb1d9a20949e0_0, 0, 9;
    %pushi/vec4 10, 0, 9;
    %store/vec4 v0xb1d9a2094aa0_0, 0, 9;
    %pushi/vec4 8, 0, 9;
    %store/vec4 v0xb1d9a2094900_0, 0, 9;
    %pushi/vec4 2, 0, 11;
    %store/vec4 v0xb1d9a2094820_0, 0, 11;
    %fork TD_tb_comparator.load_quad, S_0xb1d9a2094640;
    %join;
    %free S_0xb1d9a2094640;
    %alloc S_0xb1d9a2093fe0;
    %pushi/vec4 5, 0, 9;
    %store/vec4 v0xb1d9a20942c0_0, 0, 9;
    %pushi/vec4 5, 0, 9;
    %store/vec4 v0xb1d9a20943a0_0, 0, 9;
    %pushi/vec4 10, 0, 4;
    %store/vec4 v0xb1d9a20941e0_0, 0, 4;
    %fork TD_tb_comparator.feed, S_0xb1d9a2093fe0;
    %join;
    %free S_0xb1d9a2093fe0;
    %alloc S_0xb1d9a2095070;
    %pushi/vec4 1, 0, 32;
    %store/vec4 v0xb1d9a2095250_0, 0, 32;
    %fork TD_tb_comparator.tick, S_0xb1d9a2095070;
    %join;
    %free S_0xb1d9a2095070;
    %alloc S_0xb1d9a2093c90;
    %load/vec4 v0xb1d9a20973b0_0;
    %nor/r;
    %store/vec4 v0xb1d9a2093e40_0, 0, 1;
    %pushi/str "differ not set by out-of-bounds entry";
    %store/str v0xb1d9a2093f20_0;
    %fork TD_tb_comparator.check, S_0xb1d9a2093c90;
    %join;
    %free S_0xb1d9a2093c90;
    %alloc S_0xb1d9a2093c90;
    %load/vec4 v0xb1d9a2097270_0;
    %nor/r;
    %store/vec4 v0xb1d9a2093e40_0, 0, 1;
    %pushi/str "complete not set by out-of-bounds entry";
    %store/str v0xb1d9a2093f20_0;
    %fork TD_tb_comparator.check, S_0xb1d9a2093c90;
    %join;
    %free S_0xb1d9a2093c90;
    %alloc S_0xb1d9a2093fe0;
    %pushi/vec4 10, 0, 9;
    %store/vec4 v0xb1d9a20942c0_0, 0, 9;
    %pushi/vec4 10, 0, 9;
    %store/vec4 v0xb1d9a20943a0_0, 0, 9;
    %pushi/vec4 10, 0, 4;
    %store/vec4 v0xb1d9a20941e0_0, 0, 4;
    %fork TD_tb_comparator.feed, S_0xb1d9a2093fe0;
    %join;
    %free S_0xb1d9a2093fe0;
    %alloc S_0xb1d9a2095070;
    %pushi/vec4 1, 0, 32;
    %store/vec4 v0xb1d9a2095250_0, 0, 32;
    %fork TD_tb_comparator.tick, S_0xb1d9a2095070;
    %join;
    %free S_0xb1d9a2095070;
    %alloc S_0xb1d9a2093c90;
    %load/vec4 v0xb1d9a20973b0_0;
    %nor/r;
    %store/vec4 v0xb1d9a2093e40_0, 0, 1;
    %pushi/str "in-bounds after OOB correctly becomes reference";
    %store/str v0xb1d9a2093f20_0;
    %fork TD_tb_comparator.check, S_0xb1d9a2093c90;
    %join;
    %free S_0xb1d9a2093c90;
    %alloc S_0xb1d9a2094b80;
    %pushi/str "BOUNDS \342\200\224 out-of-bounds after reference does not affect differ";
    %store/str v0xb1d9a2094db0_0;
    %fork TD_tb_comparator.suite, S_0xb1d9a2094b80;
    %join;
    %free S_0xb1d9a2094b80;
    %alloc S_0xb1d9a2094460;
    %fork TD_tb_comparator.hard_reset, S_0xb1d9a2094460;
    %join;
    %free S_0xb1d9a2094460;
    %alloc S_0xb1d9a2094640;
    %pushi/vec4 0, 0, 9;
    %store/vec4 v0xb1d9a20949e0_0, 0, 9;
    %pushi/vec4 0, 0, 9;
    %store/vec4 v0xb1d9a2094aa0_0, 0, 9;
    %pushi/vec4 4, 0, 9;
    %store/vec4 v0xb1d9a2094900_0, 0, 9;
    %pushi/vec4 2, 0, 11;
    %store/vec4 v0xb1d9a2094820_0, 0, 11;
    %fork TD_tb_comparator.load_quad, S_0xb1d9a2094640;
    %join;
    %free S_0xb1d9a2094640;
    %alloc S_0xb1d9a2093fe0;
    %pushi/vec4 0, 0, 9;
    %store/vec4 v0xb1d9a20942c0_0, 0, 9;
    %pushi/vec4 0, 0, 9;
    %store/vec4 v0xb1d9a20943a0_0, 0, 9;
    %pushi/vec4 10, 0, 4;
    %store/vec4 v0xb1d9a20941e0_0, 0, 4;
    %fork TD_tb_comparator.feed, S_0xb1d9a2093fe0;
    %join;
    %free S_0xb1d9a2093fe0;
    %alloc S_0xb1d9a2093fe0;
    %pushi/vec4 9, 0, 9;
    %store/vec4 v0xb1d9a20942c0_0, 0, 9;
    %pushi/vec4 9, 0, 9;
    %store/vec4 v0xb1d9a20943a0_0, 0, 9;
    %pushi/vec4 11, 0, 4;
    %store/vec4 v0xb1d9a20941e0_0, 0, 4;
    %fork TD_tb_comparator.feed, S_0xb1d9a2093fe0;
    %join;
    %free S_0xb1d9a2093fe0;
    %alloc S_0xb1d9a2095070;
    %pushi/vec4 1, 0, 32;
    %store/vec4 v0xb1d9a2095250_0, 0, 32;
    %fork TD_tb_comparator.tick, S_0xb1d9a2095070;
    %join;
    %free S_0xb1d9a2095070;
    %alloc S_0xb1d9a2093c90;
    %load/vec4 v0xb1d9a20973b0_0;
    %nor/r;
    %store/vec4 v0xb1d9a2093e40_0, 0, 1;
    %pushi/str "OOB entry with different colour does not set differ";
    %store/str v0xb1d9a2093f20_0;
    %fork TD_tb_comparator.check, S_0xb1d9a2093c90;
    %join;
    %free S_0xb1d9a2093c90;
    %alloc S_0xb1d9a2094b80;
    %pushi/str "BOUNDS \342\200\224 corner cases of bounding box";
    %store/str v0xb1d9a2094db0_0;
    %fork TD_tb_comparator.suite, S_0xb1d9a2094b80;
    %join;
    %free S_0xb1d9a2094b80;
    %alloc S_0xb1d9a2094460;
    %fork TD_tb_comparator.hard_reset, S_0xb1d9a2094460;
    %join;
    %free S_0xb1d9a2094460;
    %alloc S_0xb1d9a2094640;
    %pushi/vec4 5, 0, 9;
    %store/vec4 v0xb1d9a20949e0_0, 0, 9;
    %pushi/vec4 5, 0, 9;
    %store/vec4 v0xb1d9a2094aa0_0, 0, 9;
    %pushi/vec4 4, 0, 9;
    %store/vec4 v0xb1d9a2094900_0, 0, 9;
    %pushi/vec4 4, 0, 11;
    %store/vec4 v0xb1d9a2094820_0, 0, 11;
    %fork TD_tb_comparator.load_quad, S_0xb1d9a2094640;
    %join;
    %free S_0xb1d9a2094640;
    %alloc S_0xb1d9a2093fe0;
    %pushi/vec4 5, 0, 9;
    %store/vec4 v0xb1d9a20942c0_0, 0, 9;
    %pushi/vec4 5, 0, 9;
    %store/vec4 v0xb1d9a20943a0_0, 0, 9;
    %pushi/vec4 1, 0, 4;
    %store/vec4 v0xb1d9a20941e0_0, 0, 4;
    %fork TD_tb_comparator.feed, S_0xb1d9a2093fe0;
    %join;
    %free S_0xb1d9a2093fe0;
    %alloc S_0xb1d9a2093fe0;
    %pushi/vec4 8, 0, 9;
    %store/vec4 v0xb1d9a20942c0_0, 0, 9;
    %pushi/vec4 5, 0, 9;
    %store/vec4 v0xb1d9a20943a0_0, 0, 9;
    %pushi/vec4 1, 0, 4;
    %store/vec4 v0xb1d9a20941e0_0, 0, 4;
    %fork TD_tb_comparator.feed, S_0xb1d9a2093fe0;
    %join;
    %free S_0xb1d9a2093fe0;
    %alloc S_0xb1d9a2093fe0;
    %pushi/vec4 5, 0, 9;
    %store/vec4 v0xb1d9a20942c0_0, 0, 9;
    %pushi/vec4 8, 0, 9;
    %store/vec4 v0xb1d9a20943a0_0, 0, 9;
    %pushi/vec4 1, 0, 4;
    %store/vec4 v0xb1d9a20941e0_0, 0, 4;
    %fork TD_tb_comparator.feed, S_0xb1d9a2093fe0;
    %join;
    %free S_0xb1d9a2093fe0;
    %alloc S_0xb1d9a2093fe0;
    %pushi/vec4 8, 0, 9;
    %store/vec4 v0xb1d9a20942c0_0, 0, 9;
    %pushi/vec4 8, 0, 9;
    %store/vec4 v0xb1d9a20943a0_0, 0, 9;
    %pushi/vec4 1, 0, 4;
    %store/vec4 v0xb1d9a20941e0_0, 0, 4;
    %fork TD_tb_comparator.feed, S_0xb1d9a2093fe0;
    %join;
    %free S_0xb1d9a2093fe0;
    %alloc S_0xb1d9a2095070;
    %pushi/vec4 1, 0, 32;
    %store/vec4 v0xb1d9a2095250_0, 0, 32;
    %fork TD_tb_comparator.tick, S_0xb1d9a2095070;
    %join;
    %free S_0xb1d9a2095070;
    %alloc S_0xb1d9a2093c90;
    %load/vec4 v0xb1d9a20973b0_0;
    %nor/r;
    %store/vec4 v0xb1d9a2093e40_0, 0, 1;
    %pushi/str "all four corners in-bounds, same colour \342\200\224 no differ";
    %store/str v0xb1d9a2093f20_0;
    %fork TD_tb_comparator.check, S_0xb1d9a2093c90;
    %join;
    %free S_0xb1d9a2093c90;
    %alloc S_0xb1d9a2093c90;
    %load/vec4 v0xb1d9a2097270_0;
    %store/vec4 v0xb1d9a2093e40_0, 0, 1;
    %pushi/str "complete after 4 in-bounds entries with expected=4";
    %store/str v0xb1d9a2093f20_0;
    %fork TD_tb_comparator.check, S_0xb1d9a2093c90;
    %join;
    %free S_0xb1d9a2093c90;
    %alloc S_0xb1d9a2094b80;
    %pushi/str "BOUNDS \342\200\224 one pixel outside boundary";
    %store/str v0xb1d9a2094db0_0;
    %fork TD_tb_comparator.suite, S_0xb1d9a2094b80;
    %join;
    %free S_0xb1d9a2094b80;
    %alloc S_0xb1d9a2094460;
    %fork TD_tb_comparator.hard_reset, S_0xb1d9a2094460;
    %join;
    %free S_0xb1d9a2094460;
    %alloc S_0xb1d9a2094640;
    %pushi/vec4 5, 0, 9;
    %store/vec4 v0xb1d9a20949e0_0, 0, 9;
    %pushi/vec4 5, 0, 9;
    %store/vec4 v0xb1d9a2094aa0_0, 0, 9;
    %pushi/vec4 4, 0, 9;
    %store/vec4 v0xb1d9a2094900_0, 0, 9;
    %pushi/vec4 1, 0, 11;
    %store/vec4 v0xb1d9a2094820_0, 0, 11;
    %fork TD_tb_comparator.load_quad, S_0xb1d9a2094640;
    %join;
    %free S_0xb1d9a2094640;
    %alloc S_0xb1d9a2093fe0;
    %pushi/vec4 9, 0, 9;
    %store/vec4 v0xb1d9a20942c0_0, 0, 9;
    %pushi/vec4 5, 0, 9;
    %store/vec4 v0xb1d9a20943a0_0, 0, 9;
    %pushi/vec4 1, 0, 4;
    %store/vec4 v0xb1d9a20941e0_0, 0, 4;
    %fork TD_tb_comparator.feed, S_0xb1d9a2093fe0;
    %join;
    %free S_0xb1d9a2093fe0;
    %alloc S_0xb1d9a2095070;
    %pushi/vec4 1, 0, 32;
    %store/vec4 v0xb1d9a2095250_0, 0, 32;
    %fork TD_tb_comparator.tick, S_0xb1d9a2095070;
    %join;
    %free S_0xb1d9a2095070;
    %alloc S_0xb1d9a2093c90;
    %load/vec4 v0xb1d9a20973b0_0;
    %nor/r;
    %store/vec4 v0xb1d9a2093e40_0, 0, 1;
    %pushi/str "x=top_left+quad_size is out of bounds";
    %store/str v0xb1d9a2093f20_0;
    %fork TD_tb_comparator.check, S_0xb1d9a2093c90;
    %join;
    %free S_0xb1d9a2093c90;
    %alloc S_0xb1d9a2093c90;
    %load/vec4 v0xb1d9a2097270_0;
    %nor/r;
    %store/vec4 v0xb1d9a2093e40_0, 0, 1;
    %pushi/str "complete not set \342\200\224 OOB entry not counted";
    %store/str v0xb1d9a2093f20_0;
    %fork TD_tb_comparator.check, S_0xb1d9a2093c90;
    %join;
    %free S_0xb1d9a2093c90;
    %alloc S_0xb1d9a2094b80;
    %pushi/str "COLOUR \342\200\224 first entry becomes reference, no differ";
    %store/str v0xb1d9a2094db0_0;
    %fork TD_tb_comparator.suite, S_0xb1d9a2094b80;
    %join;
    %free S_0xb1d9a2094b80;
    %alloc S_0xb1d9a2094460;
    %fork TD_tb_comparator.hard_reset, S_0xb1d9a2094460;
    %join;
    %free S_0xb1d9a2094460;
    %alloc S_0xb1d9a2094640;
    %pushi/vec4 0, 0, 9;
    %store/vec4 v0xb1d9a20949e0_0, 0, 9;
    %pushi/vec4 0, 0, 9;
    %store/vec4 v0xb1d9a2094aa0_0, 0, 9;
    %pushi/vec4 16, 0, 9;
    %store/vec4 v0xb1d9a2094900_0, 0, 9;
    %pushi/vec4 3, 0, 11;
    %store/vec4 v0xb1d9a2094820_0, 0, 11;
    %fork TD_tb_comparator.load_quad, S_0xb1d9a2094640;
    %join;
    %free S_0xb1d9a2094640;
    %alloc S_0xb1d9a2093fe0;
    %pushi/vec4 0, 0, 9;
    %store/vec4 v0xb1d9a20942c0_0, 0, 9;
    %pushi/vec4 0, 0, 9;
    %store/vec4 v0xb1d9a20943a0_0, 0, 9;
    %pushi/vec4 7, 0, 4;
    %store/vec4 v0xb1d9a20941e0_0, 0, 4;
    %fork TD_tb_comparator.feed, S_0xb1d9a2093fe0;
    %join;
    %free S_0xb1d9a2093fe0;
    %alloc S_0xb1d9a2095070;
    %pushi/vec4 1, 0, 32;
    %store/vec4 v0xb1d9a2095250_0, 0, 32;
    %fork TD_tb_comparator.tick, S_0xb1d9a2095070;
    %join;
    %free S_0xb1d9a2095070;
    %alloc S_0xb1d9a2093c90;
    %load/vec4 v0xb1d9a20973b0_0;
    %nor/r;
    %store/vec4 v0xb1d9a2093e40_0, 0, 1;
    %pushi/str "first entry sets reference \342\200\224 no differ";
    %store/str v0xb1d9a2093f20_0;
    %fork TD_tb_comparator.check, S_0xb1d9a2093c90;
    %join;
    %free S_0xb1d9a2093c90;
    %alloc S_0xb1d9a2094b80;
    %pushi/str "COLOUR \342\200\224 matching colours do not set differ";
    %store/str v0xb1d9a2094db0_0;
    %fork TD_tb_comparator.suite, S_0xb1d9a2094b80;
    %join;
    %free S_0xb1d9a2094b80;
    %alloc S_0xb1d9a2094460;
    %fork TD_tb_comparator.hard_reset, S_0xb1d9a2094460;
    %join;
    %free S_0xb1d9a2094460;
    %alloc S_0xb1d9a2094640;
    %pushi/vec4 0, 0, 9;
    %store/vec4 v0xb1d9a20949e0_0, 0, 9;
    %pushi/vec4 0, 0, 9;
    %store/vec4 v0xb1d9a2094aa0_0, 0, 9;
    %pushi/vec4 16, 0, 9;
    %store/vec4 v0xb1d9a2094900_0, 0, 9;
    %pushi/vec4 4, 0, 11;
    %store/vec4 v0xb1d9a2094820_0, 0, 11;
    %fork TD_tb_comparator.load_quad, S_0xb1d9a2094640;
    %join;
    %free S_0xb1d9a2094640;
    %alloc S_0xb1d9a2093fe0;
    %pushi/vec4 0, 0, 9;
    %store/vec4 v0xb1d9a20942c0_0, 0, 9;
    %pushi/vec4 0, 0, 9;
    %store/vec4 v0xb1d9a20943a0_0, 0, 9;
    %pushi/vec4 5, 0, 4;
    %store/vec4 v0xb1d9a20941e0_0, 0, 4;
    %fork TD_tb_comparator.feed, S_0xb1d9a2093fe0;
    %join;
    %free S_0xb1d9a2093fe0;
    %alloc S_0xb1d9a2093fe0;
    %pushi/vec4 1, 0, 9;
    %store/vec4 v0xb1d9a20942c0_0, 0, 9;
    %pushi/vec4 0, 0, 9;
    %store/vec4 v0xb1d9a20943a0_0, 0, 9;
    %pushi/vec4 5, 0, 4;
    %store/vec4 v0xb1d9a20941e0_0, 0, 4;
    %fork TD_tb_comparator.feed, S_0xb1d9a2093fe0;
    %join;
    %free S_0xb1d9a2093fe0;
    %alloc S_0xb1d9a2093fe0;
    %pushi/vec4 2, 0, 9;
    %store/vec4 v0xb1d9a20942c0_0, 0, 9;
    %pushi/vec4 0, 0, 9;
    %store/vec4 v0xb1d9a20943a0_0, 0, 9;
    %pushi/vec4 5, 0, 4;
    %store/vec4 v0xb1d9a20941e0_0, 0, 4;
    %fork TD_tb_comparator.feed, S_0xb1d9a2093fe0;
    %join;
    %free S_0xb1d9a2093fe0;
    %alloc S_0xb1d9a2093fe0;
    %pushi/vec4 3, 0, 9;
    %store/vec4 v0xb1d9a20942c0_0, 0, 9;
    %pushi/vec4 0, 0, 9;
    %store/vec4 v0xb1d9a20943a0_0, 0, 9;
    %pushi/vec4 5, 0, 4;
    %store/vec4 v0xb1d9a20941e0_0, 0, 4;
    %fork TD_tb_comparator.feed, S_0xb1d9a2093fe0;
    %join;
    %free S_0xb1d9a2093fe0;
    %alloc S_0xb1d9a2095070;
    %pushi/vec4 1, 0, 32;
    %store/vec4 v0xb1d9a2095250_0, 0, 32;
    %fork TD_tb_comparator.tick, S_0xb1d9a2095070;
    %join;
    %free S_0xb1d9a2095070;
    %alloc S_0xb1d9a2093c90;
    %load/vec4 v0xb1d9a20973b0_0;
    %nor/r;
    %store/vec4 v0xb1d9a2093e40_0, 0, 1;
    %pushi/str "four identical colours \342\200\224 no differ";
    %store/str v0xb1d9a2093f20_0;
    %fork TD_tb_comparator.check, S_0xb1d9a2093c90;
    %join;
    %free S_0xb1d9a2093c90;
    %alloc S_0xb1d9a2094b80;
    %pushi/str "COLOUR \342\200\224 mismatch sets differ immediately";
    %store/str v0xb1d9a2094db0_0;
    %fork TD_tb_comparator.suite, S_0xb1d9a2094b80;
    %join;
    %free S_0xb1d9a2094b80;
    %alloc S_0xb1d9a2094460;
    %fork TD_tb_comparator.hard_reset, S_0xb1d9a2094460;
    %join;
    %free S_0xb1d9a2094460;
    %alloc S_0xb1d9a2094640;
    %pushi/vec4 0, 0, 9;
    %store/vec4 v0xb1d9a20949e0_0, 0, 9;
    %pushi/vec4 0, 0, 9;
    %store/vec4 v0xb1d9a2094aa0_0, 0, 9;
    %pushi/vec4 16, 0, 9;
    %store/vec4 v0xb1d9a2094900_0, 0, 9;
    %pushi/vec4 4, 0, 11;
    %store/vec4 v0xb1d9a2094820_0, 0, 11;
    %fork TD_tb_comparator.load_quad, S_0xb1d9a2094640;
    %join;
    %free S_0xb1d9a2094640;
    %alloc S_0xb1d9a2093fe0;
    %pushi/vec4 0, 0, 9;
    %store/vec4 v0xb1d9a20942c0_0, 0, 9;
    %pushi/vec4 0, 0, 9;
    %store/vec4 v0xb1d9a20943a0_0, 0, 9;
    %pushi/vec4 10, 0, 4;
    %store/vec4 v0xb1d9a20941e0_0, 0, 4;
    %fork TD_tb_comparator.feed, S_0xb1d9a2093fe0;
    %join;
    %free S_0xb1d9a2093fe0;
    %alloc S_0xb1d9a2093fe0;
    %pushi/vec4 1, 0, 9;
    %store/vec4 v0xb1d9a20942c0_0, 0, 9;
    %pushi/vec4 0, 0, 9;
    %store/vec4 v0xb1d9a20943a0_0, 0, 9;
    %pushi/vec4 11, 0, 4;
    %store/vec4 v0xb1d9a20941e0_0, 0, 4;
    %fork TD_tb_comparator.feed, S_0xb1d9a2093fe0;
    %join;
    %free S_0xb1d9a2093fe0;
    %alloc S_0xb1d9a2095070;
    %pushi/vec4 1, 0, 32;
    %store/vec4 v0xb1d9a2095250_0, 0, 32;
    %fork TD_tb_comparator.tick, S_0xb1d9a2095070;
    %join;
    %free S_0xb1d9a2095070;
    %alloc S_0xb1d9a2093c90;
    %load/vec4 v0xb1d9a20973b0_0;
    %store/vec4 v0xb1d9a2093e40_0, 0, 1;
    %pushi/str "differ set immediately on first mismatch";
    %store/str v0xb1d9a2093f20_0;
    %fork TD_tb_comparator.check, S_0xb1d9a2093c90;
    %join;
    %free S_0xb1d9a2093c90;
    %alloc S_0xb1d9a2094b80;
    %pushi/str "COLOUR \342\200\224 differ latches and stays high";
    %store/str v0xb1d9a2094db0_0;
    %fork TD_tb_comparator.suite, S_0xb1d9a2094b80;
    %join;
    %free S_0xb1d9a2094b80;
    %alloc S_0xb1d9a2094460;
    %fork TD_tb_comparator.hard_reset, S_0xb1d9a2094460;
    %join;
    %free S_0xb1d9a2094460;
    %alloc S_0xb1d9a2094640;
    %pushi/vec4 0, 0, 9;
    %store/vec4 v0xb1d9a20949e0_0, 0, 9;
    %pushi/vec4 0, 0, 9;
    %store/vec4 v0xb1d9a2094aa0_0, 0, 9;
    %pushi/vec4 16, 0, 9;
    %store/vec4 v0xb1d9a2094900_0, 0, 9;
    %pushi/vec4 4, 0, 11;
    %store/vec4 v0xb1d9a2094820_0, 0, 11;
    %fork TD_tb_comparator.load_quad, S_0xb1d9a2094640;
    %join;
    %free S_0xb1d9a2094640;
    %alloc S_0xb1d9a2093fe0;
    %pushi/vec4 0, 0, 9;
    %store/vec4 v0xb1d9a20942c0_0, 0, 9;
    %pushi/vec4 0, 0, 9;
    %store/vec4 v0xb1d9a20943a0_0, 0, 9;
    %pushi/vec4 10, 0, 4;
    %store/vec4 v0xb1d9a20941e0_0, 0, 4;
    %fork TD_tb_comparator.feed, S_0xb1d9a2093fe0;
    %join;
    %free S_0xb1d9a2093fe0;
    %alloc S_0xb1d9a2093fe0;
    %pushi/vec4 1, 0, 9;
    %store/vec4 v0xb1d9a20942c0_0, 0, 9;
    %pushi/vec4 0, 0, 9;
    %store/vec4 v0xb1d9a20943a0_0, 0, 9;
    %pushi/vec4 11, 0, 4;
    %store/vec4 v0xb1d9a20941e0_0, 0, 4;
    %fork TD_tb_comparator.feed, S_0xb1d9a2093fe0;
    %join;
    %free S_0xb1d9a2093fe0;
    %alloc S_0xb1d9a2093fe0;
    %pushi/vec4 2, 0, 9;
    %store/vec4 v0xb1d9a20942c0_0, 0, 9;
    %pushi/vec4 0, 0, 9;
    %store/vec4 v0xb1d9a20943a0_0, 0, 9;
    %pushi/vec4 10, 0, 4;
    %store/vec4 v0xb1d9a20941e0_0, 0, 4;
    %fork TD_tb_comparator.feed, S_0xb1d9a2093fe0;
    %join;
    %free S_0xb1d9a2093fe0;
    %alloc S_0xb1d9a2093fe0;
    %pushi/vec4 3, 0, 9;
    %store/vec4 v0xb1d9a20942c0_0, 0, 9;
    %pushi/vec4 0, 0, 9;
    %store/vec4 v0xb1d9a20943a0_0, 0, 9;
    %pushi/vec4 10, 0, 4;
    %store/vec4 v0xb1d9a20941e0_0, 0, 4;
    %fork TD_tb_comparator.feed, S_0xb1d9a2093fe0;
    %join;
    %free S_0xb1d9a2093fe0;
    %alloc S_0xb1d9a2095070;
    %pushi/vec4 1, 0, 32;
    %store/vec4 v0xb1d9a2095250_0, 0, 32;
    %fork TD_tb_comparator.tick, S_0xb1d9a2095070;
    %join;
    %free S_0xb1d9a2095070;
    %alloc S_0xb1d9a2093c90;
    %load/vec4 v0xb1d9a20973b0_0;
    %store/vec4 v0xb1d9a2093e40_0, 0, 1;
    %pushi/str "differ stays latched even after matching entries follow";
    %store/str v0xb1d9a2093f20_0;
    %fork TD_tb_comparator.check, S_0xb1d9a2093c90;
    %join;
    %free S_0xb1d9a2093c90;
    %alloc S_0xb1d9a2094b80;
    %pushi/str "COLOUR \342\200\224 mismatch on last entry still sets differ";
    %store/str v0xb1d9a2094db0_0;
    %fork TD_tb_comparator.suite, S_0xb1d9a2094b80;
    %join;
    %free S_0xb1d9a2094b80;
    %alloc S_0xb1d9a2094460;
    %fork TD_tb_comparator.hard_reset, S_0xb1d9a2094460;
    %join;
    %free S_0xb1d9a2094460;
    %alloc S_0xb1d9a2094640;
    %pushi/vec4 0, 0, 9;
    %store/vec4 v0xb1d9a20949e0_0, 0, 9;
    %pushi/vec4 0, 0, 9;
    %store/vec4 v0xb1d9a2094aa0_0, 0, 9;
    %pushi/vec4 16, 0, 9;
    %store/vec4 v0xb1d9a2094900_0, 0, 9;
    %pushi/vec4 3, 0, 11;
    %store/vec4 v0xb1d9a2094820_0, 0, 11;
    %fork TD_tb_comparator.load_quad, S_0xb1d9a2094640;
    %join;
    %free S_0xb1d9a2094640;
    %alloc S_0xb1d9a2093fe0;
    %pushi/vec4 0, 0, 9;
    %store/vec4 v0xb1d9a20942c0_0, 0, 9;
    %pushi/vec4 0, 0, 9;
    %store/vec4 v0xb1d9a20943a0_0, 0, 9;
    %pushi/vec4 3, 0, 4;
    %store/vec4 v0xb1d9a20941e0_0, 0, 4;
    %fork TD_tb_comparator.feed, S_0xb1d9a2093fe0;
    %join;
    %free S_0xb1d9a2093fe0;
    %alloc S_0xb1d9a2093fe0;
    %pushi/vec4 1, 0, 9;
    %store/vec4 v0xb1d9a20942c0_0, 0, 9;
    %pushi/vec4 0, 0, 9;
    %store/vec4 v0xb1d9a20943a0_0, 0, 9;
    %pushi/vec4 3, 0, 4;
    %store/vec4 v0xb1d9a20941e0_0, 0, 4;
    %fork TD_tb_comparator.feed, S_0xb1d9a2093fe0;
    %join;
    %free S_0xb1d9a2093fe0;
    %alloc S_0xb1d9a2093fe0;
    %pushi/vec4 2, 0, 9;
    %store/vec4 v0xb1d9a20942c0_0, 0, 9;
    %pushi/vec4 0, 0, 9;
    %store/vec4 v0xb1d9a20943a0_0, 0, 9;
    %pushi/vec4 15, 0, 4;
    %store/vec4 v0xb1d9a20941e0_0, 0, 4;
    %fork TD_tb_comparator.feed, S_0xb1d9a2093fe0;
    %join;
    %free S_0xb1d9a2093fe0;
    %alloc S_0xb1d9a2095070;
    %pushi/vec4 1, 0, 32;
    %store/vec4 v0xb1d9a2095250_0, 0, 32;
    %fork TD_tb_comparator.tick, S_0xb1d9a2095070;
    %join;
    %free S_0xb1d9a2095070;
    %alloc S_0xb1d9a2093c90;
    %load/vec4 v0xb1d9a20973b0_0;
    %store/vec4 v0xb1d9a2093e40_0, 0, 1;
    %pushi/str "differ set on last entry mismatch";
    %store/str v0xb1d9a2093f20_0;
    %fork TD_tb_comparator.check, S_0xb1d9a2093c90;
    %join;
    %free S_0xb1d9a2093c90;
    %alloc S_0xb1d9a2094b80;
    %pushi/str "COMPLETE \342\200\224 asserts when seen == expected";
    %store/str v0xb1d9a2094db0_0;
    %fork TD_tb_comparator.suite, S_0xb1d9a2094b80;
    %join;
    %free S_0xb1d9a2094b80;
    %alloc S_0xb1d9a2094460;
    %fork TD_tb_comparator.hard_reset, S_0xb1d9a2094460;
    %join;
    %free S_0xb1d9a2094460;
    %alloc S_0xb1d9a2094640;
    %pushi/vec4 0, 0, 9;
    %store/vec4 v0xb1d9a20949e0_0, 0, 9;
    %pushi/vec4 0, 0, 9;
    %store/vec4 v0xb1d9a2094aa0_0, 0, 9;
    %pushi/vec4 16, 0, 9;
    %store/vec4 v0xb1d9a2094900_0, 0, 9;
    %pushi/vec4 4, 0, 11;
    %store/vec4 v0xb1d9a2094820_0, 0, 11;
    %fork TD_tb_comparator.load_quad, S_0xb1d9a2094640;
    %join;
    %free S_0xb1d9a2094640;
    %alloc S_0xb1d9a2093fe0;
    %pushi/vec4 0, 0, 9;
    %store/vec4 v0xb1d9a20942c0_0, 0, 9;
    %pushi/vec4 0, 0, 9;
    %store/vec4 v0xb1d9a20943a0_0, 0, 9;
    %pushi/vec4 2, 0, 4;
    %store/vec4 v0xb1d9a20941e0_0, 0, 4;
    %fork TD_tb_comparator.feed, S_0xb1d9a2093fe0;
    %join;
    %free S_0xb1d9a2093fe0;
    %alloc S_0xb1d9a2093fe0;
    %pushi/vec4 1, 0, 9;
    %store/vec4 v0xb1d9a20942c0_0, 0, 9;
    %pushi/vec4 0, 0, 9;
    %store/vec4 v0xb1d9a20943a0_0, 0, 9;
    %pushi/vec4 2, 0, 4;
    %store/vec4 v0xb1d9a20941e0_0, 0, 4;
    %fork TD_tb_comparator.feed, S_0xb1d9a2093fe0;
    %join;
    %free S_0xb1d9a2093fe0;
    %alloc S_0xb1d9a2093fe0;
    %pushi/vec4 2, 0, 9;
    %store/vec4 v0xb1d9a20942c0_0, 0, 9;
    %pushi/vec4 0, 0, 9;
    %store/vec4 v0xb1d9a20943a0_0, 0, 9;
    %pushi/vec4 2, 0, 4;
    %store/vec4 v0xb1d9a20941e0_0, 0, 4;
    %fork TD_tb_comparator.feed, S_0xb1d9a2093fe0;
    %join;
    %free S_0xb1d9a2093fe0;
    %alloc S_0xb1d9a2093c90;
    %load/vec4 v0xb1d9a2097270_0;
    %nor/r;
    %store/vec4 v0xb1d9a2093e40_0, 0, 1;
    %pushi/str "complete not yet after 3 of 4";
    %store/str v0xb1d9a2093f20_0;
    %fork TD_tb_comparator.check, S_0xb1d9a2093c90;
    %join;
    %free S_0xb1d9a2093c90;
    %alloc S_0xb1d9a2093fe0;
    %pushi/vec4 3, 0, 9;
    %store/vec4 v0xb1d9a20942c0_0, 0, 9;
    %pushi/vec4 0, 0, 9;
    %store/vec4 v0xb1d9a20943a0_0, 0, 9;
    %pushi/vec4 2, 0, 4;
    %store/vec4 v0xb1d9a20941e0_0, 0, 4;
    %fork TD_tb_comparator.feed, S_0xb1d9a2093fe0;
    %join;
    %free S_0xb1d9a2093fe0;
    %alloc S_0xb1d9a2095070;
    %pushi/vec4 1, 0, 32;
    %store/vec4 v0xb1d9a2095250_0, 0, 32;
    %fork TD_tb_comparator.tick, S_0xb1d9a2095070;
    %join;
    %free S_0xb1d9a2095070;
    %alloc S_0xb1d9a2093c90;
    %load/vec4 v0xb1d9a2097270_0;
    %store/vec4 v0xb1d9a2093e40_0, 0, 1;
    %pushi/str "complete asserts after 4th entry";
    %store/str v0xb1d9a2093f20_0;
    %fork TD_tb_comparator.check, S_0xb1d9a2093c90;
    %join;
    %free S_0xb1d9a2093c90;
    %alloc S_0xb1d9a2094b80;
    %pushi/str "COMPLETE \342\200\224 latches and stays high after asserting";
    %store/str v0xb1d9a2094db0_0;
    %fork TD_tb_comparator.suite, S_0xb1d9a2094b80;
    %join;
    %free S_0xb1d9a2094b80;
    %alloc S_0xb1d9a2095070;
    %pushi/vec4 5, 0, 32;
    %store/vec4 v0xb1d9a2095250_0, 0, 32;
    %fork TD_tb_comparator.tick, S_0xb1d9a2095070;
    %join;
    %free S_0xb1d9a2095070;
    %alloc S_0xb1d9a2093c90;
    %load/vec4 v0xb1d9a2097270_0;
    %store/vec4 v0xb1d9a2093e40_0, 0, 1;
    %pushi/str "complete stays latched after asserting";
    %store/str v0xb1d9a2093f20_0;
    %fork TD_tb_comparator.check, S_0xb1d9a2093c90;
    %join;
    %free S_0xb1d9a2093c90;
    %alloc S_0xb1d9a2094b80;
    %pushi/str "COMPLETE \342\200\224 differ and complete can both be high";
    %store/str v0xb1d9a2094db0_0;
    %fork TD_tb_comparator.suite, S_0xb1d9a2094b80;
    %join;
    %free S_0xb1d9a2094b80;
    %alloc S_0xb1d9a2094460;
    %fork TD_tb_comparator.hard_reset, S_0xb1d9a2094460;
    %join;
    %free S_0xb1d9a2094460;
    %alloc S_0xb1d9a2094640;
    %pushi/vec4 0, 0, 9;
    %store/vec4 v0xb1d9a20949e0_0, 0, 9;
    %pushi/vec4 0, 0, 9;
    %store/vec4 v0xb1d9a2094aa0_0, 0, 9;
    %pushi/vec4 16, 0, 9;
    %store/vec4 v0xb1d9a2094900_0, 0, 9;
    %pushi/vec4 3, 0, 11;
    %store/vec4 v0xb1d9a2094820_0, 0, 11;
    %fork TD_tb_comparator.load_quad, S_0xb1d9a2094640;
    %join;
    %free S_0xb1d9a2094640;
    %alloc S_0xb1d9a2093fe0;
    %pushi/vec4 0, 0, 9;
    %store/vec4 v0xb1d9a20942c0_0, 0, 9;
    %pushi/vec4 0, 0, 9;
    %store/vec4 v0xb1d9a20943a0_0, 0, 9;
    %pushi/vec4 10, 0, 4;
    %store/vec4 v0xb1d9a20941e0_0, 0, 4;
    %fork TD_tb_comparator.feed, S_0xb1d9a2093fe0;
    %join;
    %free S_0xb1d9a2093fe0;
    %alloc S_0xb1d9a2093fe0;
    %pushi/vec4 1, 0, 9;
    %store/vec4 v0xb1d9a20942c0_0, 0, 9;
    %pushi/vec4 0, 0, 9;
    %store/vec4 v0xb1d9a20943a0_0, 0, 9;
    %pushi/vec4 11, 0, 4;
    %store/vec4 v0xb1d9a20941e0_0, 0, 4;
    %fork TD_tb_comparator.feed, S_0xb1d9a2093fe0;
    %join;
    %free S_0xb1d9a2093fe0;
    %alloc S_0xb1d9a2093fe0;
    %pushi/vec4 2, 0, 9;
    %store/vec4 v0xb1d9a20942c0_0, 0, 9;
    %pushi/vec4 0, 0, 9;
    %store/vec4 v0xb1d9a20943a0_0, 0, 9;
    %pushi/vec4 10, 0, 4;
    %store/vec4 v0xb1d9a20941e0_0, 0, 4;
    %fork TD_tb_comparator.feed, S_0xb1d9a2093fe0;
    %join;
    %free S_0xb1d9a2093fe0;
    %alloc S_0xb1d9a2095070;
    %pushi/vec4 1, 0, 32;
    %store/vec4 v0xb1d9a2095250_0, 0, 32;
    %fork TD_tb_comparator.tick, S_0xb1d9a2095070;
    %join;
    %free S_0xb1d9a2095070;
    %alloc S_0xb1d9a2093c90;
    %load/vec4 v0xb1d9a20973b0_0;
    %store/vec4 v0xb1d9a2093e40_0, 0, 1;
    %pushi/str "differ asserted";
    %store/str v0xb1d9a2093f20_0;
    %fork TD_tb_comparator.check, S_0xb1d9a2093c90;
    %join;
    %free S_0xb1d9a2093c90;
    %alloc S_0xb1d9a2093c90;
    %load/vec4 v0xb1d9a2097270_0;
    %store/vec4 v0xb1d9a2093e40_0, 0, 1;
    %pushi/str "complete asserted simultaneously with differ";
    %store/str v0xb1d9a2093f20_0;
    %fork TD_tb_comparator.check, S_0xb1d9a2093c90;
    %join;
    %free S_0xb1d9a2093c90;
    %alloc S_0xb1d9a2094b80;
    %pushi/str "COMPLETE \342\200\224 expected_count=1 completes on first entry";
    %store/str v0xb1d9a2094db0_0;
    %fork TD_tb_comparator.suite, S_0xb1d9a2094b80;
    %join;
    %free S_0xb1d9a2094b80;
    %alloc S_0xb1d9a2094460;
    %fork TD_tb_comparator.hard_reset, S_0xb1d9a2094460;
    %join;
    %free S_0xb1d9a2094460;
    %alloc S_0xb1d9a2094640;
    %pushi/vec4 0, 0, 9;
    %store/vec4 v0xb1d9a20949e0_0, 0, 9;
    %pushi/vec4 0, 0, 9;
    %store/vec4 v0xb1d9a2094aa0_0, 0, 9;
    %pushi/vec4 16, 0, 9;
    %store/vec4 v0xb1d9a2094900_0, 0, 9;
    %pushi/vec4 1, 0, 11;
    %store/vec4 v0xb1d9a2094820_0, 0, 11;
    %fork TD_tb_comparator.load_quad, S_0xb1d9a2094640;
    %join;
    %free S_0xb1d9a2094640;
    %alloc S_0xb1d9a2093fe0;
    %pushi/vec4 0, 0, 9;
    %store/vec4 v0xb1d9a20942c0_0, 0, 9;
    %pushi/vec4 0, 0, 9;
    %store/vec4 v0xb1d9a20943a0_0, 0, 9;
    %pushi/vec4 9, 0, 4;
    %store/vec4 v0xb1d9a20941e0_0, 0, 4;
    %fork TD_tb_comparator.feed, S_0xb1d9a2093fe0;
    %join;
    %free S_0xb1d9a2093fe0;
    %alloc S_0xb1d9a2095070;
    %pushi/vec4 1, 0, 32;
    %store/vec4 v0xb1d9a2095250_0, 0, 32;
    %fork TD_tb_comparator.tick, S_0xb1d9a2095070;
    %join;
    %free S_0xb1d9a2095070;
    %alloc S_0xb1d9a2093c90;
    %load/vec4 v0xb1d9a2097270_0;
    %store/vec4 v0xb1d9a2093e40_0, 0, 1;
    %pushi/str "complete after single entry when expected=1";
    %store/str v0xb1d9a2093f20_0;
    %fork TD_tb_comparator.check, S_0xb1d9a2093c90;
    %join;
    %free S_0xb1d9a2093c90;
    %alloc S_0xb1d9a2093c90;
    %load/vec4 v0xb1d9a20973b0_0;
    %nor/r;
    %store/vec4 v0xb1d9a2093e40_0, 0, 1;
    %pushi/str "no differ for single entry";
    %store/str v0xb1d9a2093f20_0;
    %fork TD_tb_comparator.check, S_0xb1d9a2093c90;
    %join;
    %free S_0xb1d9a2093c90;
    %alloc S_0xb1d9a2094b80;
    %pushi/str "COMP_POP \342\200\224 asserts whenever comp_valid high";
    %store/str v0xb1d9a2094db0_0;
    %fork TD_tb_comparator.suite, S_0xb1d9a2094b80;
    %join;
    %free S_0xb1d9a2094b80;
    %alloc S_0xb1d9a2094460;
    %fork TD_tb_comparator.hard_reset, S_0xb1d9a2094460;
    %join;
    %free S_0xb1d9a2094460;
    %alloc S_0xb1d9a2094640;
    %pushi/vec4 0, 0, 9;
    %store/vec4 v0xb1d9a20949e0_0, 0, 9;
    %pushi/vec4 0, 0, 9;
    %store/vec4 v0xb1d9a2094aa0_0, 0, 9;
    %pushi/vec4 16, 0, 9;
    %store/vec4 v0xb1d9a2094900_0, 0, 9;
    %pushi/vec4 2, 0, 11;
    %store/vec4 v0xb1d9a2094820_0, 0, 11;
    %fork TD_tb_comparator.load_quad, S_0xb1d9a2094640;
    %join;
    %free S_0xb1d9a2094640;
    %pushi/vec4 1, 0, 1;
    %store/vec4 v0xb1d9a20971d0_0, 0, 1;
    %pushi/vec4 262144, 0, 22;
    %store/vec4 v0xb1d9a2097090_0, 0, 22;
    %alloc S_0xb1d9a2095070;
    %pushi/vec4 0, 0, 32;
    %store/vec4 v0xb1d9a2095250_0, 0, 32;
    %fork TD_tb_comparator.tick, S_0xb1d9a2095070;
    %join;
    %free S_0xb1d9a2095070;
    %alloc S_0xb1d9a2093c90;
    %load/vec4 v0xb1d9a2097130_0;
    %store/vec4 v0xb1d9a2093e40_0, 0, 1;
    %pushi/str "comp_pop asserts combinationally when comp_valid high";
    %store/str v0xb1d9a2093f20_0;
    %fork TD_tb_comparator.check, S_0xb1d9a2093c90;
    %join;
    %free S_0xb1d9a2093c90;
    %alloc S_0xb1d9a2095070;
    %pushi/vec4 1, 0, 32;
    %store/vec4 v0xb1d9a2095250_0, 0, 32;
    %fork TD_tb_comparator.tick, S_0xb1d9a2095070;
    %join;
    %free S_0xb1d9a2095070;
    %pushi/vec4 0, 0, 1;
    %store/vec4 v0xb1d9a20971d0_0, 0, 1;
    %alloc S_0xb1d9a2093c90;
    %load/vec4 v0xb1d9a2097130_0;
    %nor/r;
    %store/vec4 v0xb1d9a2093e40_0, 0, 1;
    %pushi/str "comp_pop deasserts when comp_valid low";
    %store/str v0xb1d9a2093f20_0;
    %fork TD_tb_comparator.check, S_0xb1d9a2093c90;
    %join;
    %free S_0xb1d9a2093c90;
    %alloc S_0xb1d9a2094b80;
    %pushi/str "COMP_POP \342\200\224 out-of-bounds entries still consumed";
    %store/str v0xb1d9a2094db0_0;
    %fork TD_tb_comparator.suite, S_0xb1d9a2094b80;
    %join;
    %free S_0xb1d9a2094b80;
    %alloc S_0xb1d9a2094460;
    %fork TD_tb_comparator.hard_reset, S_0xb1d9a2094460;
    %join;
    %free S_0xb1d9a2094460;
    %alloc S_0xb1d9a2094640;
    %pushi/vec4 10, 0, 9;
    %store/vec4 v0xb1d9a20949e0_0, 0, 9;
    %pushi/vec4 10, 0, 9;
    %store/vec4 v0xb1d9a2094aa0_0, 0, 9;
    %pushi/vec4 4, 0, 9;
    %store/vec4 v0xb1d9a2094900_0, 0, 9;
    %pushi/vec4 1, 0, 11;
    %store/vec4 v0xb1d9a2094820_0, 0, 11;
    %fork TD_tb_comparator.load_quad, S_0xb1d9a2094640;
    %join;
    %free S_0xb1d9a2094640;
    %pushi/vec4 1, 0, 1;
    %store/vec4 v0xb1d9a20971d0_0, 0, 1;
    %pushi/vec4 3932160, 0, 22;
    %store/vec4 v0xb1d9a2097090_0, 0, 22;
    %alloc S_0xb1d9a2095070;
    %pushi/vec4 0, 0, 32;
    %store/vec4 v0xb1d9a2095250_0, 0, 32;
    %fork TD_tb_comparator.tick, S_0xb1d9a2095070;
    %join;
    %free S_0xb1d9a2095070;
    %alloc S_0xb1d9a2093c90;
    %load/vec4 v0xb1d9a2097130_0;
    %store/vec4 v0xb1d9a2093e40_0, 0, 1;
    %pushi/str "comp_pop fires for OOB entry \342\200\224 entry consumed";
    %store/str v0xb1d9a2093f20_0;
    %fork TD_tb_comparator.check, S_0xb1d9a2093c90;
    %join;
    %free S_0xb1d9a2093c90;
    %alloc S_0xb1d9a2095070;
    %pushi/vec4 1, 0, 32;
    %store/vec4 v0xb1d9a2095250_0, 0, 32;
    %fork TD_tb_comparator.tick, S_0xb1d9a2095070;
    %join;
    %free S_0xb1d9a2095070;
    %pushi/vec4 0, 0, 1;
    %store/vec4 v0xb1d9a20971d0_0, 0, 1;
    %alloc S_0xb1d9a2094b80;
    %pushi/str "MULTI-QUAD \342\200\224 sched_reset correctly transitions between quads";
    %store/str v0xb1d9a2094db0_0;
    %fork TD_tb_comparator.suite, S_0xb1d9a2094b80;
    %join;
    %free S_0xb1d9a2094b80;
    %alloc S_0xb1d9a2094460;
    %fork TD_tb_comparator.hard_reset, S_0xb1d9a2094460;
    %join;
    %free S_0xb1d9a2094460;
    %alloc S_0xb1d9a2094640;
    %pushi/vec4 0, 0, 9;
    %store/vec4 v0xb1d9a20949e0_0, 0, 9;
    %pushi/vec4 0, 0, 9;
    %store/vec4 v0xb1d9a2094aa0_0, 0, 9;
    %pushi/vec4 4, 0, 9;
    %store/vec4 v0xb1d9a2094900_0, 0, 9;
    %pushi/vec4 4, 0, 11;
    %store/vec4 v0xb1d9a2094820_0, 0, 11;
    %fork TD_tb_comparator.load_quad, S_0xb1d9a2094640;
    %join;
    %free S_0xb1d9a2094640;
    %alloc S_0xb1d9a2093fe0;
    %pushi/vec4 0, 0, 9;
    %store/vec4 v0xb1d9a20942c0_0, 0, 9;
    %pushi/vec4 0, 0, 9;
    %store/vec4 v0xb1d9a20943a0_0, 0, 9;
    %pushi/vec4 10, 0, 4;
    %store/vec4 v0xb1d9a20941e0_0, 0, 4;
    %fork TD_tb_comparator.feed, S_0xb1d9a2093fe0;
    %join;
    %free S_0xb1d9a2093fe0;
    %alloc S_0xb1d9a2093fe0;
    %pushi/vec4 3, 0, 9;
    %store/vec4 v0xb1d9a20942c0_0, 0, 9;
    %pushi/vec4 0, 0, 9;
    %store/vec4 v0xb1d9a20943a0_0, 0, 9;
    %pushi/vec4 10, 0, 4;
    %store/vec4 v0xb1d9a20941e0_0, 0, 4;
    %fork TD_tb_comparator.feed, S_0xb1d9a2093fe0;
    %join;
    %free S_0xb1d9a2093fe0;
    %alloc S_0xb1d9a2093fe0;
    %pushi/vec4 0, 0, 9;
    %store/vec4 v0xb1d9a20942c0_0, 0, 9;
    %pushi/vec4 3, 0, 9;
    %store/vec4 v0xb1d9a20943a0_0, 0, 9;
    %pushi/vec4 10, 0, 4;
    %store/vec4 v0xb1d9a20941e0_0, 0, 4;
    %fork TD_tb_comparator.feed, S_0xb1d9a2093fe0;
    %join;
    %free S_0xb1d9a2093fe0;
    %alloc S_0xb1d9a2093fe0;
    %pushi/vec4 3, 0, 9;
    %store/vec4 v0xb1d9a20942c0_0, 0, 9;
    %pushi/vec4 3, 0, 9;
    %store/vec4 v0xb1d9a20943a0_0, 0, 9;
    %pushi/vec4 10, 0, 4;
    %store/vec4 v0xb1d9a20941e0_0, 0, 4;
    %fork TD_tb_comparator.feed, S_0xb1d9a2093fe0;
    %join;
    %free S_0xb1d9a2093fe0;
    %alloc S_0xb1d9a2095070;
    %pushi/vec4 1, 0, 32;
    %store/vec4 v0xb1d9a2095250_0, 0, 32;
    %fork TD_tb_comparator.tick, S_0xb1d9a2095070;
    %join;
    %free S_0xb1d9a2095070;
    %alloc S_0xb1d9a2093c90;
    %load/vec4 v0xb1d9a20973b0_0;
    %nor/r;
    %store/vec4 v0xb1d9a2093e40_0, 0, 1;
    %pushi/str "quad 1: no differ";
    %store/str v0xb1d9a2093f20_0;
    %fork TD_tb_comparator.check, S_0xb1d9a2093c90;
    %join;
    %free S_0xb1d9a2093c90;
    %alloc S_0xb1d9a2093c90;
    %load/vec4 v0xb1d9a2097270_0;
    %store/vec4 v0xb1d9a2093e40_0, 0, 1;
    %pushi/str "quad 1: complete";
    %store/str v0xb1d9a2093f20_0;
    %fork TD_tb_comparator.check, S_0xb1d9a2093c90;
    %join;
    %free S_0xb1d9a2093c90;
    %alloc S_0xb1d9a2094640;
    %pushi/vec4 4, 0, 9;
    %store/vec4 v0xb1d9a20949e0_0, 0, 9;
    %pushi/vec4 0, 0, 9;
    %store/vec4 v0xb1d9a2094aa0_0, 0, 9;
    %pushi/vec4 4, 0, 9;
    %store/vec4 v0xb1d9a2094900_0, 0, 9;
    %pushi/vec4 4, 0, 11;
    %store/vec4 v0xb1d9a2094820_0, 0, 11;
    %fork TD_tb_comparator.load_quad, S_0xb1d9a2094640;
    %join;
    %free S_0xb1d9a2094640;
    %alloc S_0xb1d9a2093c90;
    %load/vec4 v0xb1d9a20973b0_0;
    %nor/r;
    %store/vec4 v0xb1d9a2093e40_0, 0, 1;
    %pushi/str "quad 2: differ cleared by sched_reset";
    %store/str v0xb1d9a2093f20_0;
    %fork TD_tb_comparator.check, S_0xb1d9a2093c90;
    %join;
    %free S_0xb1d9a2093c90;
    %alloc S_0xb1d9a2093c90;
    %load/vec4 v0xb1d9a2097270_0;
    %nor/r;
    %store/vec4 v0xb1d9a2093e40_0, 0, 1;
    %pushi/str "quad 2: complete cleared by sched_reset";
    %store/str v0xb1d9a2093f20_0;
    %fork TD_tb_comparator.check, S_0xb1d9a2093c90;
    %join;
    %free S_0xb1d9a2093c90;
    %alloc S_0xb1d9a2093fe0;
    %pushi/vec4 4, 0, 9;
    %store/vec4 v0xb1d9a20942c0_0, 0, 9;
    %pushi/vec4 0, 0, 9;
    %store/vec4 v0xb1d9a20943a0_0, 0, 9;
    %pushi/vec4 11, 0, 4;
    %store/vec4 v0xb1d9a20941e0_0, 0, 4;
    %fork TD_tb_comparator.feed, S_0xb1d9a2093fe0;
    %join;
    %free S_0xb1d9a2093fe0;
    %alloc S_0xb1d9a2093fe0;
    %pushi/vec4 7, 0, 9;
    %store/vec4 v0xb1d9a20942c0_0, 0, 9;
    %pushi/vec4 0, 0, 9;
    %store/vec4 v0xb1d9a20943a0_0, 0, 9;
    %pushi/vec4 12, 0, 4;
    %store/vec4 v0xb1d9a20941e0_0, 0, 4;
    %fork TD_tb_comparator.feed, S_0xb1d9a2093fe0;
    %join;
    %free S_0xb1d9a2093fe0;
    %alloc S_0xb1d9a2093fe0;
    %pushi/vec4 4, 0, 9;
    %store/vec4 v0xb1d9a20942c0_0, 0, 9;
    %pushi/vec4 3, 0, 9;
    %store/vec4 v0xb1d9a20943a0_0, 0, 9;
    %pushi/vec4 11, 0, 4;
    %store/vec4 v0xb1d9a20941e0_0, 0, 4;
    %fork TD_tb_comparator.feed, S_0xb1d9a2093fe0;
    %join;
    %free S_0xb1d9a2093fe0;
    %alloc S_0xb1d9a2093fe0;
    %pushi/vec4 7, 0, 9;
    %store/vec4 v0xb1d9a20942c0_0, 0, 9;
    %pushi/vec4 3, 0, 9;
    %store/vec4 v0xb1d9a20943a0_0, 0, 9;
    %pushi/vec4 11, 0, 4;
    %store/vec4 v0xb1d9a20941e0_0, 0, 4;
    %fork TD_tb_comparator.feed, S_0xb1d9a2093fe0;
    %join;
    %free S_0xb1d9a2093fe0;
    %alloc S_0xb1d9a2095070;
    %pushi/vec4 1, 0, 32;
    %store/vec4 v0xb1d9a2095250_0, 0, 32;
    %fork TD_tb_comparator.tick, S_0xb1d9a2095070;
    %join;
    %free S_0xb1d9a2095070;
    %alloc S_0xb1d9a2093c90;
    %load/vec4 v0xb1d9a20973b0_0;
    %store/vec4 v0xb1d9a2093e40_0, 0, 1;
    %pushi/str "quad 2: differ set";
    %store/str v0xb1d9a2093f20_0;
    %fork TD_tb_comparator.check, S_0xb1d9a2093c90;
    %join;
    %free S_0xb1d9a2093c90;
    %alloc S_0xb1d9a2093c90;
    %load/vec4 v0xb1d9a2097270_0;
    %store/vec4 v0xb1d9a2093e40_0, 0, 1;
    %pushi/str "quad 2: complete set";
    %store/str v0xb1d9a2093f20_0;
    %fork TD_tb_comparator.check, S_0xb1d9a2093c90;
    %join;
    %free S_0xb1d9a2093c90;
    %alloc S_0xb1d9a2094b80;
    %pushi/str "MULTI-QUAD \342\200\224 stale entries from previous quad are discarded";
    %store/str v0xb1d9a2094db0_0;
    %fork TD_tb_comparator.suite, S_0xb1d9a2094b80;
    %join;
    %free S_0xb1d9a2094b80;
    %alloc S_0xb1d9a2094460;
    %fork TD_tb_comparator.hard_reset, S_0xb1d9a2094460;
    %join;
    %free S_0xb1d9a2094460;
    %alloc S_0xb1d9a2094640;
    %pushi/vec4 0, 0, 9;
    %store/vec4 v0xb1d9a20949e0_0, 0, 9;
    %pushi/vec4 0, 0, 9;
    %store/vec4 v0xb1d9a2094aa0_0, 0, 9;
    %pushi/vec4 4, 0, 9;
    %store/vec4 v0xb1d9a2094900_0, 0, 9;
    %pushi/vec4 2, 0, 11;
    %store/vec4 v0xb1d9a2094820_0, 0, 11;
    %fork TD_tb_comparator.load_quad, S_0xb1d9a2094640;
    %join;
    %free S_0xb1d9a2094640;
    %alloc S_0xb1d9a2093fe0;
    %pushi/vec4 0, 0, 9;
    %store/vec4 v0xb1d9a20942c0_0, 0, 9;
    %pushi/vec4 0, 0, 9;
    %store/vec4 v0xb1d9a20943a0_0, 0, 9;
    %pushi/vec4 10, 0, 4;
    %store/vec4 v0xb1d9a20941e0_0, 0, 4;
    %fork TD_tb_comparator.feed, S_0xb1d9a2093fe0;
    %join;
    %free S_0xb1d9a2093fe0;
    %alloc S_0xb1d9a2094640;
    %pushi/vec4 8, 0, 9;
    %store/vec4 v0xb1d9a20949e0_0, 0, 9;
    %pushi/vec4 8, 0, 9;
    %store/vec4 v0xb1d9a2094aa0_0, 0, 9;
    %pushi/vec4 4, 0, 9;
    %store/vec4 v0xb1d9a2094900_0, 0, 9;
    %pushi/vec4 2, 0, 11;
    %store/vec4 v0xb1d9a2094820_0, 0, 11;
    %fork TD_tb_comparator.load_quad, S_0xb1d9a2094640;
    %join;
    %free S_0xb1d9a2094640;
    %alloc S_0xb1d9a2093fe0;
    %pushi/vec4 0, 0, 9;
    %store/vec4 v0xb1d9a20942c0_0, 0, 9;
    %pushi/vec4 0, 0, 9;
    %store/vec4 v0xb1d9a20943a0_0, 0, 9;
    %pushi/vec4 15, 0, 4;
    %store/vec4 v0xb1d9a20941e0_0, 0, 4;
    %fork TD_tb_comparator.feed, S_0xb1d9a2093fe0;
    %join;
    %free S_0xb1d9a2093fe0;
    %alloc S_0xb1d9a2095070;
    %pushi/vec4 1, 0, 32;
    %store/vec4 v0xb1d9a2095250_0, 0, 32;
    %fork TD_tb_comparator.tick, S_0xb1d9a2095070;
    %join;
    %free S_0xb1d9a2095070;
    %alloc S_0xb1d9a2093c90;
    %load/vec4 v0xb1d9a20973b0_0;
    %nor/r;
    %store/vec4 v0xb1d9a2093e40_0, 0, 1;
    %pushi/str "stale quad-1 entry discarded by quad-2 bounds check";
    %store/str v0xb1d9a2093f20_0;
    %fork TD_tb_comparator.check, S_0xb1d9a2093c90;
    %join;
    %free S_0xb1d9a2093c90;
    %alloc S_0xb1d9a2093c90;
    %load/vec4 v0xb1d9a2097270_0;
    %nor/r;
    %store/vec4 v0xb1d9a2093e40_0, 0, 1;
    %pushi/str "complete not set by discarded entry";
    %store/str v0xb1d9a2093f20_0;
    %fork TD_tb_comparator.check, S_0xb1d9a2093c90;
    %join;
    %free S_0xb1d9a2093c90;
    %alloc S_0xb1d9a2093fe0;
    %pushi/vec4 8, 0, 9;
    %store/vec4 v0xb1d9a20942c0_0, 0, 9;
    %pushi/vec4 8, 0, 9;
    %store/vec4 v0xb1d9a20943a0_0, 0, 9;
    %pushi/vec4 1, 0, 4;
    %store/vec4 v0xb1d9a20941e0_0, 0, 4;
    %fork TD_tb_comparator.feed, S_0xb1d9a2093fe0;
    %join;
    %free S_0xb1d9a2093fe0;
    %alloc S_0xb1d9a2095070;
    %pushi/vec4 1, 0, 32;
    %store/vec4 v0xb1d9a2095250_0, 0, 32;
    %fork TD_tb_comparator.tick, S_0xb1d9a2095070;
    %join;
    %free S_0xb1d9a2095070;
    %alloc S_0xb1d9a2093c90;
    %load/vec4 v0xb1d9a20973b0_0;
    %nor/r;
    %store/vec4 v0xb1d9a2093e40_0, 0, 1;
    %pushi/str "first valid quad-2 entry becomes reference \342\200\224 no differ";
    %store/str v0xb1d9a2093f20_0;
    %fork TD_tb_comparator.check, S_0xb1d9a2093c90;
    %join;
    %free S_0xb1d9a2093c90;
    %alloc S_0xb1d9a2094e90;
    %fork TD_tb_comparator.summary, S_0xb1d9a2094e90;
    %join;
    %free S_0xb1d9a2094e90;
    %vpi_call/w 8 316 "$finish" {0 0 0};
    %end;
    .thread T_13;
    .scope S_0xb1d9a1faf2e0;
T_14 ;
    %delay 1000000000, 0;
    %vpi_call/w 8 322 "$display", "\012[TIMEOUT] simulation exceeded limit" {0 0 0};
    %vpi_call/w 8 323 "$finish" {0 0 0};
    %end;
    .thread T_14;
# The file index is used to find the file name in the following table.
:file_names 10;
    "N/A";
    "<interactive>";
    "-";
    "hdl/queues/complete_queue_handler.sv";
    "hdl/queues/complete_queue.sv";
    "hdl/queues/fifo.sv";
    "hdl/queues/job_queue_handler.sv";
    "hdl/queues/job_queue.sv";
    "tb/comparator/tb_comparator.sv";
    "hdl/comparator/comparator.sv";
