#! /usr/bin/vvp
:ivl_version "11.0 (stable)";
:ivl_delay_selection "TYPICAL";
:vpi_time_precision - 12;
:vpi_module "/usr/lib/x86_64-linux-gnu/ivl/system.vpi";
:vpi_module "/usr/lib/x86_64-linux-gnu/ivl/vhdl_sys.vpi";
:vpi_module "/usr/lib/x86_64-linux-gnu/ivl/vhdl_textio.vpi";
:vpi_module "/usr/lib/x86_64-linux-gnu/ivl/v2005_math.vpi";
:vpi_module "/usr/lib/x86_64-linux-gnu/ivl/va_math.vpi";
:vpi_module "/usr/lib/x86_64-linux-gnu/ivl/v2009.vpi";
S_0x641567c6e880 .scope package, "$unit" "$unit" 2 1;
 .timescale 0 0;
S_0x641567c6b6d0 .scope module, "comparator" "comparator" 3 4;
 .timescale 0 0;
    .port_info 0 /INPUT 1 "clk";
    .port_info 1 /INPUT 1 "rst";
    .port_info 2 /INPUT 1 "sched_reset";
    .port_info 3 /INPUT 9 "top_left_x";
    .port_info 4 /INPUT 9 "top_left_y";
    .port_info 5 /INPUT 9 "quad_size";
    .port_info 6 /INPUT 11 "expected_count";
    .port_info 7 /INPUT 1 "comp_valid";
    .port_info 8 /INPUT 22 "comp_data";
    .port_info 9 /OUTPUT 1 "comp_pop";
    .port_info 10 /OUTPUT 1 "differ";
    .port_info 11 /OUTPUT 1 "complete";
L_0x641567ca2e70 .functor AND 1, L_0x641567cce6c0, L_0x641567cce930, C4<1>, C4<1>;
L_0x641567ca3520 .functor AND 1, L_0x641567ca2e70, L_0x641567cceb30, C4<1>, C4<1>;
L_0x641567c721c0 .functor AND 1, L_0x641567ca3520, L_0x641567ccee50, C4<1>, C4<1>;
o0x7881cd97f228 .functor BUFZ 1, C4<z>; HiZ drive
L_0x641567bd4cc0 .functor BUFZ 1, o0x7881cd97f228, C4<0>, C4<0>, C4<0>;
v0x641567c7ab50_0 .net *"_ivl_10", 0 0, L_0x641567cce930;  1 drivers
v0x641567c81650_0 .net *"_ivl_13", 0 0, L_0x641567ca2e70;  1 drivers
v0x641567ca2bd0_0 .net *"_ivl_14", 0 0, L_0x641567cceb30;  1 drivers
v0x641567ca3010_0 .net *"_ivl_17", 0 0, L_0x641567ca3520;  1 drivers
v0x641567ca3780_0 .net *"_ivl_18", 8 0, L_0x641567ccecc0;  1 drivers
v0x641567c722e0_0 .net *"_ivl_20", 0 0, L_0x641567ccee50;  1 drivers
v0x641567be6500_0 .net *"_ivl_6", 0 0, L_0x641567cce6c0;  1 drivers
v0x641567cbc5f0_0 .net *"_ivl_8", 8 0, L_0x641567cce810;  1 drivers
o0x7881cd97f198 .functor BUFZ 1, C4<z>; HiZ drive
v0x641567cbc6d0_0 .net "clk", 0 0, o0x7881cd97f198;  0 drivers
o0x7881cd97f1c8 .functor BUFZ 22, C4<zzzzzzzzzzzzzzzzzzzzzz>; HiZ drive
v0x641567cbc790_0 .net "comp_data", 21 0, o0x7881cd97f1c8;  0 drivers
v0x641567cbc870_0 .net "comp_pop", 0 0, L_0x641567bd4cc0;  1 drivers
v0x641567cbc930_0 .net "comp_valid", 0 0, o0x7881cd97f228;  0 drivers
v0x641567cbc9f0_0 .var "complete", 0 0;
v0x641567cbcab0_0 .var "differ", 0 0;
v0x641567cbcb70_0 .net "entry_colour", 3 0, L_0x641567cce620;  1 drivers
v0x641567cbcc50_0 .net "entry_x", 8 0, L_0x641567cce400;  1 drivers
v0x641567cbcd30_0 .net "entry_y", 8 0, L_0x641567cce500;  1 drivers
o0x7881cd97f348 .functor BUFZ 11, C4<zzzzzzzzzzz>; HiZ drive
v0x641567cbce10_0 .net "expected_count", 10 0, o0x7881cd97f348;  0 drivers
v0x641567cbcef0_0 .net "in_bounds", 0 0, L_0x641567c721c0;  1 drivers
o0x7881cd97f3a8 .functor BUFZ 9, C4<zzzzzzzzz>; HiZ drive
v0x641567cbcfb0_0 .net "quad_size", 8 0, o0x7881cd97f3a8;  0 drivers
v0x641567cbd090_0 .var "ref_colour", 3 0;
v0x641567cbd170_0 .var "ref_valid", 0 0;
o0x7881cd97f438 .functor BUFZ 1, C4<z>; HiZ drive
v0x641567cbd230_0 .net "rst", 0 0, o0x7881cd97f438;  0 drivers
o0x7881cd97f468 .functor BUFZ 1, C4<z>; HiZ drive
v0x641567cbd2f0_0 .net "sched_reset", 0 0, o0x7881cd97f468;  0 drivers
v0x641567cbd3b0_0 .var "seen_count", 10 0;
o0x7881cd97f4c8 .functor BUFZ 9, C4<zzzzzzzzz>; HiZ drive
v0x641567cbd490_0 .net "top_left_x", 8 0, o0x7881cd97f4c8;  0 drivers
o0x7881cd97f4f8 .functor BUFZ 9, C4<zzzzzzzzz>; HiZ drive
v0x641567cbd570_0 .net "top_left_y", 8 0, o0x7881cd97f4f8;  0 drivers
E_0x641567bd7370 .event posedge, v0x641567cbc6d0_0;
L_0x641567cce400 .part o0x7881cd97f1c8, 0, 9;
L_0x641567cce500 .part o0x7881cd97f1c8, 9, 9;
L_0x641567cce620 .part o0x7881cd97f1c8, 18, 4;
L_0x641567cce6c0 .cmp/ge 9, L_0x641567cce400, o0x7881cd97f4c8;
L_0x641567cce810 .arith/sum 9, o0x7881cd97f4c8, o0x7881cd97f3a8;
L_0x641567cce930 .cmp/gt 9, L_0x641567cce810, L_0x641567cce400;
L_0x641567cceb30 .cmp/ge 9, L_0x641567cce500, o0x7881cd97f4f8;
L_0x641567ccecc0 .arith/sum 9, o0x7881cd97f4f8, o0x7881cd97f3a8;
L_0x641567ccee50 .cmp/gt 9, L_0x641567ccecc0, L_0x641567cce500;
S_0x641567c822c0 .scope module, "complete_queue_handler" "complete_queue_handler" 4 5;
 .timescale 0 0;
    .port_info 0 /INPUT 1 "clk";
    .port_info 1 /INPUT 1 "rst";
    .port_info 2 /INPUT 1 "done";
    .port_info 3 /INPUT 9 "iter_x";
    .port_info 4 /INPUT 9 "iter_y";
    .port_info 5 /INPUT 4 "iter_colour";
    .port_info 6 /INPUT 1 "comp_pop";
    .port_info 7 /OUTPUT 1 "comp_valid";
    .port_info 8 /OUTPUT 22 "comp_data";
    .port_info 9 /OUTPUT 1 "full_err";
o0x7881cd97fe28 .functor BUFZ 1, C4<z>; HiZ drive
L_0x641567ccf680 .functor AND 1, o0x7881cd97fe28, L_0x641567ccf5b0, C4<1>, C4<1>;
L_0x641567ccf720 .functor AND 1, o0x7881cd97fe28, L_0x641567ccf010, C4<1>, C4<1>;
v0x641567cbf5c0_0 .net *"_ivl_3", 0 0, L_0x641567ccf5b0;  1 drivers
o0x7881cd97f858 .functor BUFZ 1, C4<z>; HiZ drive
v0x641567cbf6a0_0 .net "clk", 0 0, o0x7881cd97f858;  0 drivers
v0x641567cbf760_0 .net "comp_data", 21 0, L_0x641567ca8ec0;  1 drivers
o0x7881cd97f9d8 .functor BUFZ 1, C4<z>; HiZ drive
v0x641567cbf850_0 .net "comp_pop", 0 0, o0x7881cd97f9d8;  0 drivers
v0x641567cbf940_0 .net "comp_valid", 0 0, L_0x641567ccf7e0;  1 drivers
v0x641567cbfa30_0 .net "done", 0 0, o0x7881cd97fe28;  0 drivers
v0x641567cbfaf0_0 .net "full_err", 0 0, L_0x641567ccf720;  1 drivers
o0x7881cd97fe88 .functor BUFZ 4, C4<zzzz>; HiZ drive
v0x641567cbfbb0_0 .net "iter_colour", 3 0, o0x7881cd97fe88;  0 drivers
o0x7881cd97feb8 .functor BUFZ 9, C4<zzzzzzzzz>; HiZ drive
v0x641567cbfc90_0 .net "iter_x", 8 0, o0x7881cd97feb8;  0 drivers
o0x7881cd97fee8 .functor BUFZ 9, C4<zzzzzzzzz>; HiZ drive
v0x641567cbfd70_0 .net "iter_y", 8 0, o0x7881cd97fee8;  0 drivers
v0x641567cbfe50_0 .net "q_data_in", 21 0, L_0x641567ccf450;  1 drivers
v0x641567cbff10_0 .net "q_empty", 0 0, L_0x641567ccf0b0;  1 drivers
v0x641567cc0000_0 .net "q_full", 0 0, L_0x641567ccf010;  1 drivers
v0x641567cc00f0_0 .net "q_push", 0 0, L_0x641567ccf680;  1 drivers
o0x7881cd97fa38 .functor BUFZ 1, C4<z>; HiZ drive
v0x641567cc01e0_0 .net "rst", 0 0, o0x7881cd97fa38;  0 drivers
L_0x641567ccf450 .concat [ 9 9 4 0], o0x7881cd97feb8, o0x7881cd97fee8, o0x7881cd97fe88;
L_0x641567ccf5b0 .reduce/nor L_0x641567ccf010;
L_0x641567ccf7e0 .reduce/nor L_0x641567ccf0b0;
S_0x641567cbd7d0 .scope module, "u_complete_queue" "complete_queue" 4 28, 5 3 0, S_0x641567c822c0;
 .timescale 0 0;
    .port_info 0 /INPUT 1 "clk";
    .port_info 1 /INPUT 1 "rst";
    .port_info 2 /INPUT 1 "push";
    .port_info 3 /INPUT 22 "data_in";
    .port_info 4 /INPUT 1 "pop";
    .port_info 5 /OUTPUT 22 "data_out";
    .port_info 6 /OUTPUT 1 "full";
    .port_info 7 /OUTPUT 1 "empty";
v0x641567cbef10_0 .net "clk", 0 0, o0x7881cd97f858;  alias, 0 drivers
v0x641567cbefd0_0 .net "data_in", 21 0, L_0x641567ccf450;  alias, 1 drivers
v0x641567cbf070_0 .net "data_out", 21 0, L_0x641567ca8ec0;  alias, 1 drivers
v0x641567cbf170_0 .net "empty", 0 0, L_0x641567ccf0b0;  alias, 1 drivers
v0x641567cbf240_0 .net "full", 0 0, L_0x641567ccf010;  alias, 1 drivers
v0x641567cbf2e0_0 .net "pop", 0 0, o0x7881cd97f9d8;  alias, 0 drivers
v0x641567cbf3b0_0 .net "push", 0 0, L_0x641567ccf680;  alias, 1 drivers
v0x641567cbf480_0 .net "rst", 0 0, o0x7881cd97fa38;  alias, 0 drivers
S_0x641567cbda50 .scope module, "u_fifo" "fifo" 5 22, 6 4 0, S_0x641567cbd7d0;
 .timescale 0 0;
    .port_info 0 /INPUT 1 "clk";
    .port_info 1 /INPUT 1 "rst";
    .port_info 2 /INPUT 1 "flush";
    .port_info 3 /INPUT 1 "push";
    .port_info 4 /INPUT 22 "data_in";
    .port_info 5 /INPUT 1 "pop";
    .port_info 6 /OUTPUT 22 "data_out";
    .port_info 7 /OUTPUT 1 "full";
    .port_info 8 /OUTPUT 1 "empty";
P_0x641567cbdc00 .param/l "DATA_WIDTH" 0 6 5, +C4<00000000000000000000000000010110>;
P_0x641567cbdc40 .param/l "DEPTH" 0 6 6, +C4<00000000000000000000000000100000>;
P_0x641567cbdc80 .param/l "PTR_W" 1 6 22, +C4<00000000000000000000000000000101>;
L_0x641567ca8ec0 .functor BUFZ 22, L_0x641567ccf1f0, C4<0000000000000000000000>, C4<0000000000000000000000>, C4<0000000000000000000000>;
L_0x7881cd936018 .functor BUFT 1, C4<100000>, C4<0>, C4<0>, C4<0>;
v0x641567cbdee0_0 .net/2u *"_ivl_0", 5 0, L_0x7881cd936018;  1 drivers
v0x641567cbdfe0_0 .net *"_ivl_10", 6 0, L_0x641567ccf290;  1 drivers
L_0x7881cd9360a8 .functor BUFT 1, C4<00>, C4<0>, C4<0>, C4<0>;
v0x641567cbe0c0_0 .net *"_ivl_13", 1 0, L_0x7881cd9360a8;  1 drivers
L_0x7881cd936060 .functor BUFT 1, C4<000000>, C4<0>, C4<0>, C4<0>;
v0x641567cbe180_0 .net/2u *"_ivl_4", 5 0, L_0x7881cd936060;  1 drivers
v0x641567cbe260_0 .net *"_ivl_8", 21 0, L_0x641567ccf1f0;  1 drivers
v0x641567cbe390_0 .net "clk", 0 0, o0x7881cd97f858;  alias, 0 drivers
v0x641567cbe450_0 .var "count", 5 0;
v0x641567cbe530_0 .net "data_in", 21 0, L_0x641567ccf450;  alias, 1 drivers
v0x641567cbe610_0 .net "data_out", 21 0, L_0x641567ca8ec0;  alias, 1 drivers
v0x641567cbe6f0_0 .net "empty", 0 0, L_0x641567ccf0b0;  alias, 1 drivers
L_0x7881cd9360f0 .functor BUFT 1, C4<0>, C4<0>, C4<0>, C4<0>;
v0x641567cbe7b0_0 .net "flush", 0 0, L_0x7881cd9360f0;  1 drivers
v0x641567cbe870_0 .net "full", 0 0, L_0x641567ccf010;  alias, 1 drivers
v0x641567cbe930_0 .var "head", 4 0;
v0x641567cbea10 .array "mem", 31 0, 21 0;
v0x641567cbead0_0 .net "pop", 0 0, o0x7881cd97f9d8;  alias, 0 drivers
v0x641567cbeb90_0 .net "push", 0 0, L_0x641567ccf680;  alias, 1 drivers
v0x641567cbec50_0 .net "rst", 0 0, o0x7881cd97fa38;  alias, 0 drivers
v0x641567cbed10_0 .var "tail", 4 0;
E_0x641567bd2fd0 .event posedge, v0x641567cbe390_0;
L_0x641567ccf010 .cmp/eq 6, v0x641567cbe450_0, L_0x7881cd936018;
L_0x641567ccf0b0 .cmp/eq 6, v0x641567cbe450_0, L_0x7881cd936060;
L_0x641567ccf1f0 .array/port v0x641567cbea10, L_0x641567ccf290;
L_0x641567ccf290 .concat [ 5 2 0 0], v0x641567cbed10_0, L_0x7881cd9360a8;
S_0x641567c62800 .scope module, "job_queue_handler" "job_queue_handler" 7 4;
 .timescale 0 0;
    .port_info 0 /INPUT 1 "clk";
    .port_info 1 /INPUT 1 "rst";
    .port_info 2 /INPUT 18 "sched_coord";
    .port_info 3 /INPUT 1 "sched_push";
    .port_info 4 /OUTPUT 1 "sched_stall";
    .port_info 5 /INPUT 1 "flush";
    .port_info 6 /INPUT 1 "wants_job";
    .port_info 7 /OUTPUT 1 "grant";
    .port_info 8 /OUTPUT 18 "coord_out";
L_0x641567cdfe80 .functor BUFZ 1, L_0x641567cdf950, C4<0>, C4<0>, C4<0>;
o0x7881cd980848 .functor BUFZ 1, C4<z>; HiZ drive
L_0x641567ce0020 .functor AND 1, o0x7881cd980848, L_0x641567cdff80, C4<1>, C4<1>;
o0x7881cd9808a8 .functor BUFZ 1, C4<z>; HiZ drive
L_0x641567ce01f0 .functor AND 1, o0x7881cd9808a8, L_0x641567ce00c0, C4<1>, C4<1>;
v0x641567cc24b0_0 .net *"_ivl_3", 0 0, L_0x641567cdff80;  1 drivers
v0x641567cc2590_0 .net *"_ivl_7", 0 0, L_0x641567ce00c0;  1 drivers
o0x7881cd9801e8 .functor BUFZ 1, C4<z>; HiZ drive
v0x641567cc2650_0 .net "clk", 0 0, o0x7881cd9801e8;  0 drivers
v0x641567cc2720_0 .var "coord_out", 17 0;
o0x7881cd9802d8 .functor BUFZ 1, C4<z>; HiZ drive
v0x641567cc27e0_0 .net "flush", 0 0, o0x7881cd9802d8;  0 drivers
v0x641567cc2920_0 .var "grant", 0 0;
v0x641567cc29e0_0 .net "q_data_out", 17 0, L_0x641567cdfdc0;  1 drivers
v0x641567cc2af0_0 .net "q_empty", 0 0, L_0x641567cdfa40;  1 drivers
v0x641567cc2be0_0 .net "q_full", 0 0, L_0x641567cdf950;  1 drivers
v0x641567cc2c80_0 .net "q_pop", 0 0, L_0x641567ce01f0;  1 drivers
v0x641567cc2d70_0 .net "q_push", 0 0, L_0x641567ce0020;  1 drivers
o0x7881cd9803c8 .functor BUFZ 1, C4<z>; HiZ drive
v0x641567cc2e60_0 .net "rst", 0 0, o0x7881cd9803c8;  0 drivers
o0x7881cd980248 .functor BUFZ 18, C4<zzzzzzzzzzzzzzzzzz>; HiZ drive
v0x641567cc2f50_0 .net "sched_coord", 17 0, o0x7881cd980248;  0 drivers
v0x641567cc3060_0 .net "sched_push", 0 0, o0x7881cd980848;  0 drivers
v0x641567cc3120_0 .net "sched_stall", 0 0, L_0x641567cdfe80;  1 drivers
v0x641567cc31e0_0 .net "wants_job", 0 0, o0x7881cd9808a8;  0 drivers
L_0x641567cdff80 .reduce/nor L_0x641567cdf950;
L_0x641567ce00c0 .reduce/nor L_0x641567cdfa40;
S_0x641567cc0470 .scope module, "u_job_queue" "job_queue" 7 27, 8 3 0, S_0x641567c62800;
 .timescale 0 0;
    .port_info 0 /INPUT 1 "clk";
    .port_info 1 /INPUT 1 "rst";
    .port_info 2 /INPUT 1 "flush";
    .port_info 3 /INPUT 1 "push";
    .port_info 4 /INPUT 18 "data_in";
    .port_info 5 /INPUT 1 "pop";
    .port_info 6 /OUTPUT 18 "data_out";
    .port_info 7 /OUTPUT 1 "full";
    .port_info 8 /OUTPUT 1 "empty";
v0x641567cc1e10_0 .net "clk", 0 0, o0x7881cd9801e8;  alias, 0 drivers
v0x641567cc1ed0_0 .net "data_in", 17 0, o0x7881cd980248;  alias, 0 drivers
v0x641567cc1f70_0 .net "data_out", 17 0, L_0x641567cdfdc0;  alias, 1 drivers
v0x641567cc2010_0 .net "empty", 0 0, L_0x641567cdfa40;  alias, 1 drivers
v0x641567cc20b0_0 .net "flush", 0 0, o0x7881cd9802d8;  alias, 0 drivers
v0x641567cc2150_0 .net "full", 0 0, L_0x641567cdf950;  alias, 1 drivers
v0x641567cc2220_0 .net "pop", 0 0, L_0x641567ce01f0;  alias, 1 drivers
v0x641567cc22f0_0 .net "push", 0 0, L_0x641567ce0020;  alias, 1 drivers
v0x641567cc23c0_0 .net "rst", 0 0, o0x7881cd9803c8;  alias, 0 drivers
S_0x641567cc07a0 .scope module, "u_fifo" "fifo" 8 23, 6 4 0, S_0x641567cc0470;
 .timescale 0 0;
    .port_info 0 /INPUT 1 "clk";
    .port_info 1 /INPUT 1 "rst";
    .port_info 2 /INPUT 1 "flush";
    .port_info 3 /INPUT 1 "push";
    .port_info 4 /INPUT 18 "data_in";
    .port_info 5 /INPUT 1 "pop";
    .port_info 6 /OUTPUT 18 "data_out";
    .port_info 7 /OUTPUT 1 "full";
    .port_info 8 /OUTPUT 1 "empty";
P_0x641567cc09a0 .param/l "DATA_WIDTH" 0 6 5, +C4<00000000000000000000000000010010>;
P_0x641567cc09e0 .param/l "DEPTH" 0 6 6, +C4<00000000000000000000100000000000>;
P_0x641567cc0a20 .param/l "PTR_W" 1 6 22, +C4<00000000000000000000000000001011>;
L_0x641567cdfdc0 .functor BUFZ 18, L_0x641567cdfb80, C4<000000000000000000>, C4<000000000000000000>, C4<000000000000000000>;
L_0x7881cd936138 .functor BUFT 1, C4<100000000000>, C4<0>, C4<0>, C4<0>;
v0x641567cc0cd0_0 .net/2u *"_ivl_0", 11 0, L_0x7881cd936138;  1 drivers
v0x641567cc0dd0_0 .net *"_ivl_10", 12 0, L_0x641567cdfc20;  1 drivers
L_0x7881cd9361c8 .functor BUFT 1, C4<00>, C4<0>, C4<0>, C4<0>;
v0x641567cc0eb0_0 .net *"_ivl_13", 1 0, L_0x7881cd9361c8;  1 drivers
L_0x7881cd936180 .functor BUFT 1, C4<000000000000>, C4<0>, C4<0>, C4<0>;
v0x641567cc0f70_0 .net/2u *"_ivl_4", 11 0, L_0x7881cd936180;  1 drivers
v0x641567cc1050_0 .net *"_ivl_8", 17 0, L_0x641567cdfb80;  1 drivers
v0x641567cc1180_0 .net "clk", 0 0, o0x7881cd9801e8;  alias, 0 drivers
v0x641567cc1240_0 .var "count", 11 0;
v0x641567cc1320_0 .net "data_in", 17 0, o0x7881cd980248;  alias, 0 drivers
v0x641567cc1400_0 .net "data_out", 17 0, L_0x641567cdfdc0;  alias, 1 drivers
v0x641567cc14e0_0 .net "empty", 0 0, L_0x641567cdfa40;  alias, 1 drivers
v0x641567cc15a0_0 .net "flush", 0 0, o0x7881cd9802d8;  alias, 0 drivers
v0x641567cc1660_0 .net "full", 0 0, L_0x641567cdf950;  alias, 1 drivers
v0x641567cc1720_0 .var "head", 10 0;
v0x641567cc1800 .array "mem", 2047 0, 17 0;
v0x641567cc18c0_0 .net "pop", 0 0, L_0x641567ce01f0;  alias, 1 drivers
v0x641567cc1980_0 .net "push", 0 0, L_0x641567ce0020;  alias, 1 drivers
v0x641567cc1a40_0 .net "rst", 0 0, o0x7881cd9803c8;  alias, 0 drivers
v0x641567cc1c10_0 .var "tail", 10 0;
E_0x641567bd3410 .event posedge, v0x641567cc1180_0;
L_0x641567cdf950 .cmp/eq 12, v0x641567cc1240_0, L_0x7881cd936138;
L_0x641567cdfa40 .cmp/eq 12, v0x641567cc1240_0, L_0x7881cd936180;
L_0x641567cdfb80 .array/port v0x641567cc1800, L_0x641567cdfc20;
L_0x641567cdfc20 .concat [ 11 2 0 0], v0x641567cc1c10_0, L_0x7881cd9361c8;
S_0x641567c71040 .scope module, "tb_multiply_manager" "tb_multiply_manager" 9 39;
 .timescale -9 -12;
P_0x641567b849d0 .param/l "INTEGER_BITS" 1 9 43, +C4<00000000000000000000000000000010>;
P_0x641567b84a10 .param/l "ITERATION_COUNT_WIDTH" 1 9 44, +C4<00000000000000000000000000010000>;
P_0x641567b84a50 .param/l "LOW" 1 9 45, +C4<00000000000000000000000000000000>;
P_0x641567b84a90 .param/l "NARROW_WIDTH" 1 9 42, +C4<00000000000000000000000000010010>;
P_0x641567b84ad0 .param/l "NFRAC" 1 9 48, +C4<00000000000000000000000000010000>;
P_0x641567b84b10 .param/l "PFRAC" 1 9 50, +C4<00000000000000000000000000100000>;
P_0x641567b84b50 .param/l "PWIDTH" 1 9 49, +C4<00000000000000000000000000100100>;
v0x641567ccd180_0 .var/2u "checks", 31 0;
v0x641567ccd280_0 .var "clk", 0 0;
v0x641567ccd340_0 .net "done", 0 0, v0x641567cc76b0_0;  1 drivers
v0x641567ccd440_0 .net "done_side", 0 0, v0x641567cc7770_0;  1 drivers
v0x641567ccd510_0 .var/2u "errors", 31 0;
v0x641567ccd600_0 .net "iteration_out", 15 0, v0x641567cc7c00_0;  1 drivers
v0x641567ccd6a0_0 .var/s "julia_c_x", 17 0;
v0x641567ccd770_0 .var/s "julia_c_y", 17 0;
v0x641567ccd840_0 .var "julia_type", 0 0;
v0x641567ccd9a0_0 .var "kill", 0 0;
v0x641567ccda70_0 .var "magnitude_negation_encoding", 3 0;
v0x641567ccdb10_0 .var "max_iteration", 4 0;
v0x641567ccdc00_0 .var "received", 0 0;
v0x641567ccdca0_0 .var "rst", 0 0;
v0x641567ccdd40_0 .var "start_left", 0 0;
v0x641567ccde10_0 .var "start_right", 0 0;
v0x641567ccdee0_0 .var "start_wide", 0 0;
v0x641567cce0c0_0 .var/s "starting_x_reg_1", 17 0;
v0x641567cce190_0 .var/s "starting_x_reg_2", 17 0;
v0x641567cce260_0 .var/s "starting_y_reg_1", 17 0;
v0x641567cce330_0 .var/s "starting_y_reg_2", 17 0;
S_0x641567cc3410 .scope begin, "$unm_blk_59" "$unm_blk_59" 9 392, 9 392 0, S_0x641567c71040;
 .timescale -9 -12;
E_0x641567ba7030 .event posedge, v0x641567cc75d0_0;
E_0x641567ca70f0 .event negedge, v0x641567cc75d0_0;
S_0x641567cc3620 .scope autofunction.vec4.u36, "alter" "alter" 9 112, 9 112 0, S_0x641567c71040;
 .timescale -9 -12;
; Variable alter is vec4 return value of scope S_0x641567cc3620
v0x641567cc3900_0 .var "do_abs", 0 0;
v0x641567cc39c0_0 .var "do_neg", 0 0;
v0x641567cc3a60_0 .var/s "t", 35 0;
v0x641567cc3b40_0 .var/s "v", 35 0;
TD_tb_multiply_manager.alter ;
    %load/vec4 v0x641567cc3b40_0;
    %store/vec4 v0x641567cc3a60_0, 0, 36;
    %load/vec4 v0x641567cc3900_0;
    %flag_set/vec4 8;
    %jmp/0xz  T_0.0, 8;
    %load/vec4 v0x641567cc3a60_0;
    %cmpi/s 0, 0, 36;
    %flag_mov 8, 5;
    %jmp/0 T_0.2, 8;
    %load/vec4 v0x641567cc3a60_0;
    %inv;
    %pushi/vec4 1, 0, 36;
    %add;
    %jmp/1 T_0.3, 8;
T_0.2 ; End of true expr.
    %load/vec4 v0x641567cc3a60_0;
    %jmp/0 T_0.3, 8;
 ; End of false expr.
    %blend;
T_0.3;
    %store/vec4 v0x641567cc3a60_0, 0, 36;
T_0.0 ;
    %load/vec4 v0x641567cc39c0_0;
    %flag_set/vec4 8;
    %jmp/0xz  T_0.4, 8;
    %load/vec4 v0x641567cc3a60_0;
    %inv;
    %pushi/vec4 1, 0, 36;
    %add;
    %store/vec4 v0x641567cc3a60_0, 0, 36;
T_0.4 ;
    %load/vec4 v0x641567cc3a60_0;
    %ret/vec4 0, 0, 36;  Assign to alter (store_vec4_to_lval)
    %disable S_0x641567cc3620;
    %end;
S_0x641567cc3c70 .scope autofunction.void, "check" "check" 9 250, 9 250 0, S_0x641567c71040;
 .timescale -9 -12;
v0x641567cc3e50_0 .var "cond", 0 0;
v0x641567cc3f10_0 .var/str "msg";
TD_tb_multiply_manager.check ;
    ; show_stmt_assign_vector: Get l-value for compressed += operand
    %load/vec4 v0x641567ccd180_0;
    %pushi/vec4 1, 0, 32;
    %add;
    %cast2;
    %store/vec4 v0x641567ccd180_0, 0, 32;
    %load/vec4 v0x641567cc3e50_0;
    %nor/r;
    %flag_set/vec4 8;
    %jmp/0xz  T_1.6, 8;
    ; show_stmt_assign_vector: Get l-value for compressed += operand
    %load/vec4 v0x641567ccd510_0;
    %pushi/vec4 1, 0, 32;
    %add;
    %cast2;
    %store/vec4 v0x641567ccd510_0, 0, 32;
    %vpi_call/w 9 254 "$display", "  [FAIL] %s   (t=%0t)", v0x641567cc3f10_0, $time {0 0 0};
T_1.6 ;
    %end;
S_0x641567cc3fd0 .scope autotask, "do_reset" "do_reset" 9 237, 9 237 0, S_0x641567c71040;
 .timescale -9 -12;
TD_tb_multiply_manager.do_reset ;
    %pushi/vec4 1, 0, 1;
    %store/vec4 v0x641567ccdca0_0, 0, 1;
    %pushi/vec4 0, 0, 1;
    %store/vec4 v0x641567ccd9a0_0, 0, 1;
    %pushi/vec4 0, 0, 1;
    %store/vec4 v0x641567ccdc00_0, 0, 1;
    %pushi/vec4 0, 0, 1;
    %store/vec4 v0x641567ccdd40_0, 0, 1;
    %pushi/vec4 0, 0, 1;
    %store/vec4 v0x641567ccde10_0, 0, 1;
    %pushi/vec4 0, 0, 1;
    %store/vec4 v0x641567ccdee0_0, 0, 1;
    %pushi/vec4 0, 0, 1;
    %store/vec4 v0x641567ccd840_0, 0, 1;
    %pushi/vec4 0, 0, 4;
    %store/vec4 v0x641567ccda70_0, 0, 4;
    %pushi/vec4 0, 0, 5;
    %store/vec4 v0x641567ccdb10_0, 0, 5;
    %pushi/vec4 0, 0, 18;
    %store/vec4 v0x641567ccd6a0_0, 0, 18;
    %pushi/vec4 0, 0, 18;
    %store/vec4 v0x641567ccd770_0, 0, 18;
    %pushi/vec4 0, 0, 18;
    %store/vec4 v0x641567cce0c0_0, 0, 18;
    %pushi/vec4 0, 0, 18;
    %store/vec4 v0x641567cce190_0, 0, 18;
    %pushi/vec4 0, 0, 18;
    %store/vec4 v0x641567cce260_0, 0, 18;
    %pushi/vec4 0, 0, 18;
    %store/vec4 v0x641567cce330_0, 0, 18;
    %pushi/vec4 3, 0, 32;
T_2.8 %dup/vec4;
    %pushi/vec4 0, 0, 32;
    %cmp/s;
    %jmp/1xz T_2.9, 5;
    %jmp/1 T_2.9, 4;
    %pushi/vec4 1, 0, 32;
    %sub;
    %wait E_0x641567ba7030;
    %jmp T_2.8;
T_2.9 ;
    %pop/vec4 1;
    %pushi/vec4 0, 0, 1;
    %store/vec4 v0x641567ccdca0_0, 0, 1;
    %wait E_0x641567ba7030;
    %end;
S_0x641567cc41b0 .scope module, "dut" "multiply_manager" 9 71, 10 41 0, S_0x641567c71040;
 .timescale 0 0;
    .port_info 0 /INPUT 1 "clk";
    .port_info 1 /INPUT 1 "rst";
    .port_info 2 /INPUT 1 "kill";
    .port_info 3 /INPUT 1 "received";
    .port_info 4 /INPUT 1 "start_left";
    .port_info 5 /INPUT 1 "start_right";
    .port_info 6 /INPUT 1 "start_wide";
    .port_info 7 /INPUT 1 "julia_type";
    .port_info 8 /INPUT 4 "magnitude_negation_encoding";
    .port_info 9 /INPUT 5 "max_iteration";
    .port_info 10 /INPUT 18 "julia_c_x";
    .port_info 11 /INPUT 18 "julia_c_y";
    .port_info 12 /INPUT 18 "starting_x_reg_1";
    .port_info 13 /INPUT 18 "starting_x_reg_2";
    .port_info 14 /INPUT 18 "starting_y_reg_1";
    .port_info 15 /INPUT 18 "starting_y_reg_2";
    .port_info 16 /OUTPUT 1 "done";
    .port_info 17 /OUTPUT 1 "done_side";
    .port_info 18 /OUTPUT 16 "iteration_out";
P_0x641567cc43e0 .param/l "INTEGER_BITS" 0 10 41, +C4<00000000000000000000000000000010>;
P_0x641567cc4420 .param/l "ITERATION_COUNT_WIDTH" 0 10 41, +C4<00000000000000000000000000010000>;
P_0x641567cc4460 .param/l "LOWEST_MAX_ITERATION_POWER" 0 10 41, +C4<00000000000000000000000000000000>;
P_0x641567cc44a0 .param/l "NARROW_FRACTIONAL_BITS" 1 10 70, +C4<000000000000000000000000000010000>;
P_0x641567cc44e0 .param/l "NARROW_WIDTH" 0 10 41, +C4<00000000000000000000000000010010>;
enum0x641567b83b80 .enum2/s (32)
   "T_IDLE" 0,
   "RUNNING" 1
 ;
enum0x641567b844e0 .enum2/s (32)
   "UNDEFINED" 0,
   "SPLIT" 1,
   "JOINED" 2
 ;
enum0x641567badb30 .enum2/s (32)
   "C_IDLE" 0,
   "ALTER_SUM" 1,
   "X_SQUARED" 2,
   "Y_SQUARED" 3,
   "TWO_I_XY" 4,
   "ADD_COORD" 5,
   "ADD_JULIA" 6,
   "DONE" 7
 ;
v0x641567cc75d0_0 .net "clk", 0 0, v0x641567ccd280_0;  1 drivers
v0x641567cc76b0_0 .var "done", 0 0;
v0x641567cc7770_0 .var "done_side", 0 0;
v0x641567cc7810_0 .net/s "encoded_x_reg_1", 35 0, v0x641567cc6af0_0;  1 drivers
v0x641567cc7900_0 .net/s "encoded_x_reg_2", 35 0, v0x641567cc6be0_0;  1 drivers
v0x641567cc79a0_0 .net/s "encoded_y_reg_1", 35 0, v0x641567cc6cc0_0;  1 drivers
v0x641567cc7a70_0 .net/s "encoded_y_reg_2", 35 0, v0x641567cc6df0_0;  1 drivers
v0x641567cc7b40_0 .var/2s "grouping_status", 31 0;
v0x641567cc7c00_0 .var "iteration_out", 15 0;
v0x641567cc7d70_0 .var "iteration_reg_1", 15 0;
v0x641567cc7e60_0 .var "iteration_reg_2", 15 0;
v0x641567cc7f20_0 .net/s "julia_c_x", 17 0, v0x641567ccd6a0_0;  1 drivers
v0x641567cc8000_0 .net/s "julia_c_y", 17 0, v0x641567ccd770_0;  1 drivers
v0x641567cc80e0_0 .net "julia_type", 0 0, v0x641567ccd840_0;  1 drivers
v0x641567cc81a0_0 .net "kill", 0 0, v0x641567ccd9a0_0;  1 drivers
v0x641567cc8260_0 .var/2s "left_cycle", 31 0;
v0x641567cc8340_0 .net "left_magnitude_flag", 0 0, v0x641567cc5790_0;  1 drivers
v0x641567cc8410_0 .net "left_max_iteration_flag", 0 0, L_0x641567ce0aa0;  1 drivers
v0x641567cc84e0_0 .var "left_multiply_mode", 1 0;
v0x641567cc85b0_0 .net/s "left_multiply_result", 35 0, v0x641567cc5e00_0;  1 drivers
v0x641567cc8680_0 .var/2s "left_thread", 31 0;
v0x641567cc8720_0 .net "magnitude_negation_encoding", 3 0, v0x641567ccda70_0;  1 drivers
v0x641567cc8810_0 .var/s "magnitude_reg_1", 35 0;
v0x641567cc88e0_0 .var/s "magnitude_reg_2", 35 0;
v0x641567cc89a0_0 .net "max_iteration", 4 0, v0x641567ccdb10_0;  1 drivers
v0x641567cc8a90_0 .net "received", 0 0, v0x641567ccdc00_0;  1 drivers
v0x641567cc8b30_0 .var/2s "right_cycle", 31 0;
v0x641567cc8c10_0 .var/2s "right_thread", 31 0;
v0x641567cc8cf0_0 .net "rst", 0 0, v0x641567ccdca0_0;  1 drivers
v0x641567cc8db0_0 .var/s "spare_x_reg_1", 17 0;
v0x641567cc8ea0_0 .net "start_left", 0 0, v0x641567ccdd40_0;  1 drivers
v0x641567cc8f40_0 .net "start_right", 0 0, v0x641567ccde10_0;  1 drivers
v0x641567cc9000_0 .net "start_wide", 0 0, v0x641567ccdee0_0;  1 drivers
v0x641567cc90c0_0 .net/s "starting_x_reg_1", 17 0, v0x641567cce0c0_0;  1 drivers
v0x641567cc91a0_0 .net/s "starting_x_reg_2", 17 0, v0x641567cce190_0;  1 drivers
v0x641567cc9280_0 .net/s "starting_y_reg_1", 17 0, v0x641567cce260_0;  1 drivers
v0x641567cc9360_0 .net/s "starting_y_reg_2", 17 0, v0x641567cce330_0;  1 drivers
v0x641567cc9440_0 .var/s "sum_x_reg_1", 35 0;
v0x641567cc9530_0 .var/s "sum_x_reg_2", 35 0;
v0x641567cc9600_0 .var/s "sum_y_reg_1", 35 0;
v0x641567cc96d0_0 .var/s "sum_y_reg_2", 35 0;
E_0x641567ca8c70/0 .event edge, v0x641567cc5150_0, v0x641567cc7b40_0, v0x641567cc8260_0, v0x641567cc8b30_0;
E_0x641567ca8c70/1 .event edge, v0x641567cc7e60_0;
E_0x641567ca8c70 .event/or E_0x641567ca8c70/0, E_0x641567ca8c70/1;
E_0x641567cc4950 .event edge, v0x641567cc8260_0;
L_0x641567ce0660 .part v0x641567cc9600_0, 16, 18;
S_0x641567cc49f0 .scope module, "left_iteration_flagger" "max_iteration_flagger" 10 157, 11 1 0, S_0x641567cc41b0;
 .timescale 0 0;
    .port_info 0 /INPUT 16 "iteration_count";
    .port_info 1 /INPUT 5 "max_iteration";
    .port_info 2 /OUTPUT 1 "flag";
P_0x641567ca2d00 .param/l "ITERATION_COUNT_WIDTH" 0 11 1, +C4<00000000000000000000000000010000>;
P_0x641567ca2d40 .param/l "LOWEST_MAX_ITERATION_POWER" 0 11 1, +C4<00000000000000000000000000000000>;
v0x641567cc4cc0_0 .net *"_ivl_0", 31 0, L_0x641567ce0730;  1 drivers
L_0x7881cd936210 .functor BUFT 1, C4<000000000000000000000000000>, C4<0>, C4<0>, C4<0>;
v0x641567cc4dc0_0 .net *"_ivl_3", 26 0, L_0x7881cd936210;  1 drivers
L_0x7881cd936258 .functor BUFT 1, C4<00000000000000000000000000000000>, C4<0>, C4<0>, C4<0>;
v0x641567cc4ea0_0 .net/2u *"_ivl_4", 31 0, L_0x7881cd936258;  1 drivers
v0x641567cc4f60_0 .net *"_ivl_6", 31 0, L_0x641567ce0910;  1 drivers
v0x641567cc5040_0 .net "flag", 0 0, L_0x641567ce0aa0;  alias, 1 drivers
v0x641567cc5150_0 .net "iteration_count", 15 0, v0x641567cc7d70_0;  1 drivers
v0x641567cc5230_0 .net "max_iteration", 4 0, v0x641567ccdb10_0;  alias, 1 drivers
L_0x641567ce0730 .concat [ 5 27 0 0], v0x641567ccdb10_0, L_0x7881cd936210;
L_0x641567ce0910 .arith/sum 32, L_0x641567ce0730, L_0x7881cd936258;
L_0x641567ce0aa0 .part/v v0x641567cc7d70_0, L_0x641567ce0910, 1;
S_0x641567cc5390 .scope module, "left_magnitude" "magnitude_comparison_unit" 10 149, 12 1 0, S_0x641567cc41b0;
 .timescale 0 0;
    .port_info 0 /INPUT 36 "magnitude";
    .port_info 1 /OUTPUT 1 "mag_flag";
P_0x641567ca8f30 .param/l "INTEGER_BITS" 0 12 1, +C4<00000000000000000000000000000010>;
P_0x641567ca8f70 .param/l "NARROW_WIDTH" 0 12 1, +C4<00000000000000000000000000010010>;
v0x641567cc5790_0 .var "mag_flag", 0 0;
v0x641567cc5870_0 .net/s "magnitude", 35 0, v0x641567cc8810_0;  1 drivers
E_0x641567cc5710 .event edge, v0x641567cc5870_0;
S_0x641567cc59b0 .scope module, "left_multiply" "multiply" 10 137, 13 1 0, S_0x641567cc41b0;
 .timescale 0 0;
    .port_info 0 /INPUT 18 "x";
    .port_info 1 /INPUT 18 "y";
    .port_info 2 /INPUT 2 "mode";
    .port_info 3 /OUTPUT 36 "result";
P_0x641567cc5bc0 .param/l "NARROW_WIDTH" 0 13 1, +C4<00000000000000000000000000010010>;
v0x641567cc5d20_0 .net "mode", 1 0, v0x641567cc84e0_0;  1 drivers
v0x641567cc5e00_0 .var/s "result", 35 0;
v0x641567cc5ee0_0 .net/s "x", 17 0, v0x641567cc8db0_0;  1 drivers
v0x641567cc5fd0_0 .net/s "y", 17 0, L_0x641567ce0660;  1 drivers
E_0x641567cc5cc0 .event edge, v0x641567cc5d20_0, v0x641567cc5ee0_0, v0x641567cc5fd0_0;
S_0x641567cc6160 .scope module, "mag_neg_encoder" "sum_alter" 10 109, 14 1 0, S_0x641567cc41b0;
 .timescale 0 0;
    .port_info 0 /INPUT 36 "sum_x_reg_1";
    .port_info 1 /INPUT 36 "sum_x_reg_2";
    .port_info 2 /INPUT 36 "sum_y_reg_1";
    .port_info 3 /INPUT 36 "sum_y_reg_2";
    .port_info 4 /INPUT 4 "magnitude_negation_encoding";
    .port_info 5 /OUTPUT 36 "changed_sum_x_reg_1";
    .port_info 6 /OUTPUT 36 "changed_sum_x_reg_2";
    .port_info 7 /OUTPUT 36 "changed_sum_y_reg_1";
    .port_info 8 /OUTPUT 36 "changed_sum_y_reg_2";
P_0x641567cc6340 .param/l "INTEGER_BITS" 0 14 1, +C4<00000000000000000000000000000010>;
P_0x641567cc6380 .param/l "NARROW_WIDTH" 0 14 1, +C4<00000000000000000000000000010010>;
P_0x641567cc63c0 .param/l "SUM_FRACTIONAL_BITS" 1 14 18, +C4<00000000000000000000000000000000000000000000000000000000000100000>;
P_0x641567cc6400 .param/l "SUM_INT_BITS" 1 14 17, +C4<0000000000000000000000000000000000000000000000000000000000000100>;
v0x641567cc6950_0 .net "abs_x", 0 0, L_0x641567ce0290;  1 drivers
v0x641567cc6a30_0 .net "abs_y", 0 0, L_0x641567ce0490;  1 drivers
v0x641567cc6af0_0 .var/s "changed_sum_x_reg_1", 35 0;
v0x641567cc6be0_0 .var/s "changed_sum_x_reg_2", 35 0;
v0x641567cc6cc0_0 .var/s "changed_sum_y_reg_1", 35 0;
v0x641567cc6df0_0 .var/s "changed_sum_y_reg_2", 35 0;
v0x641567cc6ed0_0 .net "magnitude_negation_encoding", 3 0, v0x641567ccda70_0;  alias, 1 drivers
v0x641567cc6fb0_0 .net "neg_x", 0 0, L_0x641567ce0330;  1 drivers
v0x641567cc7070_0 .net "neg_y", 0 0, L_0x641567ce0560;  1 drivers
v0x641567cc7130_0 .net/s "sum_x_reg_1", 35 0, v0x641567cc9440_0;  1 drivers
v0x641567cc7210_0 .net/s "sum_x_reg_2", 35 0, v0x641567cc9530_0;  1 drivers
v0x641567cc72f0_0 .net/s "sum_y_reg_1", 35 0, v0x641567cc9600_0;  1 drivers
v0x641567cc73d0_0 .net/s "sum_y_reg_2", 35 0, v0x641567cc96d0_0;  1 drivers
E_0x641567cc68a0/0 .event edge, v0x641567cc7130_0, v0x641567cc7210_0, v0x641567cc72f0_0, v0x641567cc73d0_0;
E_0x641567cc68a0/1 .event edge, v0x641567cc6950_0, v0x641567cc6fb0_0, v0x641567cc6a30_0, v0x641567cc7070_0;
E_0x641567cc68a0 .event/or E_0x641567cc68a0/0, E_0x641567cc68a0/1;
L_0x641567ce0290 .part v0x641567ccda70_0, 3, 1;
L_0x641567ce0330 .part v0x641567ccda70_0, 1, 1;
L_0x641567ce0490 .part v0x641567ccda70_0, 2, 1;
L_0x641567ce0560 .part v0x641567ccda70_0, 0, 1;
S_0x641567cc9a80 .scope autofunction.vec4.s1, "escaped" "escaped" 9 145, 9 145 0, S_0x641567c71040;
 .timescale -9 -12;
; Variable escaped is vec4 return value of scope S_0x641567cc9a80
v0x641567cc9c50_0 .var/s "mag", 35 0;
TD_tb_multiply_manager.escaped ;
    %load/vec4 v0x641567cc9c50_0;
    %parti/s 2, 34, 7;
    %or/r;
    %ret/vec4 0, 0, 1;  Assign to escaped (store_vec4_to_lval)
    %disable S_0x641567cc9a80;
    %end;
S_0x641567cc9d30 .scope autofunction.vec2.s32, "golden_iterations" "golden_iterations" 9 164, 9 164 0, S_0x641567c71040;
 .timescale -9 -12;
v0x641567cc9f10_0 .var/s "ax", 35 0;
v0x641567cca010_0 .var/s "ay", 35 0;
v0x641567cca0f0_0 .var/s "cx", 17 0;
v0x641567cca1e0_0 .var/s "cy", 17 0;
v0x641567cca2c0_0 .var "do_abs_x", 0 0;
v0x641567cca3d0_0 .var "do_abs_y", 0 0;
v0x641567cca490_0 .var "do_neg_x", 0 0;
v0x641567cca550_0 .var "do_neg_y", 0 0;
v0x641567cca610_0 .var "enc", 3 0;
; Variable golden_iterations is bool return value of scope S_0x641567cc9d30
v0x641567cca7d0_0 .var/2u "iter", 31 0;
v0x641567cca8b0_0 .var "jtype", 0 0;
v0x641567cca970_0 .var/2s "limit_bit", 31 0;
v0x641567ccaa50_0 .var/s "mag", 35 0;
v0x641567ccab30_0 .var "maxit", 4 0;
v0x641567ccac10_0 .var/s "px", 17 0;
v0x641567ccacf0_0 .var/s "py", 17 0;
v0x641567ccadd0_0 .var/s "sum_x", 35 0;
v0x641567ccaeb0_0 .var/s "sum_y", 35 0;
v0x641567ccaf90_0 .var/s "sx", 17 0;
v0x641567ccb070_0 .var/s "sy", 17 0;
v0x641567ccb150_0 .var/s "xx", 35 0;
v0x641567ccb230_0 .var/s "xy2", 35 0;
v0x641567ccb310_0 .var/s "yy", 35 0;
TD_tb_multiply_manager.golden_iterations ;
    %load/vec4 v0x641567cca610_0;
    %parti/s 1, 3, 3;
    %store/vec4 v0x641567cca2c0_0, 0, 1;
    %load/vec4 v0x641567cca610_0;
    %parti/s 1, 1, 2;
    %store/vec4 v0x641567cca490_0, 0, 1;
    %load/vec4 v0x641567cca610_0;
    %parti/s 1, 2, 3;
    %store/vec4 v0x641567cca3d0_0, 0, 1;
    %load/vec4 v0x641567cca610_0;
    %parti/s 1, 0, 2;
    %store/vec4 v0x641567cca550_0, 0, 1;
    %load/vec4 v0x641567ccab30_0;
    %pad/u 32;
    %addi 0, 0, 32;
    %cast2;
    %store/vec4 v0x641567cca970_0, 0, 32;
    %pushi/vec4 0, 0, 32;
    %store/vec4 v0x641567cca7d0_0, 0, 32;
    %load/vec4 v0x641567cca8b0_0;
    %flag_set/vec4 8;
    %jmp/0xz  T_4.10, 8;
    %alloc S_0x641567ccbcc0;
    %load/vec4 v0x641567ccac10_0;
    %store/vec4 v0x641567ccc030_0, 0, 18;
    %callf/vec4 TD_tb_multiply_manager.promote_q216_to_q432, S_0x641567ccbcc0;
    %free S_0x641567ccbcc0;
    %store/vec4 v0x641567ccadd0_0, 0, 36;
    %alloc S_0x641567ccbcc0;
    %load/vec4 v0x641567ccacf0_0;
    %store/vec4 v0x641567ccc030_0, 0, 18;
    %callf/vec4 TD_tb_multiply_manager.promote_q216_to_q432, S_0x641567ccbcc0;
    %free S_0x641567ccbcc0;
    %store/vec4 v0x641567ccaeb0_0, 0, 36;
    %jmp T_4.11;
T_4.10 ;
    %pushi/vec4 0, 0, 36;
    %store/vec4 v0x641567ccadd0_0, 0, 36;
    %pushi/vec4 0, 0, 36;
    %store/vec4 v0x641567ccaeb0_0, 0, 36;
T_4.11 ;
T_4.12 ;
    %load/vec4 v0x641567cca7d0_0;
    %load/vec4 v0x641567cca970_0;
    %part/s 1;
    %flag_set/vec4 8;
    %jmp/0xz  T_4.13, 8;
    %load/vec4 v0x641567cca7d0_0;
    %ret/vec4 0, 0, 32;  Assign to golden_iterations (store_vec4_to_lval)
    %disable S_0x641567cc9d30;
T_4.13 ;
    %alloc S_0x641567cc3620;
    %load/vec4 v0x641567ccadd0_0;
    %load/vec4 v0x641567cca2c0_0;
    %load/vec4 v0x641567cca490_0;
    %store/vec4 v0x641567cc39c0_0, 0, 1;
    %store/vec4 v0x641567cc3900_0, 0, 1;
    %store/vec4 v0x641567cc3b40_0, 0, 36;
    %callf/vec4 TD_tb_multiply_manager.alter, S_0x641567cc3620;
    %free S_0x641567cc3620;
    %store/vec4 v0x641567cc9f10_0, 0, 36;
    %alloc S_0x641567cc3620;
    %load/vec4 v0x641567ccaeb0_0;
    %load/vec4 v0x641567cca3d0_0;
    %load/vec4 v0x641567cca550_0;
    %store/vec4 v0x641567cc39c0_0, 0, 1;
    %store/vec4 v0x641567cc3900_0, 0, 1;
    %store/vec4 v0x641567cc3b40_0, 0, 36;
    %callf/vec4 TD_tb_multiply_manager.alter, S_0x641567cc3620;
    %free S_0x641567cc3620;
    %store/vec4 v0x641567cca010_0, 0, 36;
    %alloc S_0x641567ccb900;
    %load/vec4 v0x641567cc9f10_0;
    %store/vec4 v0x641567ccbbe0_0, 0, 36;
    %callf/vec4 TD_tb_multiply_manager.narrow_slice, S_0x641567ccb900;
    %free S_0x641567ccb900;
    %store/vec4 v0x641567ccaf90_0, 0, 18;
    %alloc S_0x641567ccb900;
    %load/vec4 v0x641567cca010_0;
    %store/vec4 v0x641567ccbbe0_0, 0, 36;
    %callf/vec4 TD_tb_multiply_manager.narrow_slice, S_0x641567ccb900;
    %free S_0x641567ccb900;
    %store/vec4 v0x641567ccb070_0, 0, 18;
    %alloc S_0x641567ccb3f0;
    %load/vec4 v0x641567ccaf90_0;
    %load/vec4 v0x641567ccb070_0;
    %pushi/vec4 0, 0, 2;
    %store/vec4 v0x641567ccb760_0, 0, 2;
    %store/vec4 v0x641567ccb680_0, 0, 18;
    %store/vec4 v0x641567ccb580_0, 0, 18;
    %callf/vec4 TD_tb_multiply_manager.mul, S_0x641567ccb3f0;
    %free S_0x641567ccb3f0;
    %store/vec4 v0x641567ccb150_0, 0, 36;
    %alloc S_0x641567ccb3f0;
    %load/vec4 v0x641567ccaf90_0;
    %load/vec4 v0x641567ccb070_0;
    %pushi/vec4 1, 0, 2;
    %store/vec4 v0x641567ccb760_0, 0, 2;
    %store/vec4 v0x641567ccb680_0, 0, 18;
    %store/vec4 v0x641567ccb580_0, 0, 18;
    %callf/vec4 TD_tb_multiply_manager.mul, S_0x641567ccb3f0;
    %free S_0x641567ccb3f0;
    %store/vec4 v0x641567ccb310_0, 0, 36;
    %load/vec4 v0x641567ccb150_0;
    %load/vec4 v0x641567ccb310_0;
    %add;
    %store/vec4 v0x641567ccaa50_0, 0, 36;
    %load/vec4 v0x641567ccb150_0;
    %load/vec4 v0x641567ccb310_0;
    %sub;
    %store/vec4 v0x641567ccadd0_0, 0, 36;
    %alloc S_0x641567cc9a80;
    %load/vec4 v0x641567ccaa50_0;
    %store/vec4 v0x641567cc9c50_0, 0, 36;
    %callf/vec4 TD_tb_multiply_manager.escaped, S_0x641567cc9a80;
    %free S_0x641567cc9a80;
    %flag_set/vec4 8;
    %jmp/0xz  T_4.15, 8;
    %load/vec4 v0x641567cca7d0_0;
    %ret/vec4 0, 0, 32;  Assign to golden_iterations (store_vec4_to_lval)
    %disable S_0x641567cc9d30;
T_4.15 ;
    %alloc S_0x641567ccb3f0;
    %load/vec4 v0x641567ccaf90_0;
    %load/vec4 v0x641567ccb070_0;
    %pushi/vec4 2, 0, 2;
    %store/vec4 v0x641567ccb760_0, 0, 2;
    %store/vec4 v0x641567ccb680_0, 0, 18;
    %store/vec4 v0x641567ccb580_0, 0, 18;
    %callf/vec4 TD_tb_multiply_manager.mul, S_0x641567ccb3f0;
    %free S_0x641567ccb3f0;
    %store/vec4 v0x641567ccb230_0, 0, 36;
    %alloc S_0x641567cc9a80;
    %load/vec4 v0x641567ccaa50_0;
    %store/vec4 v0x641567cc9c50_0, 0, 36;
    %callf/vec4 TD_tb_multiply_manager.escaped, S_0x641567cc9a80;
    %free S_0x641567cc9a80;
    %flag_set/vec4 8;
    %jmp/0xz  T_4.17, 8;
    %load/vec4 v0x641567cca7d0_0;
    %ret/vec4 0, 0, 32;  Assign to golden_iterations (store_vec4_to_lval)
    %disable S_0x641567cc9d30;
T_4.17 ;
    %load/vec4 v0x641567ccb230_0;
    %store/vec4 v0x641567ccaeb0_0, 0, 36;
    %load/vec4 v0x641567cca8b0_0;
    %flag_set/vec4 8;
    %jmp/0xz  T_4.19, 8;
    %load/vec4 v0x641567ccadd0_0;
    %alloc S_0x641567ccbcc0;
    %load/vec4 v0x641567cca0f0_0;
    %store/vec4 v0x641567ccc030_0, 0, 18;
    %callf/vec4 TD_tb_multiply_manager.promote_q216_to_q432, S_0x641567ccbcc0;
    %free S_0x641567ccbcc0;
    %add;
    %store/vec4 v0x641567ccadd0_0, 0, 36;
    %load/vec4 v0x641567ccaeb0_0;
    %alloc S_0x641567ccbcc0;
    %load/vec4 v0x641567cca1e0_0;
    %store/vec4 v0x641567ccc030_0, 0, 18;
    %callf/vec4 TD_tb_multiply_manager.promote_q216_to_q432, S_0x641567ccbcc0;
    %free S_0x641567ccbcc0;
    %add;
    %store/vec4 v0x641567ccaeb0_0, 0, 36;
    %jmp T_4.20;
T_4.19 ;
    %load/vec4 v0x641567ccadd0_0;
    %alloc S_0x641567ccbcc0;
    %load/vec4 v0x641567ccac10_0;
    %store/vec4 v0x641567ccc030_0, 0, 18;
    %callf/vec4 TD_tb_multiply_manager.promote_q216_to_q432, S_0x641567ccbcc0;
    %free S_0x641567ccbcc0;
    %add;
    %store/vec4 v0x641567ccadd0_0, 0, 36;
    %load/vec4 v0x641567ccaeb0_0;
    %alloc S_0x641567ccbcc0;
    %load/vec4 v0x641567ccacf0_0;
    %store/vec4 v0x641567ccc030_0, 0, 18;
    %callf/vec4 TD_tb_multiply_manager.promote_q216_to_q432, S_0x641567ccbcc0;
    %free S_0x641567ccbcc0;
    %add;
    %store/vec4 v0x641567ccaeb0_0, 0, 36;
T_4.20 ;
    %load/vec4 v0x641567cca7d0_0;
    %addi 1, 0, 32;
    %cast2;
    %store/vec4 v0x641567cca7d0_0, 0, 32;
    %jmp T_4.12;
    %end;
S_0x641567ccb3f0 .scope autofunction.vec4.u36, "mul" "mul" 9 132, 9 132 0, S_0x641567c71040;
 .timescale -9 -12;
v0x641567ccb580_0 .var/s "a", 17 0;
v0x641567ccb680_0 .var/s "b", 17 0;
v0x641567ccb760_0 .var "m", 1 0;
; Variable mul is vec4 return value of scope S_0x641567ccb3f0
TD_tb_multiply_manager.mul ;
    %load/vec4 v0x641567ccb760_0;
    %dup/vec4;
    %pushi/vec4 0, 0, 2;
    %cmp/u;
    %jmp/1 T_5.21, 6;
    %dup/vec4;
    %pushi/vec4 1, 0, 2;
    %cmp/u;
    %jmp/1 T_5.22, 6;
    %dup/vec4;
    %pushi/vec4 2, 0, 2;
    %cmp/u;
    %jmp/1 T_5.23, 6;
    %pushi/vec4 0, 0, 36;
    %ret/vec4 0, 0, 36;  Assign to mul (store_vec4_to_lval)
    %disable S_0x641567ccb3f0;
    %jmp T_5.25;
T_5.21 ;
    %load/vec4 v0x641567ccb580_0;
    %pad/s 36;
    %load/vec4 v0x641567ccb580_0;
    %pad/s 36;
    %mul;
    %ret/vec4 0, 0, 36;  Assign to mul (store_vec4_to_lval)
    %disable S_0x641567ccb3f0;
    %jmp T_5.25;
T_5.22 ;
    %load/vec4 v0x641567ccb680_0;
    %pad/s 36;
    %load/vec4 v0x641567ccb680_0;
    %pad/s 36;
    %mul;
    %ret/vec4 0, 0, 36;  Assign to mul (store_vec4_to_lval)
    %disable S_0x641567ccb3f0;
    %jmp T_5.25;
T_5.23 ;
    %load/vec4 v0x641567ccb580_0;
    %pad/s 36;
    %load/vec4 v0x641567ccb680_0;
    %pad/s 36;
    %mul;
    %ix/load 4, 1, 0;
    %flag_set/imm 4, 0;
    %shiftl 4;
    %ret/vec4 0, 0, 36;  Assign to mul (store_vec4_to_lval)
    %disable S_0x641567ccb3f0;
    %jmp T_5.25;
T_5.25 ;
    %pop/vec4 1;
    %end;
S_0x641567ccb900 .scope autofunction.vec4.u18, "narrow_slice" "narrow_slice" 9 125, 9 125 0, S_0x641567c71040;
 .timescale -9 -12;
; Variable narrow_slice is vec4 return value of scope S_0x641567ccb900
v0x641567ccbbe0_0 .var/s "v", 35 0;
TD_tb_multiply_manager.narrow_slice ;
    %load/vec4 v0x641567ccbbe0_0;
    %parti/s 18, 16, 6;
    %ret/vec4 0, 0, 18;  Assign to narrow_slice (store_vec4_to_lval)
    %disable S_0x641567ccb900;
    %end;
S_0x641567ccbcc0 .scope autofunction.vec4.u36, "promote_q216_to_q432" "promote_q216_to_q432" 9 102, 9 102 0, S_0x641567c71040;
 .timescale -9 -12;
v0x641567ccbe50_0 .var/s "ext", 35 0;
; Variable promote_q216_to_q432 is vec4 return value of scope S_0x641567ccbcc0
v0x641567ccc030_0 .var/s "v", 17 0;
TD_tb_multiply_manager.promote_q216_to_q432 ;
    %load/vec4 v0x641567ccc030_0;
    %pad/s 36;
    %store/vec4 v0x641567ccbe50_0, 0, 36;
    %load/vec4 v0x641567ccbe50_0;
    %ix/load 4, 16, 0;
    %flag_set/imm 4, 0;
    %shiftl 4;
    %ret/vec4 0, 0, 36;  Assign to promote_q216_to_q432 (store_vec4_to_lval)
    %disable S_0x641567ccbcc0;
    %end;
S_0x641567ccc120 .scope autotask, "run_left" "run_left" 9 260, 9 260 0, S_0x641567c71040;
 .timescale -9 -12;
v0x641567ccc300_0 .var "captured", 0 0;
v0x641567ccc3e0_0 .var/s "cx", 17 0;
v0x641567ccc4c0_0 .var/s "cy", 17 0;
v0x641567ccc5b0_0 .var/2u "cyc", 31 0;
v0x641567ccc690_0 .var "enc", 3 0;
v0x641567ccc7c0_0 .var/2u "expected", 31 0;
v0x641567ccc8a0_0 .var "jtype", 0 0;
v0x641567ccc960_0 .var "maxit", 4 0;
v0x641567ccca40_0 .var/str "name";
v0x641567cccb90_0 .var/s "px", 17 0;
v0x641567cccc70_0 .var/s "py", 17 0;
v0x641567cccd50_0 .var/2u "timeout_cycles", 31 0;
TD_tb_multiply_manager.run_left ;
    %alloc S_0x641567cc9d30;
    %load/vec4 v0x641567ccc8a0_0;
    %load/vec4 v0x641567ccc690_0;
    %load/vec4 v0x641567ccc960_0;
    %load/vec4 v0x641567ccc3e0_0;
    %load/vec4 v0x641567ccc4c0_0;
    %load/vec4 v0x641567cccb90_0;
    %load/vec4 v0x641567cccc70_0;
    %store/vec4 v0x641567ccacf0_0, 0, 18;
    %store/vec4 v0x641567ccac10_0, 0, 18;
    %store/vec4 v0x641567cca1e0_0, 0, 18;
    %store/vec4 v0x641567cca0f0_0, 0, 18;
    %store/vec4 v0x641567ccab30_0, 0, 5;
    %store/vec4 v0x641567cca610_0, 0, 4;
    %store/vec4 v0x641567cca8b0_0, 0, 1;
    %callf/vec4 TD_tb_multiply_manager.golden_iterations, S_0x641567cc9d30;
    %free S_0x641567cc9d30;
    %store/vec4 v0x641567ccc7c0_0, 0, 32;
    %load/vec4 v0x641567ccc8a0_0;
    %store/vec4 v0x641567ccd840_0, 0, 1;
    %load/vec4 v0x641567ccc690_0;
    %store/vec4 v0x641567ccda70_0, 0, 4;
    %load/vec4 v0x641567ccc960_0;
    %store/vec4 v0x641567ccdb10_0, 0, 5;
    %load/vec4 v0x641567ccc3e0_0;
    %store/vec4 v0x641567ccd6a0_0, 0, 18;
    %load/vec4 v0x641567ccc4c0_0;
    %store/vec4 v0x641567ccd770_0, 0, 18;
    %load/vec4 v0x641567cccb90_0;
    %store/vec4 v0x641567cce0c0_0, 0, 18;
    %load/vec4 v0x641567cccc70_0;
    %store/vec4 v0x641567cce260_0, 0, 18;
    %wait E_0x641567ca70f0;
    %pushi/vec4 1, 0, 1;
    %store/vec4 v0x641567ccdd40_0, 0, 1;
    %wait E_0x641567ca70f0;
    %pushi/vec4 0, 0, 1;
    %store/vec4 v0x641567ccdd40_0, 0, 1;
    %pushi/vec4 0, 0, 32;
    %store/vec4 v0x641567ccc5b0_0, 0, 32;
    %pushi/vec4 0, 0, 1;
    %store/vec4 v0x641567ccc300_0, 0, 1;
T_8.26 ;
    %load/vec4 v0x641567ccc300_0;
    %nor/r;
    %flag_set/vec4 8;
    %jmp/0xz T_8.27, 8;
    %wait E_0x641567ba7030;
    ; show_stmt_assign_vector: Get l-value for compressed += operand
    %load/vec4 v0x641567ccc5b0_0;
    %pushi/vec4 1, 0, 32;
    %add;
    %cast2;
    %store/vec4 v0x641567ccc5b0_0, 0, 32;
    %load/vec4 v0x641567ccd340_0;
    %nor/r;
    %flag_set/vec4 8;
    %jmp/0xz  T_8.28, 8;
    %jmp T_8.29;
T_8.28 ;
    %alloc S_0x641567cc3c70;
    %load/vec4 v0x641567ccd440_0;
    %pushi/vec4 0, 0, 1;
    %cmp/e;
    %flag_get/vec4 4;
    %store/vec4 v0x641567cc3e50_0, 0, 1;
    %load/str v0x641567ccca40_0;
    %concati/str ": done_side should be 0 (left)";
    %store/str v0x641567cc3f10_0;
    %callf/void TD_tb_multiply_manager.check, S_0x641567cc3c70;
    %free S_0x641567cc3c70;
    %alloc S_0x641567cc3c70;
    %load/vec4 v0x641567ccd600_0;
    %load/vec4 v0x641567ccc7c0_0;
    %parti/s 16, 0, 2;
    %cmp/e;
    %flag_get/vec4 4;
    %store/vec4 v0x641567cc3e50_0, 0, 1;
    %vpi_func/s 9 303 "$sformatf", "%s: count mismatch dut=%0d exp=%0d", v0x641567ccca40_0, v0x641567ccd600_0, v0x641567ccc7c0_0 {0 0 0};
    %store/str v0x641567cc3f10_0;
    %callf/void TD_tb_multiply_manager.check, S_0x641567cc3c70;
    %free S_0x641567cc3c70;
    %pushi/vec4 3, 0, 32;
T_8.30 %dup/vec4;
    %pushi/vec4 0, 0, 32;
    %cmp/s;
    %jmp/1xz T_8.31, 5;
    %jmp/1 T_8.31, 4;
    %pushi/vec4 1, 0, 32;
    %sub;
    %wait E_0x641567ba7030;
    %alloc S_0x641567cc3c70;
    %load/vec4 v0x641567ccd340_0;
    %pushi/vec4 1, 0, 1;
    %cmp/e;
    %flag_get/vec4 4;
    %store/vec4 v0x641567cc3e50_0, 0, 1;
    %load/str v0x641567ccca40_0;
    %concati/str ": done dropped before received";
    %store/str v0x641567cc3f10_0;
    %callf/void TD_tb_multiply_manager.check, S_0x641567cc3c70;
    %free S_0x641567cc3c70;
    %alloc S_0x641567cc3c70;
    %load/vec4 v0x641567ccd600_0;
    %load/vec4 v0x641567ccc7c0_0;
    %parti/s 16, 0, 2;
    %cmp/e;
    %flag_get/vec4 4;
    %store/vec4 v0x641567cc3e50_0, 0, 1;
    %load/str v0x641567ccca40_0;
    %concati/str ": iteration_out changed while waiting for ack";
    %store/str v0x641567cc3f10_0;
    %callf/void TD_tb_multiply_manager.check, S_0x641567cc3c70;
    %free S_0x641567cc3c70;
    %jmp T_8.30;
T_8.31 ;
    %pop/vec4 1;
    %pushi/vec4 1, 0, 1;
    %store/vec4 v0x641567ccc300_0, 0, 1;
T_8.29 ;
    %load/vec4 v0x641567cccd50_0;
    %load/vec4 v0x641567ccc5b0_0;
    %cmp/u;
    %jmp/0xz  T_8.32, 5;
    %alloc S_0x641567cc3c70;
    %pushi/vec4 0, 0, 1;
    %store/vec4 v0x641567cc3e50_0, 0, 1;
    %load/str v0x641567ccca40_0;
    %concati/str ": TIMEOUT waiting for done";
    %store/str v0x641567cc3f10_0;
    %callf/void TD_tb_multiply_manager.check, S_0x641567cc3c70;
    %free S_0x641567cc3c70;
    %pushi/vec4 1, 0, 1;
    %store/vec4 v0x641567ccc300_0, 0, 1;
T_8.32 ;
    %jmp T_8.26;
T_8.27 ;
    %wait E_0x641567ca70f0;
    %pushi/vec4 1, 0, 1;
    %store/vec4 v0x641567ccdc00_0, 0, 1;
    %wait E_0x641567ca70f0;
    %pushi/vec4 0, 0, 1;
    %store/vec4 v0x641567ccdc00_0, 0, 1;
    %wait E_0x641567ba7030;
    %alloc S_0x641567cc3c70;
    %load/vec4 v0x641567ccd340_0;
    %pushi/vec4 0, 0, 1;
    %cmp/e;
    %flag_get/vec4 4;
    %store/vec4 v0x641567cc3e50_0, 0, 1;
    %load/str v0x641567ccca40_0;
    %concati/str ": done did not drop after received";
    %store/str v0x641567cc3f10_0;
    %callf/void TD_tb_multiply_manager.check, S_0x641567cc3c70;
    %free S_0x641567cc3c70;
    %vpi_call/w 9 330 "$display", "  [ OK ] %-22s count = %0d", v0x641567ccca40_0, v0x641567ccc7c0_0 {0 0 0};
    %end;
S_0x641567ccce30 .scope autofunction.vec4.u18, "to_q216" "to_q216" 9 96, 9 96 0, S_0x641567c71040;
 .timescale -9 -12;
; Variable to_q216 is vec4 return value of scope S_0x641567ccce30
v0x641567ccd0c0_0 .var/real "v", 0 0;
TD_tb_multiply_manager.to_q216 ;
    %load/real v0x641567ccd0c0_0;
    %pushi/vec4 65536, 0, 32;
    %cvt/rv/s;
    %mul/wr;
    %vpi_func 9 97 "$rtoi" 32, W<0,r> {0 1 0};
    %cast2;
    %pad/s 18;
    %ret/vec4 0, 0, 18;  Assign to to_q216 (store_vec4_to_lval)
    %disable S_0x641567ccce30;
    %end;
    .scope S_0x641567c6b6d0;
T_10 ;
    %wait E_0x641567bd7370;
    %load/vec4 v0x641567cbd230_0;
    %flag_set/vec4 8;
    %jmp/0xz  T_10.0, 8;
    %pushi/vec4 0, 0, 1;
    %assign/vec4 v0x641567cbcab0_0, 0;
    %pushi/vec4 0, 0, 1;
    %assign/vec4 v0x641567cbc9f0_0, 0;
    %pushi/vec4 0, 0, 4;
    %assign/vec4 v0x641567cbd090_0, 0;
    %pushi/vec4 0, 0, 1;
    %assign/vec4 v0x641567cbd170_0, 0;
    %pushi/vec4 0, 0, 11;
    %assign/vec4 v0x641567cbd3b0_0, 0;
    %jmp T_10.1;
T_10.0 ;
    %load/vec4 v0x641567cbd2f0_0;
    %flag_set/vec4 8;
    %jmp/0xz  T_10.2, 8;
    %pushi/vec4 0, 0, 1;
    %assign/vec4 v0x641567cbcab0_0, 0;
    %pushi/vec4 0, 0, 1;
    %assign/vec4 v0x641567cbc9f0_0, 0;
    %pushi/vec4 0, 0, 4;
    %assign/vec4 v0x641567cbd090_0, 0;
    %pushi/vec4 0, 0, 1;
    %assign/vec4 v0x641567cbd170_0, 0;
    %pushi/vec4 0, 0, 11;
    %assign/vec4 v0x641567cbd3b0_0, 0;
    %jmp T_10.3;
T_10.2 ;
    %load/vec4 v0x641567cbc930_0;
    %load/vec4 v0x641567cbcef0_0;
    %and;
    %flag_set/vec4 8;
    %jmp/0xz  T_10.4, 8;
    %load/vec4 v0x641567cbd170_0;
    %nor/r;
    %flag_set/vec4 8;
    %jmp/0xz  T_10.6, 8;
    %load/vec4 v0x641567cbcb70_0;
    %assign/vec4 v0x641567cbd090_0, 0;
    %pushi/vec4 1, 0, 1;
    %assign/vec4 v0x641567cbd170_0, 0;
    %jmp T_10.7;
T_10.6 ;
    %load/vec4 v0x641567cbcb70_0;
    %load/vec4 v0x641567cbd090_0;
    %cmp/ne;
    %jmp/0xz  T_10.8, 4;
    %pushi/vec4 1, 0, 1;
    %assign/vec4 v0x641567cbcab0_0, 0;
T_10.8 ;
T_10.7 ;
    %load/vec4 v0x641567cbd3b0_0;
    %addi 1, 0, 11;
    %assign/vec4 v0x641567cbd3b0_0, 0;
    %load/vec4 v0x641567cbd3b0_0;
    %addi 1, 0, 11;
    %load/vec4 v0x641567cbce10_0;
    %cmp/e;
    %jmp/0xz  T_10.10, 4;
    %pushi/vec4 1, 0, 1;
    %assign/vec4 v0x641567cbc9f0_0, 0;
T_10.10 ;
T_10.4 ;
T_10.3 ;
T_10.1 ;
    %jmp T_10;
    .thread T_10;
    .scope S_0x641567cbda50;
T_11 ;
    %wait E_0x641567bd2fd0;
    %load/vec4 v0x641567cbec50_0;
    %flag_set/vec4 8;
    %load/vec4 v0x641567cbe7b0_0;
    %flag_set/vec4 9;
    %flag_or 9, 8;
    %jmp/0xz  T_11.0, 9;
    %pushi/vec4 0, 0, 5;
    %assign/vec4 v0x641567cbe930_0, 0;
    %pushi/vec4 0, 0, 5;
    %assign/vec4 v0x641567cbed10_0, 0;
    %pushi/vec4 0, 0, 6;
    %assign/vec4 v0x641567cbe450_0, 0;
    %jmp T_11.1;
T_11.0 ;
    %load/vec4 v0x641567cbeb90_0;
    %load/vec4 v0x641567cbe870_0;
    %nor/r;
    %and;
    %flag_set/vec4 8;
    %jmp/0xz  T_11.2, 8;
    %load/vec4 v0x641567cbe530_0;
    %load/vec4 v0x641567cbe930_0;
    %pad/u 7;
    %ix/vec4 3;
    %ix/load 4, 0, 0; Constant delay
    %assign/vec4/a/d v0x641567cbea10, 0, 4;
    %load/vec4 v0x641567cbe930_0;
    %addi 1, 0, 5;
    %assign/vec4 v0x641567cbe930_0, 0;
T_11.2 ;
    %load/vec4 v0x641567cbead0_0;
    %load/vec4 v0x641567cbe6f0_0;
    %nor/r;
    %and;
    %flag_set/vec4 8;
    %jmp/0xz  T_11.4, 8;
    %load/vec4 v0x641567cbed10_0;
    %addi 1, 0, 5;
    %assign/vec4 v0x641567cbed10_0, 0;
T_11.4 ;
    %load/vec4 v0x641567cbeb90_0;
    %load/vec4 v0x641567cbe870_0;
    %nor/r;
    %and;
    %load/vec4 v0x641567cbead0_0;
    %load/vec4 v0x641567cbe6f0_0;
    %nor/r;
    %and;
    %concat/vec4; draw_concat_vec4
    %dup/vec4;
    %pushi/vec4 2, 0, 2;
    %cmp/u;
    %jmp/1 T_11.6, 6;
    %dup/vec4;
    %pushi/vec4 1, 0, 2;
    %cmp/u;
    %jmp/1 T_11.7, 6;
    %load/vec4 v0x641567cbe450_0;
    %assign/vec4 v0x641567cbe450_0, 0;
    %jmp T_11.9;
T_11.6 ;
    %load/vec4 v0x641567cbe450_0;
    %addi 1, 0, 6;
    %assign/vec4 v0x641567cbe450_0, 0;
    %jmp T_11.9;
T_11.7 ;
    %load/vec4 v0x641567cbe450_0;
    %subi 1, 0, 6;
    %assign/vec4 v0x641567cbe450_0, 0;
    %jmp T_11.9;
T_11.9 ;
    %pop/vec4 1;
T_11.1 ;
    %jmp T_11;
    .thread T_11;
    .scope S_0x641567cc07a0;
T_12 ;
    %wait E_0x641567bd3410;
    %load/vec4 v0x641567cc1a40_0;
    %flag_set/vec4 8;
    %load/vec4 v0x641567cc15a0_0;
    %flag_set/vec4 9;
    %flag_or 9, 8;
    %jmp/0xz  T_12.0, 9;
    %pushi/vec4 0, 0, 11;
    %assign/vec4 v0x641567cc1720_0, 0;
    %pushi/vec4 0, 0, 11;
    %assign/vec4 v0x641567cc1c10_0, 0;
    %pushi/vec4 0, 0, 12;
    %assign/vec4 v0x641567cc1240_0, 0;
    %jmp T_12.1;
T_12.0 ;
    %load/vec4 v0x641567cc1980_0;
    %load/vec4 v0x641567cc1660_0;
    %nor/r;
    %and;
    %flag_set/vec4 8;
    %jmp/0xz  T_12.2, 8;
    %load/vec4 v0x641567cc1320_0;
    %load/vec4 v0x641567cc1720_0;
    %pad/u 13;
    %ix/vec4 3;
    %ix/load 4, 0, 0; Constant delay
    %assign/vec4/a/d v0x641567cc1800, 0, 4;
    %load/vec4 v0x641567cc1720_0;
    %addi 1, 0, 11;
    %assign/vec4 v0x641567cc1720_0, 0;
T_12.2 ;
    %load/vec4 v0x641567cc18c0_0;
    %load/vec4 v0x641567cc14e0_0;
    %nor/r;
    %and;
    %flag_set/vec4 8;
    %jmp/0xz  T_12.4, 8;
    %load/vec4 v0x641567cc1c10_0;
    %addi 1, 0, 11;
    %assign/vec4 v0x641567cc1c10_0, 0;
T_12.4 ;
    %load/vec4 v0x641567cc1980_0;
    %load/vec4 v0x641567cc1660_0;
    %nor/r;
    %and;
    %load/vec4 v0x641567cc18c0_0;
    %load/vec4 v0x641567cc14e0_0;
    %nor/r;
    %and;
    %concat/vec4; draw_concat_vec4
    %dup/vec4;
    %pushi/vec4 2, 0, 2;
    %cmp/u;
    %jmp/1 T_12.6, 6;
    %dup/vec4;
    %pushi/vec4 1, 0, 2;
    %cmp/u;
    %jmp/1 T_12.7, 6;
    %load/vec4 v0x641567cc1240_0;
    %assign/vec4 v0x641567cc1240_0, 0;
    %jmp T_12.9;
T_12.6 ;
    %load/vec4 v0x641567cc1240_0;
    %addi 1, 0, 12;
    %assign/vec4 v0x641567cc1240_0, 0;
    %jmp T_12.9;
T_12.7 ;
    %load/vec4 v0x641567cc1240_0;
    %subi 1, 0, 12;
    %assign/vec4 v0x641567cc1240_0, 0;
    %jmp T_12.9;
T_12.9 ;
    %pop/vec4 1;
T_12.1 ;
    %jmp T_12;
    .thread T_12;
    .scope S_0x641567c62800;
T_13 ;
    %wait E_0x641567bd3410;
    %load/vec4 v0x641567cc2e60_0;
    %flag_set/vec4 8;
    %load/vec4 v0x641567cc27e0_0;
    %flag_set/vec4 9;
    %flag_or 9, 8;
    %jmp/0xz  T_13.0, 9;
    %pushi/vec4 0, 0, 1;
    %assign/vec4 v0x641567cc2920_0, 0;
    %pushi/vec4 0, 0, 18;
    %assign/vec4 v0x641567cc2720_0, 0;
    %jmp T_13.1;
T_13.0 ;
    %load/vec4 v0x641567cc31e0_0;
    %load/vec4 v0x641567cc2af0_0;
    %nor/r;
    %and;
    %assign/vec4 v0x641567cc2920_0, 0;
    %load/vec4 v0x641567cc29e0_0;
    %assign/vec4 v0x641567cc2720_0, 0;
T_13.1 ;
    %jmp T_13;
    .thread T_13;
    .scope S_0x641567cc6160;
T_14 ;
Ewait_0 .event/or E_0x641567cc68a0, E_0x0;
    %wait Ewait_0;
    %load/vec4 v0x641567cc7130_0;
    %store/vec4 v0x641567cc6af0_0, 0, 36;
    %load/vec4 v0x641567cc7210_0;
    %store/vec4 v0x641567cc6be0_0, 0, 36;
    %load/vec4 v0x641567cc72f0_0;
    %store/vec4 v0x641567cc6cc0_0, 0, 36;
    %load/vec4 v0x641567cc73d0_0;
    %store/vec4 v0x641567cc6df0_0, 0, 36;
    %load/vec4 v0x641567cc6950_0;
    %flag_set/vec4 8;
    %jmp/0xz  T_14.0, 8;
    %load/vec4 v0x641567cc7130_0;
    %cmpi/s 0, 0, 36;
    %flag_mov 8, 5;
    %jmp/0 T_14.2, 8;
    %load/vec4 v0x641567cc7130_0;
    %inv;
    %pushi/vec4 1, 0, 36;
    %add;
    %jmp/1 T_14.3, 8;
T_14.2 ; End of true expr.
    %load/vec4 v0x641567cc7130_0;
    %jmp/0 T_14.3, 8;
 ; End of false expr.
    %blend;
T_14.3;
    %store/vec4 v0x641567cc6af0_0, 0, 36;
    %load/vec4 v0x641567cc7210_0;
    %cmpi/s 0, 0, 36;
    %flag_mov 8, 5;
    %jmp/0 T_14.4, 8;
    %load/vec4 v0x641567cc7210_0;
    %inv;
    %pushi/vec4 1, 0, 36;
    %add;
    %jmp/1 T_14.5, 8;
T_14.4 ; End of true expr.
    %load/vec4 v0x641567cc7210_0;
    %jmp/0 T_14.5, 8;
 ; End of false expr.
    %blend;
T_14.5;
    %store/vec4 v0x641567cc6be0_0, 0, 36;
T_14.0 ;
    %load/vec4 v0x641567cc6fb0_0;
    %flag_set/vec4 8;
    %jmp/0xz  T_14.6, 8;
    %load/vec4 v0x641567cc6af0_0;
    %inv;
    %pushi/vec4 1, 0, 36;
    %add;
    %store/vec4 v0x641567cc6af0_0, 0, 36;
    %load/vec4 v0x641567cc6be0_0;
    %inv;
    %pushi/vec4 1, 0, 36;
    %add;
    %store/vec4 v0x641567cc6be0_0, 0, 36;
T_14.6 ;
    %load/vec4 v0x641567cc6a30_0;
    %flag_set/vec4 8;
    %jmp/0xz  T_14.8, 8;
    %load/vec4 v0x641567cc72f0_0;
    %cmpi/s 0, 0, 36;
    %flag_mov 8, 5;
    %jmp/0 T_14.10, 8;
    %load/vec4 v0x641567cc72f0_0;
    %inv;
    %pushi/vec4 1, 0, 36;
    %add;
    %jmp/1 T_14.11, 8;
T_14.10 ; End of true expr.
    %load/vec4 v0x641567cc72f0_0;
    %jmp/0 T_14.11, 8;
 ; End of false expr.
    %blend;
T_14.11;
    %store/vec4 v0x641567cc6cc0_0, 0, 36;
    %load/vec4 v0x641567cc73d0_0;
    %cmpi/s 0, 0, 36;
    %flag_mov 8, 5;
    %jmp/0 T_14.12, 8;
    %load/vec4 v0x641567cc73d0_0;
    %inv;
    %pushi/vec4 1, 0, 36;
    %add;
    %jmp/1 T_14.13, 8;
T_14.12 ; End of true expr.
    %load/vec4 v0x641567cc73d0_0;
    %jmp/0 T_14.13, 8;
 ; End of false expr.
    %blend;
T_14.13;
    %store/vec4 v0x641567cc6df0_0, 0, 36;
T_14.8 ;
    %load/vec4 v0x641567cc7070_0;
    %flag_set/vec4 8;
    %jmp/0xz  T_14.14, 8;
    %load/vec4 v0x641567cc6cc0_0;
    %inv;
    %pushi/vec4 1, 0, 36;
    %add;
    %store/vec4 v0x641567cc6cc0_0, 0, 36;
    %load/vec4 v0x641567cc6df0_0;
    %inv;
    %pushi/vec4 1, 0, 36;
    %add;
    %store/vec4 v0x641567cc6df0_0, 0, 36;
T_14.14 ;
    %jmp T_14;
    .thread T_14, $push;
    .scope S_0x641567cc59b0;
T_15 ;
Ewait_1 .event/or E_0x641567cc5cc0, E_0x0;
    %wait Ewait_1;
    %load/vec4 v0x641567cc5d20_0;
    %dup/vec4;
    %pushi/vec4 0, 0, 2;
    %cmp/u;
    %jmp/1 T_15.0, 6;
    %dup/vec4;
    %pushi/vec4 1, 0, 2;
    %cmp/u;
    %jmp/1 T_15.1, 6;
    %dup/vec4;
    %pushi/vec4 2, 0, 2;
    %cmp/u;
    %jmp/1 T_15.2, 6;
    %pushi/vec4 0, 0, 36;
    %store/vec4 v0x641567cc5e00_0, 0, 36;
    %jmp T_15.4;
T_15.0 ;
    %load/vec4 v0x641567cc5ee0_0;
    %pad/s 36;
    %load/vec4 v0x641567cc5ee0_0;
    %pad/s 36;
    %mul;
    %store/vec4 v0x641567cc5e00_0, 0, 36;
    %jmp T_15.4;
T_15.1 ;
    %load/vec4 v0x641567cc5fd0_0;
    %pad/s 36;
    %load/vec4 v0x641567cc5fd0_0;
    %pad/s 36;
    %mul;
    %store/vec4 v0x641567cc5e00_0, 0, 36;
    %jmp T_15.4;
T_15.2 ;
    %load/vec4 v0x641567cc5ee0_0;
    %pad/s 36;
    %load/vec4 v0x641567cc5fd0_0;
    %pad/s 36;
    %mul;
    %ix/load 4, 1, 0;
    %flag_set/imm 4, 0;
    %shiftl 4;
    %store/vec4 v0x641567cc5e00_0, 0, 36;
    %jmp T_15.4;
T_15.4 ;
    %pop/vec4 1;
    %jmp T_15;
    .thread T_15, $push;
    .scope S_0x641567cc5390;
T_16 ;
Ewait_2 .event/or E_0x641567cc5710, E_0x0;
    %wait Ewait_2;
    %load/vec4 v0x641567cc5870_0;
    %parti/s 2, 34, 7;
    %or/r;
    %store/vec4 v0x641567cc5790_0, 0, 1;
    %jmp T_16;
    .thread T_16, $push;
    .scope S_0x641567cc41b0;
T_17 ;
Ewait_3 .event/or E_0x641567cc4950, E_0x0;
    %wait Ewait_3;
    %load/vec4 v0x641567cc8260_0;
    %dup/vec4;
    %pushi/vec4 2, 0, 32;
    %cmp/u;
    %jmp/1 T_17.0, 6;
    %dup/vec4;
    %pushi/vec4 3, 0, 32;
    %cmp/u;
    %jmp/1 T_17.1, 6;
    %dup/vec4;
    %pushi/vec4 4, 0, 32;
    %cmp/u;
    %jmp/1 T_17.2, 6;
    %pushi/vec4 0, 0, 2;
    %store/vec4 v0x641567cc84e0_0, 0, 2;
    %jmp T_17.4;
T_17.0 ;
    %pushi/vec4 0, 0, 2;
    %store/vec4 v0x641567cc84e0_0, 0, 2;
    %jmp T_17.4;
T_17.1 ;
    %pushi/vec4 1, 0, 2;
    %store/vec4 v0x641567cc84e0_0, 0, 2;
    %jmp T_17.4;
T_17.2 ;
    %pushi/vec4 2, 0, 2;
    %store/vec4 v0x641567cc84e0_0, 0, 2;
    %jmp T_17.4;
T_17.4 ;
    %pop/vec4 1;
    %jmp T_17;
    .thread T_17, $push;
    .scope S_0x641567cc41b0;
T_18 ;
    %wait E_0x641567ba7030;
    %load/vec4 v0x641567cc81a0_0;
    %flag_set/vec4 8;
    %load/vec4 v0x641567cc8cf0_0;
    %flag_set/vec4 9;
    %flag_or 9, 8;
    %jmp/0xz  T_18.0, 9;
    %pushi/vec4 0, 0, 32;
    %assign/vec4 v0x641567cc7b40_0, 0;
    %pushi/vec4 0, 0, 32;
    %assign/vec4 v0x641567cc8680_0, 0;
    %pushi/vec4 0, 0, 32;
    %assign/vec4 v0x641567cc8c10_0, 0;
    %pushi/vec4 0, 0, 32;
    %assign/vec4 v0x641567cc8260_0, 0;
    %pushi/vec4 0, 0, 32;
    %assign/vec4 v0x641567cc8b30_0, 0;
    %pushi/vec4 0, 0, 36;
    %assign/vec4 v0x641567cc8810_0, 0;
    %pushi/vec4 0, 0, 36;
    %assign/vec4 v0x641567cc88e0_0, 0;
    %jmp T_18.1;
T_18.0 ;
    %load/vec4 v0x641567cc8ea0_0;
    %flag_set/vec4 8;
    %jmp/0xz  T_18.2, 8;
    %pushi/vec4 0, 0, 36;
    %assign/vec4 v0x641567cc8810_0, 0;
    %pushi/vec4 1, 0, 32;
    %assign/vec4 v0x641567cc7b40_0, 0;
    %pushi/vec4 1, 0, 32;
    %assign/vec4 v0x641567cc8680_0, 0;
    %pushi/vec4 0, 0, 16;
    %assign/vec4 v0x641567cc7d70_0, 0;
    %load/vec4 v0x641567cc80e0_0;
    %flag_set/vec4 8;
    %jmp/0xz  T_18.4, 8;
    %load/vec4 v0x641567cc90c0_0;
    %pad/s 36;
    %ix/load 4, 16, 0;
    %flag_set/imm 4, 0;
    %shiftl 4;
    %assign/vec4 v0x641567cc9440_0, 0;
    %load/vec4 v0x641567cc9280_0;
    %pad/s 36;
    %ix/load 4, 16, 0;
    %flag_set/imm 4, 0;
    %shiftl 4;
    %assign/vec4 v0x641567cc9600_0, 0;
    %jmp T_18.5;
T_18.4 ;
    %pushi/vec4 0, 0, 36;
    %assign/vec4 v0x641567cc9440_0, 0;
    %pushi/vec4 0, 0, 36;
    %assign/vec4 v0x641567cc9600_0, 0;
T_18.5 ;
    %pushi/vec4 1, 0, 32;
    %assign/vec4 v0x641567cc8260_0, 0;
    %jmp T_18.3;
T_18.2 ;
    %load/vec4 v0x641567cc8680_0;
    %pushi/vec4 1, 0, 32;
    %cmp/e;
    %flag_get/vec4 4;
    %load/vec4 v0x641567cc7b40_0;
    %pushi/vec4 1, 0, 32;
    %cmp/e;
    %flag_get/vec4 4;
    %and;
    %flag_set/vec4 8;
    %jmp/0xz  T_18.6, 8;
    %load/vec4 v0x641567cc8260_0;
    %dup/vec4;
    %pushi/vec4 1, 0, 32;
    %cmp/u;
    %jmp/1 T_18.8, 6;
    %dup/vec4;
    %pushi/vec4 2, 0, 32;
    %cmp/u;
    %jmp/1 T_18.9, 6;
    %dup/vec4;
    %pushi/vec4 3, 0, 32;
    %cmp/u;
    %jmp/1 T_18.10, 6;
    %dup/vec4;
    %pushi/vec4 4, 0, 32;
    %cmp/u;
    %jmp/1 T_18.11, 6;
    %dup/vec4;
    %pushi/vec4 6, 0, 32;
    %cmp/u;
    %jmp/1 T_18.12, 6;
    %dup/vec4;
    %pushi/vec4 5, 0, 32;
    %cmp/u;
    %jmp/1 T_18.13, 6;
    %dup/vec4;
    %pushi/vec4 7, 0, 32;
    %cmp/u;
    %jmp/1 T_18.14, 6;
    %load/vec4 v0x641567cc8260_0;
    %assign/vec4 v0x641567cc8260_0, 0;
    %jmp T_18.16;
T_18.8 ;
    %load/vec4 v0x641567cc7810_0;
    %assign/vec4 v0x641567cc9440_0, 0;
    %load/vec4 v0x641567cc7810_0;
    %parti/s 18, 16, 6;
    %assign/vec4 v0x641567cc8db0_0, 0;
    %load/vec4 v0x641567cc79a0_0;
    %assign/vec4 v0x641567cc9600_0, 0;
    %load/vec4 v0x641567cc8410_0;
    %flag_set/vec4 8;
    %jmp/0xz  T_18.17, 8;
    %pushi/vec4 7, 0, 32;
    %assign/vec4 v0x641567cc8260_0, 0;
    %jmp T_18.18;
T_18.17 ;
    %pushi/vec4 2, 0, 32;
    %assign/vec4 v0x641567cc8260_0, 0;
T_18.18 ;
    %jmp T_18.16;
T_18.9 ;
    %load/vec4 v0x641567cc85b0_0;
    %assign/vec4 v0x641567cc9440_0, 0;
    %load/vec4 v0x641567cc85b0_0;
    %assign/vec4 v0x641567cc8810_0, 0;
    %pushi/vec4 3, 0, 32;
    %assign/vec4 v0x641567cc8260_0, 0;
    %jmp T_18.16;
T_18.10 ;
    %load/vec4 v0x641567cc9440_0;
    %load/vec4 v0x641567cc85b0_0;
    %sub;
    %assign/vec4 v0x641567cc9440_0, 0;
    %load/vec4 v0x641567cc8810_0;
    %load/vec4 v0x641567cc85b0_0;
    %add;
    %assign/vec4 v0x641567cc8810_0, 0;
    %load/vec4 v0x641567cc8340_0;
    %flag_set/vec4 8;
    %jmp/0xz  T_18.19, 8;
    %pushi/vec4 7, 0, 32;
    %assign/vec4 v0x641567cc8260_0, 0;
    %jmp T_18.20;
T_18.19 ;
    %pushi/vec4 4, 0, 32;
    %assign/vec4 v0x641567cc8260_0, 0;
T_18.20 ;
    %jmp T_18.16;
T_18.11 ;
    %load/vec4 v0x641567cc8340_0;
    %flag_set/vec4 8;
    %jmp/0xz  T_18.21, 8;
    %pushi/vec4 7, 0, 32;
    %assign/vec4 v0x641567cc8260_0, 0;
    %jmp T_18.22;
T_18.21 ;
    %load/vec4 v0x641567cc85b0_0;
    %assign/vec4 v0x641567cc9600_0, 0;
    %load/vec4 v0x641567cc80e0_0;
    %flag_set/vec4 8;
    %jmp/0xz  T_18.23, 8;
    %pushi/vec4 6, 0, 32;
    %assign/vec4 v0x641567cc8260_0, 0;
    %jmp T_18.24;
T_18.23 ;
    %pushi/vec4 5, 0, 32;
    %assign/vec4 v0x641567cc8260_0, 0;
T_18.24 ;
T_18.22 ;
    %jmp T_18.16;
T_18.12 ;
    %load/vec4 v0x641567cc9440_0;
    %load/vec4 v0x641567cc7f20_0;
    %pad/s 36;
    %ix/load 4, 16, 0;
    %flag_set/imm 4, 0;
    %shiftl 4;
    %add;
    %assign/vec4 v0x641567cc9440_0, 0;
    %load/vec4 v0x641567cc9600_0;
    %load/vec4 v0x641567cc8000_0;
    %pad/s 36;
    %ix/load 4, 16, 0;
    %flag_set/imm 4, 0;
    %shiftl 4;
    %add;
    %assign/vec4 v0x641567cc9600_0, 0;
    %pushi/vec4 1, 0, 32;
    %assign/vec4 v0x641567cc8260_0, 0;
    %load/vec4 v0x641567cc7d70_0;
    %addi 1, 0, 16;
    %assign/vec4 v0x641567cc7d70_0, 0;
    %jmp T_18.16;
T_18.13 ;
    %load/vec4 v0x641567cc9440_0;
    %load/vec4 v0x641567cc90c0_0;
    %pad/s 36;
    %ix/load 4, 16, 0;
    %flag_set/imm 4, 0;
    %shiftl 4;
    %add;
    %assign/vec4 v0x641567cc9440_0, 0;
    %load/vec4 v0x641567cc9600_0;
    %load/vec4 v0x641567cc9280_0;
    %pad/s 36;
    %ix/load 4, 16, 0;
    %flag_set/imm 4, 0;
    %shiftl 4;
    %add;
    %assign/vec4 v0x641567cc9600_0, 0;
    %pushi/vec4 1, 0, 32;
    %assign/vec4 v0x641567cc8260_0, 0;
    %load/vec4 v0x641567cc7d70_0;
    %addi 1, 0, 16;
    %assign/vec4 v0x641567cc7d70_0, 0;
    %jmp T_18.16;
T_18.14 ;
    %load/vec4 v0x641567cc7770_0;
    %pad/u 32;
    %pushi/vec4 0, 0, 32;
    %cmp/e;
    %flag_get/vec4 4;
    %load/vec4 v0x641567cc8a90_0;
    %and;
    %flag_set/vec4 8;
    %jmp/0xz  T_18.25, 8;
    %pushi/vec4 0, 0, 32;
    %assign/vec4 v0x641567cc8680_0, 0;
    %pushi/vec4 0, 0, 32;
    %assign/vec4 v0x641567cc8260_0, 0;
T_18.25 ;
    %jmp T_18.16;
T_18.16 ;
    %pop/vec4 1;
T_18.6 ;
T_18.3 ;
    %load/vec4 v0x641567cc8f40_0;
    %flag_set/vec4 8;
    %jmp/0xz  T_18.27, 8;
    %pushi/vec4 0, 0, 36;
    %assign/vec4 v0x641567cc88e0_0, 0;
    %pushi/vec4 1, 0, 32;
    %assign/vec4 v0x641567cc7b40_0, 0;
    %pushi/vec4 1, 0, 32;
    %assign/vec4 v0x641567cc8c10_0, 0;
    %pushi/vec4 0, 0, 16;
    %assign/vec4 v0x641567cc7e60_0, 0;
    %load/vec4 v0x641567cc80e0_0;
    %flag_set/vec4 8;
    %jmp/0xz  T_18.29, 8;
    %load/vec4 v0x641567cc91a0_0;
    %pad/s 36;
    %ix/load 4, 16, 0;
    %flag_set/imm 4, 0;
    %shiftl 4;
    %assign/vec4 v0x641567cc9530_0, 0;
    %load/vec4 v0x641567cc9360_0;
    %pad/s 36;
    %ix/load 4, 16, 0;
    %flag_set/imm 4, 0;
    %shiftl 4;
    %assign/vec4 v0x641567cc96d0_0, 0;
    %jmp T_18.30;
T_18.29 ;
    %pushi/vec4 0, 0, 36;
    %assign/vec4 v0x641567cc9530_0, 0;
    %pushi/vec4 0, 0, 36;
    %assign/vec4 v0x641567cc96d0_0, 0;
T_18.30 ;
T_18.27 ;
    %load/vec4 v0x641567cc9000_0;
    %flag_set/vec4 8;
    %jmp/0xz  T_18.31, 8;
    %pushi/vec4 0, 0, 36;
    %assign/vec4 v0x641567cc8810_0, 0;
    %pushi/vec4 0, 0, 36;
    %assign/vec4 v0x641567cc88e0_0, 0;
    %pushi/vec4 2, 0, 32;
    %assign/vec4 v0x641567cc7b40_0, 0;
    %pushi/vec4 1, 0, 32;
    %assign/vec4 v0x641567cc8680_0, 0;
    %pushi/vec4 1, 0, 32;
    %assign/vec4 v0x641567cc8c10_0, 0;
T_18.31 ;
T_18.1 ;
    %jmp T_18;
    .thread T_18;
    .scope S_0x641567cc41b0;
T_19 ;
Ewait_4 .event/or E_0x641567ca8c70, E_0x0;
    %wait Ewait_4;
    %pushi/vec4 0, 0, 1;
    %store/vec4 v0x641567cc76b0_0, 0, 1;
    %pushi/vec4 0, 0, 1;
    %store/vec4 v0x641567cc7770_0, 0, 1;
    %load/vec4 v0x641567cc7d70_0;
    %store/vec4 v0x641567cc7c00_0, 0, 16;
    %load/vec4 v0x641567cc7b40_0;
    %pushi/vec4 2, 0, 32;
    %cmp/e;
    %flag_get/vec4 4;
    %load/vec4 v0x641567cc8260_0;
    %pushi/vec4 7, 0, 32;
    %cmp/e;
    %flag_get/vec4 4;
    %and;
    %flag_set/vec4 8;
    %jmp/0xz  T_19.0, 8;
    %pushi/vec4 1, 0, 1;
    %store/vec4 v0x641567cc76b0_0, 0, 1;
    %load/vec4 v0x641567cc7d70_0;
    %store/vec4 v0x641567cc7c00_0, 0, 16;
    %jmp T_19.1;
T_19.0 ;
    %load/vec4 v0x641567cc7b40_0;
    %cmpi/e 1, 0, 32;
    %jmp/0xz  T_19.2, 4;
    %load/vec4 v0x641567cc8260_0;
    %cmpi/e 7, 0, 32;
    %jmp/0xz  T_19.4, 4;
    %pushi/vec4 0, 0, 1;
    %store/vec4 v0x641567cc7770_0, 0, 1;
    %pushi/vec4 1, 0, 1;
    %store/vec4 v0x641567cc76b0_0, 0, 1;
    %load/vec4 v0x641567cc7d70_0;
    %store/vec4 v0x641567cc7c00_0, 0, 16;
T_19.4 ;
    %load/vec4 v0x641567cc8b30_0;
    %cmpi/e 7, 0, 32;
    %jmp/0xz  T_19.6, 4;
    %pushi/vec4 1, 0, 1;
    %store/vec4 v0x641567cc7770_0, 0, 1;
    %pushi/vec4 1, 0, 1;
    %store/vec4 v0x641567cc76b0_0, 0, 1;
    %load/vec4 v0x641567cc7e60_0;
    %store/vec4 v0x641567cc7c00_0, 0, 16;
T_19.6 ;
T_19.2 ;
T_19.1 ;
    %jmp T_19;
    .thread T_19, $push;
    .scope S_0x641567c71040;
T_20 ;
    %pushi/vec4 0, 0, 32;
    %store/vec4 v0x641567ccd510_0, 0, 32;
    %pushi/vec4 0, 0, 32;
    %store/vec4 v0x641567ccd180_0, 0, 32;
    %end;
    .thread T_20, $init;
    .scope S_0x641567c71040;
T_21 ;
    %pushi/vec4 0, 0, 1;
    %store/vec4 v0x641567ccd280_0, 0, 1;
    %end;
    .thread T_21;
    .scope S_0x641567c71040;
T_22 ;
    %delay 5000, 0;
    %load/vec4 v0x641567ccd280_0;
    %inv;
    %store/vec4 v0x641567ccd280_0, 0, 1;
    %jmp T_22;
    .thread T_22;
    .scope S_0x641567c71040;
T_23 ;
    %vpi_call/w 9 337 "$dumpfile", "sim/waves/tb_multiply_manager.vcd" {0 0 0};
    %vpi_call/w 9 338 "$dumpvars", 32'sb00000000000000000000000000000000, S_0x641567c71040 {0 0 0};
    %vpi_call/w 9 340 "$display", "==== tb_multiply_manager : left-thread ====" {0 0 0};
    %alloc S_0x641567cc3fd0;
    %fork TD_tb_multiply_manager.do_reset, S_0x641567cc3fd0;
    %join;
    %free S_0x641567cc3fd0;
    %alloc S_0x641567cc3c70;
    %load/vec4 v0x641567ccd340_0;
    %pushi/vec4 0, 0, 1;
    %cmp/e;
    %flag_get/vec4 4;
    %store/vec4 v0x641567cc3e50_0, 0, 1;
    %pushi/str "after reset: done should be low";
    %store/str v0x641567cc3f10_0;
    %callf/void TD_tb_multiply_manager.check, S_0x641567cc3c70;
    %free S_0x641567cc3c70;
    %alloc S_0x641567ccc120;
    %pushi/str "mandel c=0 (max=8)";
    %store/str v0x641567ccca40_0;
    %pushi/vec4 0, 0, 1;
    %store/vec4 v0x641567ccc8a0_0, 0, 1;
    %pushi/vec4 0, 0, 4;
    %store/vec4 v0x641567ccc690_0, 0, 4;
    %pushi/vec4 3, 0, 5;
    %store/vec4 v0x641567ccc960_0, 0, 5;
    %pushi/vec4 0, 0, 18;
    %store/vec4 v0x641567ccc3e0_0, 0, 18;
    %pushi/vec4 0, 0, 18;
    %store/vec4 v0x641567ccc4c0_0, 0, 18;
    %alloc S_0x641567ccce30;
    %pushi/real 0, 4065; load=0.00000
    %store/real v0x641567ccd0c0_0;
    %callf/vec4 TD_tb_multiply_manager.to_q216, S_0x641567ccce30;
    %free S_0x641567ccce30;
    %store/vec4 v0x641567cccb90_0, 0, 18;
    %alloc S_0x641567ccce30;
    %pushi/real 0, 4065; load=0.00000
    %store/real v0x641567ccd0c0_0;
    %callf/vec4 TD_tb_multiply_manager.to_q216, S_0x641567ccce30;
    %free S_0x641567ccce30;
    %store/vec4 v0x641567cccc70_0, 0, 18;
    %pushi/vec4 100000, 0, 32;
    %store/vec4 v0x641567cccd50_0, 0, 32;
    %fork TD_tb_multiply_manager.run_left, S_0x641567ccc120;
    %join;
    %free S_0x641567ccc120;
    %alloc S_0x641567ccc120;
    %pushi/str "mandel c=(1.5,0)";
    %store/str v0x641567ccca40_0;
    %pushi/vec4 0, 0, 1;
    %store/vec4 v0x641567ccc8a0_0, 0, 1;
    %pushi/vec4 0, 0, 4;
    %store/vec4 v0x641567ccc690_0, 0, 4;
    %pushi/vec4 5, 0, 5;
    %store/vec4 v0x641567ccc960_0, 0, 5;
    %pushi/vec4 0, 0, 18;
    %store/vec4 v0x641567ccc3e0_0, 0, 18;
    %pushi/vec4 0, 0, 18;
    %store/vec4 v0x641567ccc4c0_0, 0, 18;
    %alloc S_0x641567ccce30;
    %pushi/real 1610612736, 4066; load=1.50000
    %store/real v0x641567ccd0c0_0;
    %callf/vec4 TD_tb_multiply_manager.to_q216, S_0x641567ccce30;
    %free S_0x641567ccce30;
    %store/vec4 v0x641567cccb90_0, 0, 18;
    %alloc S_0x641567ccce30;
    %pushi/real 0, 4065; load=0.00000
    %store/real v0x641567ccd0c0_0;
    %callf/vec4 TD_tb_multiply_manager.to_q216, S_0x641567ccce30;
    %free S_0x641567ccce30;
    %store/vec4 v0x641567cccc70_0, 0, 18;
    %pushi/vec4 100000, 0, 32;
    %store/vec4 v0x641567cccd50_0, 0, 32;
    %fork TD_tb_multiply_manager.run_left, S_0x641567ccc120;
    %join;
    %free S_0x641567ccc120;
    %alloc S_0x641567ccc120;
    %pushi/str "mandel c=(-1.8,0)";
    %store/str v0x641567ccca40_0;
    %pushi/vec4 0, 0, 1;
    %store/vec4 v0x641567ccc8a0_0, 0, 1;
    %pushi/vec4 0, 0, 4;
    %store/vec4 v0x641567ccc690_0, 0, 4;
    %pushi/vec4 5, 0, 5;
    %store/vec4 v0x641567ccc960_0, 0, 5;
    %pushi/vec4 0, 0, 18;
    %store/vec4 v0x641567ccc3e0_0, 0, 18;
    %pushi/vec4 0, 0, 18;
    %store/vec4 v0x641567ccc4c0_0, 0, 18;
    %alloc S_0x641567ccce30;
    %pushi/real 1932735283, 20450; load=-1.80000
    %pushi/real 838861, 20428; load=-1.80000
    %add/wr;
    %store/real v0x641567ccd0c0_0;
    %callf/vec4 TD_tb_multiply_manager.to_q216, S_0x641567ccce30;
    %free S_0x641567ccce30;
    %store/vec4 v0x641567cccb90_0, 0, 18;
    %alloc S_0x641567ccce30;
    %pushi/real 0, 4065; load=0.00000
    %store/real v0x641567ccd0c0_0;
    %callf/vec4 TD_tb_multiply_manager.to_q216, S_0x641567ccce30;
    %free S_0x641567ccce30;
    %store/vec4 v0x641567cccc70_0, 0, 18;
    %pushi/vec4 100000, 0, 32;
    %store/vec4 v0x641567cccd50_0, 0, 32;
    %fork TD_tb_multiply_manager.run_left, S_0x641567ccc120;
    %join;
    %free S_0x641567ccc120;
    %alloc S_0x641567ccc120;
    %pushi/str "mandel c=(0,1.5)";
    %store/str v0x641567ccca40_0;
    %pushi/vec4 0, 0, 1;
    %store/vec4 v0x641567ccc8a0_0, 0, 1;
    %pushi/vec4 0, 0, 4;
    %store/vec4 v0x641567ccc690_0, 0, 4;
    %pushi/vec4 5, 0, 5;
    %store/vec4 v0x641567ccc960_0, 0, 5;
    %pushi/vec4 0, 0, 18;
    %store/vec4 v0x641567ccc3e0_0, 0, 18;
    %pushi/vec4 0, 0, 18;
    %store/vec4 v0x641567ccc4c0_0, 0, 18;
    %alloc S_0x641567ccce30;
    %pushi/real 0, 4065; load=0.00000
    %store/real v0x641567ccd0c0_0;
    %callf/vec4 TD_tb_multiply_manager.to_q216, S_0x641567ccce30;
    %free S_0x641567ccce30;
    %store/vec4 v0x641567cccb90_0, 0, 18;
    %alloc S_0x641567ccce30;
    %pushi/real 1610612736, 4066; load=1.50000
    %store/real v0x641567ccd0c0_0;
    %callf/vec4 TD_tb_multiply_manager.to_q216, S_0x641567ccce30;
    %free S_0x641567ccce30;
    %store/vec4 v0x641567cccc70_0, 0, 18;
    %pushi/vec4 100000, 0, 32;
    %store/vec4 v0x641567cccd50_0, 0, 32;
    %fork TD_tb_multiply_manager.run_left, S_0x641567ccc120;
    %join;
    %free S_0x641567ccc120;
    %alloc S_0x641567ccc120;
    %pushi/str "mandel c=(-1,0)";
    %store/str v0x641567ccca40_0;
    %pushi/vec4 0, 0, 1;
    %store/vec4 v0x641567ccc8a0_0, 0, 1;
    %pushi/vec4 0, 0, 4;
    %store/vec4 v0x641567ccc690_0, 0, 4;
    %pushi/vec4 4, 0, 5;
    %store/vec4 v0x641567ccc960_0, 0, 5;
    %pushi/vec4 0, 0, 18;
    %store/vec4 v0x641567ccc3e0_0, 0, 18;
    %pushi/vec4 0, 0, 18;
    %store/vec4 v0x641567ccc4c0_0, 0, 18;
    %alloc S_0x641567ccce30;
    %pushi/real 1073741824, 20450; load=-1.00000
    %store/real v0x641567ccd0c0_0;
    %callf/vec4 TD_tb_multiply_manager.to_q216, S_0x641567ccce30;
    %free S_0x641567ccce30;
    %store/vec4 v0x641567cccb90_0, 0, 18;
    %alloc S_0x641567ccce30;
    %pushi/real 0, 4065; load=0.00000
    %store/real v0x641567ccd0c0_0;
    %callf/vec4 TD_tb_multiply_manager.to_q216, S_0x641567ccce30;
    %free S_0x641567ccce30;
    %store/vec4 v0x641567cccc70_0, 0, 18;
    %pushi/vec4 100000, 0, 32;
    %store/vec4 v0x641567cccd50_0, 0, 32;
    %fork TD_tb_multiply_manager.run_left, S_0x641567ccc120;
    %join;
    %free S_0x641567ccc120;
    %alloc S_0x641567ccc120;
    %pushi/str "mandel c=(-0.5,0)";
    %store/str v0x641567ccca40_0;
    %pushi/vec4 0, 0, 1;
    %store/vec4 v0x641567ccc8a0_0, 0, 1;
    %pushi/vec4 0, 0, 4;
    %store/vec4 v0x641567ccc690_0, 0, 4;
    %pushi/vec4 4, 0, 5;
    %store/vec4 v0x641567ccc960_0, 0, 5;
    %pushi/vec4 0, 0, 18;
    %store/vec4 v0x641567ccc3e0_0, 0, 18;
    %pushi/vec4 0, 0, 18;
    %store/vec4 v0x641567ccc4c0_0, 0, 18;
    %alloc S_0x641567ccce30;
    %pushi/real 1073741824, 20449; load=-0.500000
    %store/real v0x641567ccd0c0_0;
    %callf/vec4 TD_tb_multiply_manager.to_q216, S_0x641567ccce30;
    %free S_0x641567ccce30;
    %store/vec4 v0x641567cccb90_0, 0, 18;
    %alloc S_0x641567ccce30;
    %pushi/real 0, 4065; load=0.00000
    %store/real v0x641567ccd0c0_0;
    %callf/vec4 TD_tb_multiply_manager.to_q216, S_0x641567ccce30;
    %free S_0x641567ccce30;
    %store/vec4 v0x641567cccc70_0, 0, 18;
    %pushi/vec4 100000, 0, 32;
    %store/vec4 v0x641567cccd50_0, 0, 32;
    %fork TD_tb_multiply_manager.run_left, S_0x641567ccc120;
    %join;
    %free S_0x641567ccc120;
    %alloc S_0x641567ccc120;
    %pushi/str "mandel c=(0.3,0.5)";
    %store/str v0x641567ccca40_0;
    %pushi/vec4 0, 0, 1;
    %store/vec4 v0x641567ccc8a0_0, 0, 1;
    %pushi/vec4 0, 0, 4;
    %store/vec4 v0x641567ccc690_0, 0, 4;
    %pushi/vec4 6, 0, 5;
    %store/vec4 v0x641567ccc960_0, 0, 5;
    %pushi/vec4 0, 0, 18;
    %store/vec4 v0x641567ccc3e0_0, 0, 18;
    %pushi/vec4 0, 0, 18;
    %store/vec4 v0x641567ccc4c0_0, 0, 18;
    %alloc S_0x641567ccce30;
    %pushi/real 1288490188, 4064; load=0.300000
    %pushi/real 3355443, 4042; load=0.300000
    %add/wr;
    %store/real v0x641567ccd0c0_0;
    %callf/vec4 TD_tb_multiply_manager.to_q216, S_0x641567ccce30;
    %free S_0x641567ccce30;
    %store/vec4 v0x641567cccb90_0, 0, 18;
    %alloc S_0x641567ccce30;
    %pushi/real 1073741824, 4065; load=0.500000
    %store/real v0x641567ccd0c0_0;
    %callf/vec4 TD_tb_multiply_manager.to_q216, S_0x641567ccce30;
    %free S_0x641567ccce30;
    %store/vec4 v0x641567cccc70_0, 0, 18;
    %pushi/vec4 100000, 0, 32;
    %store/vec4 v0x641567cccd50_0, 0, 32;
    %fork TD_tb_multiply_manager.run_left, S_0x641567ccc120;
    %join;
    %free S_0x641567ccc120;
    %alloc S_0x641567ccc120;
    %pushi/str "mandel c=(-0.7,0.3)";
    %store/str v0x641567ccca40_0;
    %pushi/vec4 0, 0, 1;
    %store/vec4 v0x641567ccc8a0_0, 0, 1;
    %pushi/vec4 0, 0, 4;
    %store/vec4 v0x641567ccc690_0, 0, 4;
    %pushi/vec4 6, 0, 5;
    %store/vec4 v0x641567ccc960_0, 0, 5;
    %pushi/vec4 0, 0, 18;
    %store/vec4 v0x641567ccc3e0_0, 0, 18;
    %pushi/vec4 0, 0, 18;
    %store/vec4 v0x641567ccc4c0_0, 0, 18;
    %alloc S_0x641567ccce30;
    %pushi/real 1503238553, 20449; load=-0.700000
    %pushi/real 2516582, 20427; load=-0.700000
    %add/wr;
    %store/real v0x641567ccd0c0_0;
    %callf/vec4 TD_tb_multiply_manager.to_q216, S_0x641567ccce30;
    %free S_0x641567ccce30;
    %store/vec4 v0x641567cccb90_0, 0, 18;
    %alloc S_0x641567ccce30;
    %pushi/real 1288490188, 4064; load=0.300000
    %pushi/real 3355443, 4042; load=0.300000
    %add/wr;
    %store/real v0x641567ccd0c0_0;
    %callf/vec4 TD_tb_multiply_manager.to_q216, S_0x641567ccce30;
    %free S_0x641567ccce30;
    %store/vec4 v0x641567cccc70_0, 0, 18;
    %pushi/vec4 100000, 0, 32;
    %store/vec4 v0x641567cccd50_0, 0, 32;
    %fork TD_tb_multiply_manager.run_left, S_0x641567ccc120;
    %join;
    %free S_0x641567ccc120;
    %alloc S_0x641567ccc120;
    %pushi/str "julia c=(-0.8,0.156)";
    %store/str v0x641567ccca40_0;
    %pushi/vec4 1, 0, 1;
    %store/vec4 v0x641567ccc8a0_0, 0, 1;
    %pushi/vec4 0, 0, 4;
    %store/vec4 v0x641567ccc690_0, 0, 4;
    %pushi/vec4 6, 0, 5;
    %store/vec4 v0x641567ccc960_0, 0, 5;
    %alloc S_0x641567ccce30;
    %pushi/real 1717986918, 20449; load=-0.800000
    %pushi/real 1677722, 20427; load=-0.800000
    %add/wr;
    %store/real v0x641567ccd0c0_0;
    %callf/vec4 TD_tb_multiply_manager.to_q216, S_0x641567ccce30;
    %free S_0x641567ccce30;
    %store/vec4 v0x641567ccc3e0_0, 0, 18;
    %alloc S_0x641567ccce30;
    %pushi/real 1340029796, 4063; load=0.156000
    %pushi/real 1476395, 4041; load=0.156000
    %add/wr;
    %store/real v0x641567ccd0c0_0;
    %callf/vec4 TD_tb_multiply_manager.to_q216, S_0x641567ccce30;
    %free S_0x641567ccce30;
    %store/vec4 v0x641567ccc4c0_0, 0, 18;
    %alloc S_0x641567ccce30;
    %pushi/real 0, 4065; load=0.00000
    %store/real v0x641567ccd0c0_0;
    %callf/vec4 TD_tb_multiply_manager.to_q216, S_0x641567ccce30;
    %free S_0x641567ccce30;
    %store/vec4 v0x641567cccb90_0, 0, 18;
    %alloc S_0x641567ccce30;
    %pushi/real 0, 4065; load=0.00000
    %store/real v0x641567ccd0c0_0;
    %callf/vec4 TD_tb_multiply_manager.to_q216, S_0x641567ccce30;
    %free S_0x641567ccce30;
    %store/vec4 v0x641567cccc70_0, 0, 18;
    %pushi/vec4 100000, 0, 32;
    %store/vec4 v0x641567cccd50_0, 0, 32;
    %fork TD_tb_multiply_manager.run_left, S_0x641567ccc120;
    %join;
    %free S_0x641567ccc120;
    %alloc S_0x641567ccc120;
    %pushi/str "julia c=(0.285,0.01)";
    %store/str v0x641567ccca40_0;
    %pushi/vec4 1, 0, 1;
    %store/vec4 v0x641567ccc8a0_0, 0, 1;
    %pushi/vec4 0, 0, 4;
    %store/vec4 v0x641567ccc690_0, 0, 4;
    %pushi/vec4 6, 0, 5;
    %store/vec4 v0x641567ccc960_0, 0, 5;
    %alloc S_0x641567ccce30;
    %pushi/real 1224065679, 4064; load=0.285000
    %pushi/real 1509949, 4042; load=0.285000
    %add/wr;
    %store/real v0x641567ccd0c0_0;
    %callf/vec4 TD_tb_multiply_manager.to_q216, S_0x641567ccce30;
    %free S_0x641567ccce30;
    %store/vec4 v0x641567ccc3e0_0, 0, 18;
    %alloc S_0x641567ccce30;
    %pushi/real 1374389534, 4059; load=0.0100000
    %pushi/real 3019899, 4037; load=0.0100000
    %add/wr;
    %store/real v0x641567ccd0c0_0;
    %callf/vec4 TD_tb_multiply_manager.to_q216, S_0x641567ccce30;
    %free S_0x641567ccce30;
    %store/vec4 v0x641567ccc4c0_0, 0, 18;
    %alloc S_0x641567ccce30;
    %pushi/real 1717986918, 4062; load=0.100000
    %pushi/real 1677722, 4040; load=0.100000
    %add/wr;
    %store/real v0x641567ccd0c0_0;
    %callf/vec4 TD_tb_multiply_manager.to_q216, S_0x641567ccce30;
    %free S_0x641567ccce30;
    %store/vec4 v0x641567cccb90_0, 0, 18;
    %alloc S_0x641567ccce30;
    %pushi/real 1717986918, 4062; load=0.100000
    %pushi/real 1677722, 4040; load=0.100000
    %add/wr;
    %store/real v0x641567ccd0c0_0;
    %callf/vec4 TD_tb_multiply_manager.to_q216, S_0x641567ccce30;
    %free S_0x641567ccce30;
    %store/vec4 v0x641567cccc70_0, 0, 18;
    %pushi/vec4 100000, 0, 32;
    %store/vec4 v0x641567cccd50_0, 0, 32;
    %fork TD_tb_multiply_manager.run_left, S_0x641567ccc120;
    %join;
    %free S_0x641567ccc120;
    %alloc S_0x641567ccc120;
    %pushi/str "bship c=(-1.7,-0.01)";
    %store/str v0x641567ccca40_0;
    %pushi/vec4 0, 0, 1;
    %store/vec4 v0x641567ccc8a0_0, 0, 1;
    %pushi/vec4 12, 0, 4;
    %store/vec4 v0x641567ccc690_0, 0, 4;
    %pushi/vec4 6, 0, 5;
    %store/vec4 v0x641567ccc960_0, 0, 5;
    %pushi/vec4 0, 0, 18;
    %store/vec4 v0x641567ccc3e0_0, 0, 18;
    %pushi/vec4 0, 0, 18;
    %store/vec4 v0x641567ccc4c0_0, 0, 18;
    %alloc S_0x641567ccce30;
    %pushi/real 1825361100, 20450; load=-1.70000
    %pushi/real 3355443, 20428; load=-1.70000
    %add/wr;
    %store/real v0x641567ccd0c0_0;
    %callf/vec4 TD_tb_multiply_manager.to_q216, S_0x641567ccce30;
    %free S_0x641567ccce30;
    %store/vec4 v0x641567cccb90_0, 0, 18;
    %alloc S_0x641567ccce30;
    %pushi/real 1374389534, 20443; load=-0.0100000
    %pushi/real 3019899, 20421; load=-0.0100000
    %add/wr;
    %store/real v0x641567ccd0c0_0;
    %callf/vec4 TD_tb_multiply_manager.to_q216, S_0x641567ccce30;
    %free S_0x641567ccce30;
    %store/vec4 v0x641567cccc70_0, 0, 18;
    %pushi/vec4 100000, 0, 32;
    %store/vec4 v0x641567cccd50_0, 0, 32;
    %fork TD_tb_multiply_manager.run_left, S_0x641567ccc120;
    %join;
    %free S_0x641567ccc120;
    %alloc S_0x641567ccc120;
    %pushi/str "tricorn c=(-0.5,0.5)";
    %store/str v0x641567ccca40_0;
    %pushi/vec4 0, 0, 1;
    %store/vec4 v0x641567ccc8a0_0, 0, 1;
    %pushi/vec4 1, 0, 4;
    %store/vec4 v0x641567ccc690_0, 0, 4;
    %pushi/vec4 6, 0, 5;
    %store/vec4 v0x641567ccc960_0, 0, 5;
    %pushi/vec4 0, 0, 18;
    %store/vec4 v0x641567ccc3e0_0, 0, 18;
    %pushi/vec4 0, 0, 18;
    %store/vec4 v0x641567ccc4c0_0, 0, 18;
    %alloc S_0x641567ccce30;
    %pushi/real 1073741824, 20449; load=-0.500000
    %store/real v0x641567ccd0c0_0;
    %callf/vec4 TD_tb_multiply_manager.to_q216, S_0x641567ccce30;
    %free S_0x641567ccce30;
    %store/vec4 v0x641567cccb90_0, 0, 18;
    %alloc S_0x641567ccce30;
    %pushi/real 1073741824, 4065; load=0.500000
    %store/real v0x641567ccd0c0_0;
    %callf/vec4 TD_tb_multiply_manager.to_q216, S_0x641567ccce30;
    %free S_0x641567ccce30;
    %store/vec4 v0x641567cccc70_0, 0, 18;
    %pushi/vec4 100000, 0, 32;
    %store/vec4 v0x641567cccd50_0, 0, 32;
    %fork TD_tb_multiply_manager.run_left, S_0x641567ccc120;
    %join;
    %free S_0x641567ccc120;
    %alloc S_0x641567ccc120;
    %pushi/str "b2b run A";
    %store/str v0x641567ccca40_0;
    %pushi/vec4 0, 0, 1;
    %store/vec4 v0x641567ccc8a0_0, 0, 1;
    %pushi/vec4 0, 0, 4;
    %store/vec4 v0x641567ccc690_0, 0, 4;
    %pushi/vec4 4, 0, 5;
    %store/vec4 v0x641567ccc960_0, 0, 5;
    %pushi/vec4 0, 0, 18;
    %store/vec4 v0x641567ccc3e0_0, 0, 18;
    %pushi/vec4 0, 0, 18;
    %store/vec4 v0x641567ccc4c0_0, 0, 18;
    %alloc S_0x641567ccce30;
    %pushi/real 0, 4065; load=0.00000
    %store/real v0x641567ccd0c0_0;
    %callf/vec4 TD_tb_multiply_manager.to_q216, S_0x641567ccce30;
    %free S_0x641567ccce30;
    %store/vec4 v0x641567cccb90_0, 0, 18;
    %alloc S_0x641567ccce30;
    %pushi/real 0, 4065; load=0.00000
    %store/real v0x641567ccd0c0_0;
    %callf/vec4 TD_tb_multiply_manager.to_q216, S_0x641567ccce30;
    %free S_0x641567ccce30;
    %store/vec4 v0x641567cccc70_0, 0, 18;
    %pushi/vec4 100000, 0, 32;
    %store/vec4 v0x641567cccd50_0, 0, 32;
    %fork TD_tb_multiply_manager.run_left, S_0x641567ccc120;
    %join;
    %free S_0x641567ccc120;
    %alloc S_0x641567ccc120;
    %pushi/str "b2b run B";
    %store/str v0x641567ccca40_0;
    %pushi/vec4 0, 0, 1;
    %store/vec4 v0x641567ccc8a0_0, 0, 1;
    %pushi/vec4 0, 0, 4;
    %store/vec4 v0x641567ccc690_0, 0, 4;
    %pushi/vec4 5, 0, 5;
    %store/vec4 v0x641567ccc960_0, 0, 5;
    %pushi/vec4 0, 0, 18;
    %store/vec4 v0x641567ccc3e0_0, 0, 18;
    %pushi/vec4 0, 0, 18;
    %store/vec4 v0x641567ccc4c0_0, 0, 18;
    %alloc S_0x641567ccce30;
    %pushi/real 1610612736, 4066; load=1.50000
    %store/real v0x641567ccd0c0_0;
    %callf/vec4 TD_tb_multiply_manager.to_q216, S_0x641567ccce30;
    %free S_0x641567ccce30;
    %store/vec4 v0x641567cccb90_0, 0, 18;
    %alloc S_0x641567ccce30;
    %pushi/real 0, 4065; load=0.00000
    %store/real v0x641567ccd0c0_0;
    %callf/vec4 TD_tb_multiply_manager.to_q216, S_0x641567ccce30;
    %free S_0x641567ccce30;
    %store/vec4 v0x641567cccc70_0, 0, 18;
    %pushi/vec4 100000, 0, 32;
    %store/vec4 v0x641567cccd50_0, 0, 32;
    %fork TD_tb_multiply_manager.run_left, S_0x641567ccc120;
    %join;
    %free S_0x641567ccc120;
    %fork t_1, S_0x641567cc3410;
    %jmp t_0;
    .scope S_0x641567cc3410;
t_1 ;
    %pushi/vec4 0, 0, 1;
    %store/vec4 v0x641567ccd840_0, 0, 1;
    %pushi/vec4 0, 0, 4;
    %store/vec4 v0x641567ccda70_0, 0, 4;
    %pushi/vec4 9, 0, 5;
    %store/vec4 v0x641567ccdb10_0, 0, 5;
    %pushi/vec4 0, 0, 18;
    %store/vec4 v0x641567cce0c0_0, 0, 18;
    %pushi/vec4 0, 0, 18;
    %store/vec4 v0x641567cce260_0, 0, 18;
    %wait E_0x641567ca70f0;
    %pushi/vec4 1, 0, 1;
    %store/vec4 v0x641567ccdd40_0, 0, 1;
    %wait E_0x641567ca70f0;
    %pushi/vec4 0, 0, 1;
    %store/vec4 v0x641567ccdd40_0, 0, 1;
    %pushi/vec4 10, 0, 32;
T_23.0 %dup/vec4;
    %pushi/vec4 0, 0, 32;
    %cmp/s;
    %jmp/1xz T_23.1, 5;
    %jmp/1 T_23.1, 4;
    %pushi/vec4 1, 0, 32;
    %sub;
    %wait E_0x641567ba7030;
    %jmp T_23.0;
T_23.1 ;
    %pop/vec4 1;
    %alloc S_0x641567cc3c70;
    %load/vec4 v0x641567ccd340_0;
    %pushi/vec4 0, 0, 1;
    %cmp/e;
    %flag_get/vec4 4;
    %store/vec4 v0x641567cc3e50_0, 0, 1;
    %pushi/str "kill test: done high before kill (unexpected early finish)";
    %store/str v0x641567cc3f10_0;
    %callf/void TD_tb_multiply_manager.check, S_0x641567cc3c70;
    %free S_0x641567cc3c70;
    %wait E_0x641567ca70f0;
    %pushi/vec4 1, 0, 1;
    %store/vec4 v0x641567ccd9a0_0, 0, 1;
    %wait E_0x641567ca70f0;
    %pushi/vec4 0, 0, 1;
    %store/vec4 v0x641567ccd9a0_0, 0, 1;
    %pushi/vec4 10, 0, 32;
T_23.2 %dup/vec4;
    %pushi/vec4 0, 0, 32;
    %cmp/s;
    %jmp/1xz T_23.3, 5;
    %jmp/1 T_23.3, 4;
    %pushi/vec4 1, 0, 32;
    %sub;
    %wait E_0x641567ba7030;
    %alloc S_0x641567cc3c70;
    %load/vec4 v0x641567ccd340_0;
    %pushi/vec4 0, 0, 1;
    %cmp/e;
    %flag_get/vec4 4;
    %store/vec4 v0x641567cc3e50_0, 0, 1;
    %pushi/str "kill test: done asserted after kill";
    %store/str v0x641567cc3f10_0;
    %callf/void TD_tb_multiply_manager.check, S_0x641567cc3c70;
    %free S_0x641567cc3c70;
    %jmp T_23.2;
T_23.3 ;
    %pop/vec4 1;
    %vpi_call/w 9 406 "$display", "  [ OK ] kill mid-computation" {0 0 0};
    %end;
    .scope S_0x641567c71040;
t_0 %join;
    %wait E_0x641567ca70f0;
    %pushi/vec4 1, 0, 1;
    %store/vec4 v0x641567ccdd40_0, 0, 1;
    %wait E_0x641567ca70f0;
    %pushi/vec4 0, 0, 1;
    %store/vec4 v0x641567ccdd40_0, 0, 1;
    %pushi/vec4 8, 0, 32;
T_23.4 %dup/vec4;
    %pushi/vec4 0, 0, 32;
    %cmp/s;
    %jmp/1xz T_23.5, 5;
    %jmp/1 T_23.5, 4;
    %pushi/vec4 1, 0, 32;
    %sub;
    %wait E_0x641567ba7030;
    %jmp T_23.4;
T_23.5 ;
    %pop/vec4 1;
    %wait E_0x641567ca70f0;
    %pushi/vec4 1, 0, 1;
    %store/vec4 v0x641567ccdca0_0, 0, 1;
    %wait E_0x641567ca70f0;
    %pushi/vec4 0, 0, 1;
    %store/vec4 v0x641567ccdca0_0, 0, 1;
    %pushi/vec4 5, 0, 32;
T_23.6 %dup/vec4;
    %pushi/vec4 0, 0, 32;
    %cmp/s;
    %jmp/1xz T_23.7, 5;
    %jmp/1 T_23.7, 4;
    %pushi/vec4 1, 0, 32;
    %sub;
    %wait E_0x641567ba7030;
    %alloc S_0x641567cc3c70;
    %load/vec4 v0x641567ccd340_0;
    %pushi/vec4 0, 0, 1;
    %cmp/e;
    %flag_get/vec4 4;
    %store/vec4 v0x641567cc3e50_0, 0, 1;
    %pushi/str "rst test: done asserted after rst";
    %store/str v0x641567cc3f10_0;
    %callf/void TD_tb_multiply_manager.check, S_0x641567cc3c70;
    %free S_0x641567cc3c70;
    %jmp T_23.6;
T_23.7 ;
    %pop/vec4 1;
    %vpi_call/w 9 418 "$display", "  [ OK ] rst mid-computation" {0 0 0};
    %vpi_call/w 9 422 "$display", "==== DONE: %0d checks, %0d errors ====", v0x641567ccd180_0, v0x641567ccd510_0 {0 0 0};
    %load/vec4 v0x641567ccd510_0;
    %cmpi/e 0, 0, 32;
    %jmp/0xz  T_23.8, 4;
    %vpi_call/w 9 423 "$display", "==== ALL TESTS PASSED ====" {0 0 0};
    %jmp T_23.9;
T_23.8 ;
    %vpi_call/w 9 424 "$display", "==== %0d FAILURE(S) ====", v0x641567ccd510_0 {0 0 0};
T_23.9 ;
    %vpi_call/w 9 425 "$finish" {0 0 0};
    %end;
    .thread T_23;
    .scope S_0x641567c71040;
T_24 ;
    %delay 705032704, 1;
    %vpi_call/w 9 431 "$display", "==== GLOBAL TIMEOUT ====" {0 0 0};
    %vpi_call/w 9 432 "$finish" {0 0 0};
    %end;
    .thread T_24;
# The file index is used to find the file name in the following table.
:file_names 15;
    "N/A";
    "<interactive>";
    "-";
    "hdl/comparator/comparator.sv";
    "hdl/queues/complete_queue_handler.sv";
    "hdl/queues/complete_queue.sv";
    "hdl/queues/fifo.sv";
    "hdl/queues/job_queue_handler.sv";
    "hdl/queues/job_queue.sv";
    "tb/worker_core/tb_multiply_manager.sv";
    "hdl/worker_core/multiply_manager.sv";
    "hdl/worker_core/max_iteration_flagger.sv";
    "hdl/worker_core/magnitude_comparison_unit.sv";
    "hdl/worker_core/multiply.sv";
    "hdl/worker_core/sum_alter.sv";
