#! /usr/bin/vvp
:ivl_version "11.0 (stable)";
:ivl_delay_selection "TYPICAL";
:vpi_time_precision - 12;
:vpi_module "/usr/lib/x86_64-linux-gnu/ivl/system.vpi";
:vpi_module "/usr/lib/x86_64-linux-gnu/ivl/vhdl_sys.vpi";
:vpi_module "/usr/lib/x86_64-linux-gnu/ivl/vhdl_textio.vpi";
:vpi_module "/usr/lib/x86_64-linux-gnu/ivl/v2005_math.vpi";
:vpi_module "/usr/lib/x86_64-linux-gnu/ivl/va_math.vpi";
:vpi_module "/usr/lib/x86_64-linux-gnu/ivl/v2009.vpi";
S_0x6069bea55930 .scope package, "$unit" "$unit" 2 1;
 .timescale 0 0;
S_0x6069bea60d70 .scope module, "tb_magnitude_comparison_unit" "tb_magnitude_comparison_unit" 3 3;
 .timescale -9 -12;
P_0x6069bea26cf0 .param/l "FP_0" 1 3 14, +C4<000000000000000000000000000000000000>;
P_0x6069bea26d30 .param/l "FP_2" 1 3 13, +C4<001000000000000000000000000000000000>;
P_0x6069bea26d70 .param/l "FP_3" 1 3 12, +C4<001100000000000000000000000000000000>;
P_0x6069bea26db0 .param/l "FP_4" 1 3 11, +C4<010000000000000000000000000000000000>;
P_0x6069bea26df0 .param/l "FP_4P1" 1 3 15, +C4<010000011001100110011001100110011010>;
P_0x6069bea26e30 .param/l "FP_7" 1 3 16, +C4<011100000000000000000000000000000000>;
P_0x6069bea26e70 .param/l "FP_NEG" 1 3 17, +C4<111100000000000000000000000000000000>;
P_0x6069bea26eb0 .param/l "FRAC_BITS" 1 3 8, +C4<00000000000000000000000000000000000000000000000000000000000100000>;
P_0x6069bea26ef0 .param/l "INTEGER_BITS" 1 3 6, +C4<00000000000000000000000000000010>;
P_0x6069bea26f30 .param/l "INT_BITS" 1 3 9, +C4<0000000000000000000000000000000000000000000000000000000000000100>;
P_0x6069bea26f70 .param/l "NARROW_WIDTH" 1 3 5, +C4<00000000000000000000000000010010>;
P_0x6069bea26fb0 .param/l "W" 1 3 7, +C4<0000000000000000000000000000000000000000000000000000000000100100>;
v0x6069bea936e0_0 .var/2s "fail_count", 31 0;
v0x6069bea937c0_0 .net "mag_flag", 0 0, v0x6069bea934c0_0;  1 drivers
v0x6069bea938b0_0 .var/2s "pass_count", 31 0;
v0x6069bea93980_0 .var/s "sum_sq", 35 0;
S_0x6069bea60f00 .scope autotask, "check" "check" 3 30, 3 30 0, S_0x6069bea60d70;
 .timescale -9 -12;
v0x6069bea5a790_0 .var "exp", 0 0;
v0x6069bea6e320_0 .var "got", 0 0;
v0x6069bea92d00_0 .var/str "name";
TD_tb_magnitude_comparison_unit.check ;
    %load/vec4 v0x6069bea6e320_0;
    %load/vec4 v0x6069bea5a790_0;
    %cmp/e;
    %jmp/0xz  T_0.0, 6;
    %vpi_call/w 3 32 "$display", "  PASS: %s (flag=%0b)", v0x6069bea92d00_0, v0x6069bea6e320_0 {0 0 0};
    ; show_stmt_assign_vector: Get l-value for compressed += operand
    %load/vec4 v0x6069bea938b0_0;
    %pushi/vec4 1, 0, 32;
    %add;
    %cast2;
    %store/vec4 v0x6069bea938b0_0, 0, 32;
    %jmp T_0.1;
T_0.0 ;
    %vpi_call/w 3 35 "$display", "  FAIL: %s \342\200\224 got %0b, exp %0b", v0x6069bea92d00_0, v0x6069bea6e320_0, v0x6069bea5a790_0 {0 0 0};
    ; show_stmt_assign_vector: Get l-value for compressed += operand
    %load/vec4 v0x6069bea936e0_0;
    %pushi/vec4 1, 0, 32;
    %add;
    %cast2;
    %store/vec4 v0x6069bea936e0_0, 0, 32;
T_0.1 ;
    %end;
S_0x6069bea92dd0 .scope autotask, "check_negative" "check_negative" 3 41, 3 41 0, S_0x6069bea60d70;
 .timescale -9 -12;
v0x6069bea92fd0_0 .var/str "name";
v0x6069bea93090_0 .var/s "val", 35 0;
TD_tb_magnitude_comparison_unit.check_negative ;
    %load/vec4 v0x6069bea93090_0;
    %store/vec4 v0x6069bea93980_0, 0, 36;
    %delay 1000, 0;
    %load/vec4 v0x6069bea937c0_0;
    %cmpi/e 1, 0, 1;
    %jmp/0xz  T_1.2, 6;
    %vpi_call/w 3 44 "$display", "  PASS: %s \342\200\224 negative flagged as overflow (flag=1)", v0x6069bea92fd0_0 {0 0 0};
    ; show_stmt_assign_vector: Get l-value for compressed += operand
    %load/vec4 v0x6069bea938b0_0;
    %pushi/vec4 1, 0, 32;
    %add;
    %cast2;
    %store/vec4 v0x6069bea938b0_0, 0, 32;
    %jmp T_1.3;
T_1.2 ;
    %vpi_call/w 3 47 "$display", "  FAIL: %s \342\200\224 negative NOT flagged, got flag=%0b", v0x6069bea92fd0_0, v0x6069bea937c0_0 {0 0 0};
    ; show_stmt_assign_vector: Get l-value for compressed += operand
    %load/vec4 v0x6069bea936e0_0;
    %pushi/vec4 1, 0, 32;
    %add;
    %cast2;
    %store/vec4 v0x6069bea936e0_0, 0, 32;
T_1.3 ;
    %end;
S_0x6069bea93170 .scope module, "dut" "magnitude_comparison_unit" 3 22, 4 1 0, S_0x6069bea60d70;
 .timescale 0 0;
    .port_info 0 /INPUT 36 "magnitude";
    .port_info 1 /OUTPUT 1 "mag_flag";
P_0x6069bea52e50 .param/l "INTEGER_BITS" 0 4 1, +C4<00000000000000000000000000000010>;
P_0x6069bea52e90 .param/l "NARROW_WIDTH" 0 4 1, +C4<00000000000000000000000000010010>;
v0x6069bea934c0_0 .var "mag_flag", 0 0;
v0x6069bea935a0_0 .net/s "magnitude", 35 0, v0x6069bea93980_0;  1 drivers
E_0x6069bea27290 .event edge, v0x6069bea935a0_0;
    .scope S_0x6069bea93170;
T_2 ;
Ewait_0 .event/or E_0x6069bea27290, E_0x0;
    %wait Ewait_0;
    %load/vec4 v0x6069bea935a0_0;
    %parti/s 2, 34, 7;
    %or/r;
    %store/vec4 v0x6069bea934c0_0, 0, 1;
    %jmp T_2;
    .thread T_2, $push;
    .scope S_0x6069bea60d70;
T_3 ;
    %pushi/vec4 0, 0, 32;
    %store/vec4 v0x6069bea938b0_0, 0, 32;
    %pushi/vec4 0, 0, 32;
    %store/vec4 v0x6069bea936e0_0, 0, 32;
    %end;
    .thread T_3, $init;
    .scope S_0x6069bea60d70;
T_4 ;
    %vpi_call/w 3 53 "$dumpfile", "sim/waves/tb_magnitude_comparison_unit.vcd" {0 0 0};
    %vpi_call/w 3 54 "$dumpvars", 32'sb00000000000000000000000000000000, S_0x6069bea60d70 {0 0 0};
    %vpi_call/w 3 56 "$display", "\000" {0 0 0};
    %vpi_call/w 3 57 "$display", "\342\225\220\342\225\220\342\225\220\342\225\220\342\225\220\342\225\220\342\225\220\342\225\220\342\225\220\342\225\220\342\225\220\342\225\220\342\225\220\342\225\220\342\225\220\342\225\220\342\225\220\342\225\220\342\225\220\342\225\220\342\225\220\342\225\220\342\225\220\342\225\220\342\225\220\342\225\220\342\225\220\342\225\220\342\225\220\342\225\220\342\225\220\342\225\220\342\225\220\342\225\220\342\225\220\342\225\220\342\225\220\342\225\220\342\225\220\342\225\220\342\225\220\342\225\220\342\225\220\342\225\220\342\225\220\342\225\220\342\225\220\342\225\220\342\225\220\342\225\220\342\225\220\342\225\220" {0 0 0};
    %vpi_call/w 3 58 "$display", "  tb_magnitude_comparison_unit (4.32 fixed point)" {0 0 0};
    %vpi_call/w 3 59 "$display", "\342\225\220\342\225\220\342\225\220\342\225\220\342\225\220\342\225\220\342\225\220\342\225\220\342\225\220\342\225\220\342\225\220\342\225\220\342\225\220\342\225\220\342\225\220\342\225\220\342\225\220\342\225\220\342\225\220\342\225\220\342\225\220\342\225\220\342\225\220\342\225\220\342\225\220\342\225\220\342\225\220\342\225\220\342\225\220\342\225\220\342\225\220\342\225\220\342\225\220\342\225\220\342\225\220\342\225\220\342\225\220\342\225\220\342\225\220\342\225\220\342\225\220\342\225\220\342\225\220\342\225\220\342\225\220\342\225\220\342\225\220\342\225\220\342\225\220\342\225\220\342\225\220\342\225\220" {0 0 0};
    %vpi_call/w 3 61 "$display", "\012  \342\224\200\342\224\200 Below threshold (should NOT flag) \342\224\200\342\224\200" {0 0 0};
    %pushi/vec4 0, 0, 36;
    %store/vec4 v0x6069bea93980_0, 0, 36;
    %delay 1000, 0;
    %alloc S_0x6069bea60f00;
    %pushi/str "0.0 \342\200\224 zero";
    %store/str v0x6069bea92d00_0;
    %load/vec4 v0x6069bea937c0_0;
    %store/vec4 v0x6069bea6e320_0, 0, 1;
    %pushi/vec4 0, 0, 1;
    %store/vec4 v0x6069bea5a790_0, 0, 1;
    %fork TD_tb_magnitude_comparison_unit.check, S_0x6069bea60f00;
    %join;
    %free S_0x6069bea60f00;
    %pushi/vec4 2147483648, 0, 34;
    %concati/vec4 0, 0, 2;
    %store/vec4 v0x6069bea93980_0, 0, 36;
    %delay 1000, 0;
    %alloc S_0x6069bea60f00;
    %pushi/str "2.0 \342\200\224 below 4";
    %store/str v0x6069bea92d00_0;
    %load/vec4 v0x6069bea937c0_0;
    %store/vec4 v0x6069bea6e320_0, 0, 1;
    %pushi/vec4 0, 0, 1;
    %store/vec4 v0x6069bea5a790_0, 0, 1;
    %fork TD_tb_magnitude_comparison_unit.check, S_0x6069bea60f00;
    %join;
    %free S_0x6069bea60f00;
    %pushi/vec4 3221225472, 0, 34;
    %concati/vec4 0, 0, 2;
    %store/vec4 v0x6069bea93980_0, 0, 36;
    %delay 1000, 0;
    %alloc S_0x6069bea60f00;
    %pushi/str "3.0 \342\200\224 below 4";
    %store/str v0x6069bea92d00_0;
    %load/vec4 v0x6069bea937c0_0;
    %store/vec4 v0x6069bea6e320_0, 0, 1;
    %pushi/vec4 0, 0, 1;
    %store/vec4 v0x6069bea5a790_0, 0, 1;
    %fork TD_tb_magnitude_comparison_unit.check, S_0x6069bea60f00;
    %join;
    %free S_0x6069bea60f00;
    %pushi/vec4 4294967295, 0, 34;
    %concati/vec4 3, 0, 2;
    %store/vec4 v0x6069bea93980_0, 0, 36;
    %delay 1000, 0;
    %alloc S_0x6069bea60f00;
    %pushi/str "4.0 - 1 LSB \342\200\224 just below threshold";
    %store/str v0x6069bea92d00_0;
    %load/vec4 v0x6069bea937c0_0;
    %store/vec4 v0x6069bea6e320_0, 0, 1;
    %pushi/vec4 0, 0, 1;
    %store/vec4 v0x6069bea5a790_0, 0, 1;
    %fork TD_tb_magnitude_comparison_unit.check, S_0x6069bea60f00;
    %join;
    %free S_0x6069bea60f00;
    %vpi_call/w 3 75 "$display", "\012  \342\224\200\342\224\200 At / above threshold (should flag) \342\224\200\342\224\200" {0 0 0};
    %pushi/vec4 2147483648, 0, 33;
    %concati/vec4 0, 0, 3;
    %store/vec4 v0x6069bea93980_0, 0, 36;
    %delay 1000, 0;
    %alloc S_0x6069bea60f00;
    %pushi/str "4.0 \342\200\224 exactly at threshold";
    %store/str v0x6069bea92d00_0;
    %load/vec4 v0x6069bea937c0_0;
    %store/vec4 v0x6069bea6e320_0, 0, 1;
    %pushi/vec4 1, 0, 1;
    %store/vec4 v0x6069bea5a790_0, 0, 1;
    %fork TD_tb_magnitude_comparison_unit.check, S_0x6069bea60f00;
    %join;
    %free S_0x6069bea60f00;
    %pushi/vec4 2201170739, 0, 33;
    %concati/vec4 2, 0, 3;
    %store/vec4 v0x6069bea93980_0, 0, 36;
    %delay 1000, 0;
    %alloc S_0x6069bea60f00;
    %pushi/str "~4.1 \342\200\224 just above 4";
    %store/str v0x6069bea92d00_0;
    %load/vec4 v0x6069bea937c0_0;
    %store/vec4 v0x6069bea6e320_0, 0, 1;
    %pushi/vec4 1, 0, 1;
    %store/vec4 v0x6069bea5a790_0, 0, 1;
    %fork TD_tb_magnitude_comparison_unit.check, S_0x6069bea60f00;
    %join;
    %free S_0x6069bea60f00;
    %pushi/vec4 3758096384, 0, 33;
    %concati/vec4 0, 0, 3;
    %store/vec4 v0x6069bea93980_0, 0, 36;
    %delay 1000, 0;
    %alloc S_0x6069bea60f00;
    %pushi/str "7.0 \342\200\224 well above 4";
    %store/str v0x6069bea92d00_0;
    %load/vec4 v0x6069bea937c0_0;
    %store/vec4 v0x6069bea6e320_0, 0, 1;
    %pushi/vec4 1, 0, 1;
    %store/vec4 v0x6069bea5a790_0, 0, 1;
    %fork TD_tb_magnitude_comparison_unit.check, S_0x6069bea60f00;
    %join;
    %free S_0x6069bea60f00;
    %vpi_call/w 3 86 "$display", "\012  \342\224\200\342\224\200 Negative values (should flag \342\200\224 indicates overflow) \342\224\200\342\224\200" {0 0 0};
    %alloc S_0x6069bea92dd0;
    %pushi/str "-1.0 \342\200\224 overflow indicator";
    %store/str v0x6069bea92fd0_0;
    %pushi/vec4 4026531840, 0, 32;
    %concati/vec4 0, 0, 4;
    %store/vec4 v0x6069bea93090_0, 0, 36;
    %fork TD_tb_magnitude_comparison_unit.check_negative, S_0x6069bea92dd0;
    %join;
    %free S_0x6069bea92dd0;
    %alloc S_0x6069bea92dd0;
    %pushi/str "most negative (min signed)";
    %store/str v0x6069bea92fd0_0;
    %pushi/vec4 2147483648, 0, 32;
    %concati/vec4 0, 0, 4;
    %store/vec4 v0x6069bea93090_0, 0, 36;
    %fork TD_tb_magnitude_comparison_unit.check_negative, S_0x6069bea92dd0;
    %join;
    %free S_0x6069bea92dd0;
    %alloc S_0x6069bea92dd0;
    %pushi/str "-0.5";
    %store/str v0x6069bea92fd0_0;
    %pushi/vec4 4160749568, 0, 32;
    %concati/vec4 0, 0, 4;
    %store/vec4 v0x6069bea93090_0, 0, 36;
    %fork TD_tb_magnitude_comparison_unit.check_negative, S_0x6069bea92dd0;
    %join;
    %free S_0x6069bea92dd0;
    %alloc S_0x6069bea92dd0;
    %pushi/str "-7.0 \342\200\224 large negative";
    %store/str v0x6069bea92fd0_0;
    %pushi/vec4 2415919104, 0, 32;
    %concati/vec4 0, 0, 4;
    %store/vec4 v0x6069bea93090_0, 0, 36;
    %fork TD_tb_magnitude_comparison_unit.check_negative, S_0x6069bea92dd0;
    %join;
    %free S_0x6069bea92dd0;
    %vpi_call/w 3 93 "$display", "\000" {0 0 0};
    %vpi_call/w 3 94 "$display", "\342\225\220\342\225\220\342\225\220\342\225\220\342\225\220\342\225\220\342\225\220\342\225\220\342\225\220\342\225\220\342\225\220\342\225\220\342\225\220\342\225\220\342\225\220\342\225\220\342\225\220\342\225\220\342\225\220\342\225\220\342\225\220\342\225\220\342\225\220\342\225\220\342\225\220\342\225\220\342\225\220\342\225\220\342\225\220\342\225\220\342\225\220\342\225\220\342\225\220\342\225\220\342\225\220\342\225\220\342\225\220\342\225\220\342\225\220\342\225\220\342\225\220\342\225\220\342\225\220\342\225\220\342\225\220\342\225\220\342\225\220\342\225\220\342\225\220\342\225\220\342\225\220\342\225\220" {0 0 0};
    %vpi_call/w 3 95 "$display", "  Results: %0d passed, %0d failed", v0x6069bea938b0_0, v0x6069bea936e0_0 {0 0 0};
    %load/vec4 v0x6069bea936e0_0;
    %cmpi/e 0, 0, 32;
    %jmp/0xz  T_4.0, 4;
    %vpi_call/w 3 96 "$display", "  ALL TESTS PASSED" {0 0 0};
    %jmp T_4.1;
T_4.0 ;
    %vpi_call/w 3 97 "$display", "  SOME TESTS FAILED" {0 0 0};
T_4.1 ;
    %vpi_call/w 3 98 "$display", "\342\225\220\342\225\220\342\225\220\342\225\220\342\225\220\342\225\220\342\225\220\342\225\220\342\225\220\342\225\220\342\225\220\342\225\220\342\225\220\342\225\220\342\225\220\342\225\220\342\225\220\342\225\220\342\225\220\342\225\220\342\225\220\342\225\220\342\225\220\342\225\220\342\225\220\342\225\220\342\225\220\342\225\220\342\225\220\342\225\220\342\225\220\342\225\220\342\225\220\342\225\220\342\225\220\342\225\220\342\225\220\342\225\220\342\225\220\342\225\220\342\225\220\342\225\220\342\225\220\342\225\220\342\225\220\342\225\220\342\225\220\342\225\220\342\225\220\342\225\220\342\225\220\342\225\220" {0 0 0};
    %vpi_call/w 3 99 "$display", "\000" {0 0 0};
    %vpi_call/w 3 100 "$finish" {0 0 0};
    %end;
    .thread T_4;
# The file index is used to find the file name in the following table.
:file_names 5;
    "N/A";
    "<interactive>";
    "-";
    "tb/worker_core/tb_magnitude_comparison_unit.sv";
    "hdl/worker_core/magnitude_comparison_unit.sv";
