#! /usr/bin/vvp
:ivl_version "11.0 (stable)";
:ivl_delay_selection "TYPICAL";
:vpi_time_precision - 12;
:vpi_module "/usr/lib/x86_64-linux-gnu/ivl/system.vpi";
:vpi_module "/usr/lib/x86_64-linux-gnu/ivl/vhdl_sys.vpi";
:vpi_module "/usr/lib/x86_64-linux-gnu/ivl/vhdl_textio.vpi";
:vpi_module "/usr/lib/x86_64-linux-gnu/ivl/v2005_math.vpi";
:vpi_module "/usr/lib/x86_64-linux-gnu/ivl/va_math.vpi";
:vpi_module "/usr/lib/x86_64-linux-gnu/ivl/v2009.vpi";
S_0x571ac761ca60 .scope package, "$unit" "$unit" 2 1;
 .timescale 0 0;
S_0x571ac76a22d0 .scope module, "tb_sum_alter" "tb_sum_alter" 3 3;
 .timescale -9 -12;
P_0x571ac7626a40 .param/l "INTEGER_BITS" 1 3 7, +C4<00000000000000000000000000000010>;
P_0x571ac7626a80 .param/l "LARGE" 1 3 77, +C4<000000000000000011110100001001000000>;
P_0x571ac7626ac0 .param/l "MAX_POS" 1 3 80, +C4<011111111111111111111111111111111111>;
P_0x571ac7626b00 .param/l "MIN_NEG" 1 3 82, +C4<100000000000000000000000000000000000>;
P_0x571ac7626b40 .param/l "NARROW_WIDTH" 1 3 6, +C4<00000000000000000000000000010010>;
P_0x571ac7626b80 .param/l "NEG" 1 3 73, +C4<111111111111111111111111111110011100>;
P_0x571ac7626bc0 .param/l "NEG_LARGE" 1 3 78, +C4<111111111111111100001011110111000000>;
P_0x571ac7626c00 .param/l "NEG_ONE" 1 3 76, +C4<111111111111111111111111111111111111>;
P_0x571ac7626c40 .param/l "ONE" 1 3 75, +C4<000000000000000000000000000000000001>;
P_0x571ac7626c80 .param/l "POS" 1 3 72, +C4<000000000000000000000000000001100100>;
P_0x571ac7626cc0 .param/l "W" 1 3 8, +C4<0000000000000000000000000000000000000000000000000000000000100100>;
P_0x571ac7626d00 .param/l "ZRO" 1 3 74, +C4<000000000000000000000000000000000000>;
v0x571ac76c6000_0 .net/s "changed_sum_x_reg_1", 35 0, v0x571ac76c5520_0;  1 drivers
v0x571ac76c60e0_0 .net/s "changed_sum_x_reg_2", 35 0, v0x571ac76c5610_0;  1 drivers
v0x571ac76c61b0_0 .net/s "changed_sum_y_reg_1", 35 0, v0x571ac76c56f0_0;  1 drivers
v0x571ac76c62b0_0 .net/s "changed_sum_y_reg_2", 35 0, v0x571ac76c5820_0;  1 drivers
v0x571ac76c6380_0 .var/str "current_section";
v0x571ac76c6420_0 .var/2s "fail_count", 31 0;
v0x571ac76c64e0_0 .var "magnitude_negation_encoding", 3 0;
v0x571ac76c65a0_0 .var/2s "pass_count", 31 0;
v0x571ac76c6660_0 .var/s "sum_x_reg_1", 35 0;
v0x571ac76c67e0_0 .var/s "sum_x_reg_2", 35 0;
v0x571ac76c68b0_0 .var/s "sum_y_reg_1", 35 0;
v0x571ac76c6980_0 .var/s "sum_y_reg_2", 35 0;
S_0x571ac76309a0 .scope autotask, "begin_section" "begin_section" 3 43, 3 43 0, S_0x571ac76a22d0;
 .timescale -9 -12;
v0x571ac7623320_0 .var/str "name";
TD_tb_sum_alter.begin_section ;
    %load/str v0x571ac7623320_0;
    %store/str v0x571ac76c6380_0;
    %vpi_call/w 3 45 "$display", "\000" {0 0 0};
    %vpi_call/w 3 46 "$display", "  \342\224\200\342\224\200 %s \342\224\200\342\224\200", v0x571ac7623320_0 {0 0 0};
    %end;
S_0x571ac76c4530 .scope autotask, "check" "check" 3 50, 3 50 0, S_0x571ac76a22d0;
 .timescale -9 -12;
v0x571ac76a1f50_0 .var/s "exp_x1", 35 0;
v0x571ac76c4770_0 .var/s "exp_x2", 35 0;
v0x571ac76c4850_0 .var/s "exp_y1", 35 0;
v0x571ac76c4910_0 .var/s "exp_y2", 35 0;
v0x571ac76c49f0_0 .var/s "got_x1", 35 0;
v0x571ac76c4b20_0 .var/s "got_x2", 35 0;
v0x571ac76c4c00_0 .var/s "got_y1", 35 0;
v0x571ac76c4ce0_0 .var/s "got_y2", 35 0;
v0x571ac76c4dc0_0 .var/str "test_name";
TD_tb_sum_alter.check ;
    %load/vec4 v0x571ac76c49f0_0;
    %load/vec4 v0x571ac76a1f50_0;
    %cmp/e;
    %flag_get/vec4 6;
    %load/vec4 v0x571ac76c4b20_0;
    %load/vec4 v0x571ac76c4770_0;
    %cmp/e;
    %flag_get/vec4 6;
    %and;
    %load/vec4 v0x571ac76c4c00_0;
    %load/vec4 v0x571ac76c4850_0;
    %cmp/e;
    %flag_get/vec4 6;
    %and;
    %load/vec4 v0x571ac76c4ce0_0;
    %load/vec4 v0x571ac76c4910_0;
    %cmp/e;
    %flag_get/vec4 6;
    %and;
    %flag_set/vec4 8;
    %jmp/0xz  T_1.0, 8;
    %vpi_call/w 3 59 "$display", "    PASS: %s", v0x571ac76c4dc0_0 {0 0 0};
    ; show_stmt_assign_vector: Get l-value for compressed += operand
    %load/vec4 v0x571ac76c65a0_0;
    %pushi/vec4 1, 0, 32;
    %add;
    %cast2;
    %store/vec4 v0x571ac76c65a0_0, 0, 32;
    %jmp T_1.1;
T_1.0 ;
    %vpi_call/w 3 62 "$display", "    FAIL: %s", v0x571ac76c4dc0_0 {0 0 0};
    %load/vec4 v0x571ac76c49f0_0;
    %load/vec4 v0x571ac76a1f50_0;
    %cmp/ne;
    %jmp/0xz  T_1.2, 6;
    %vpi_call/w 3 63 "$display", "      x1: got %0d, exp %0d", v0x571ac76c49f0_0, v0x571ac76a1f50_0 {0 0 0};
T_1.2 ;
    %load/vec4 v0x571ac76c4b20_0;
    %load/vec4 v0x571ac76c4770_0;
    %cmp/ne;
    %jmp/0xz  T_1.4, 6;
    %vpi_call/w 3 64 "$display", "      x2: got %0d, exp %0d", v0x571ac76c4b20_0, v0x571ac76c4770_0 {0 0 0};
T_1.4 ;
    %load/vec4 v0x571ac76c4c00_0;
    %load/vec4 v0x571ac76c4850_0;
    %cmp/ne;
    %jmp/0xz  T_1.6, 6;
    %vpi_call/w 3 65 "$display", "      y1: got %0d, exp %0d", v0x571ac76c4c00_0, v0x571ac76c4850_0 {0 0 0};
T_1.6 ;
    %load/vec4 v0x571ac76c4ce0_0;
    %load/vec4 v0x571ac76c4910_0;
    %cmp/ne;
    %jmp/0xz  T_1.8, 6;
    %vpi_call/w 3 66 "$display", "      y2: got %0d, exp %0d", v0x571ac76c4ce0_0, v0x571ac76c4910_0 {0 0 0};
T_1.8 ;
    ; show_stmt_assign_vector: Get l-value for compressed += operand
    %load/vec4 v0x571ac76c6420_0;
    %pushi/vec4 1, 0, 32;
    %add;
    %cast2;
    %store/vec4 v0x571ac76c6420_0, 0, 32;
T_1.1 ;
    %end;
S_0x571ac76c4e80 .scope module, "dut" "sum_alter" 3 19, 4 1 0, S_0x571ac76a22d0;
 .timescale 0 0;
    .port_info 0 /INPUT 36 "sum_x_reg_1";
    .port_info 1 /INPUT 36 "sum_x_reg_2";
    .port_info 2 /INPUT 36 "sum_y_reg_1";
    .port_info 3 /INPUT 36 "sum_y_reg_2";
    .port_info 4 /INPUT 4 "magnitude_negation_encoding";
    .port_info 5 /OUTPUT 36 "changed_sum_x_reg_1";
    .port_info 6 /OUTPUT 36 "changed_sum_x_reg_2";
    .port_info 7 /OUTPUT 36 "changed_sum_y_reg_1";
    .port_info 8 /OUTPUT 36 "changed_sum_y_reg_2";
P_0x571ac7615320 .param/l "INTEGER_BITS" 0 4 1, +C4<00000000000000000000000000000010>;
P_0x571ac7615360 .param/l "NARROW_WIDTH" 0 4 1, +C4<00000000000000000000000000010010>;
P_0x571ac76153a0 .param/l "SUM_FRACTIONAL_BITS" 1 4 18, +C4<00000000000000000000000000000000000000000000000000000000000100000>;
P_0x571ac76153e0 .param/l "SUM_INT_BITS" 1 4 17, +C4<0000000000000000000000000000000000000000000000000000000000000100>;
v0x571ac76c5380_0 .net "abs_x", 0 0, L_0x571ac76c6a50;  1 drivers
v0x571ac76c5460_0 .net "abs_y", 0 0, L_0x571ac76c6bc0;  1 drivers
v0x571ac76c5520_0 .var/s "changed_sum_x_reg_1", 35 0;
v0x571ac76c5610_0 .var/s "changed_sum_x_reg_2", 35 0;
v0x571ac76c56f0_0 .var/s "changed_sum_y_reg_1", 35 0;
v0x571ac76c5820_0 .var/s "changed_sum_y_reg_2", 35 0;
v0x571ac76c5900_0 .net "magnitude_negation_encoding", 3 0, v0x571ac76c64e0_0;  1 drivers
v0x571ac76c59e0_0 .net "neg_x", 0 0, L_0x571ac76c6b20;  1 drivers
v0x571ac76c5aa0_0 .net "neg_y", 0 0, L_0x571ac76c6d20;  1 drivers
v0x571ac76c5b60_0 .net/s "sum_x_reg_1", 35 0, v0x571ac76c6660_0;  1 drivers
v0x571ac76c5c40_0 .net/s "sum_x_reg_2", 35 0, v0x571ac76c67e0_0;  1 drivers
v0x571ac76c5d20_0 .net/s "sum_y_reg_1", 35 0, v0x571ac76c68b0_0;  1 drivers
v0x571ac76c5e00_0 .net/s "sum_y_reg_2", 35 0, v0x571ac76c6980_0;  1 drivers
E_0x571ac762d190/0 .event edge, v0x571ac76c5b60_0, v0x571ac76c5c40_0, v0x571ac76c5d20_0, v0x571ac76c5e00_0;
E_0x571ac762d190/1 .event edge, v0x571ac76c5380_0, v0x571ac76c59e0_0, v0x571ac76c5460_0, v0x571ac76c5aa0_0;
E_0x571ac762d190 .event/or E_0x571ac762d190/0, E_0x571ac762d190/1;
L_0x571ac76c6a50 .part v0x571ac76c64e0_0, 3, 1;
L_0x571ac76c6b20 .part v0x571ac76c64e0_0, 1, 1;
L_0x571ac76c6bc0 .part v0x571ac76c64e0_0, 2, 1;
L_0x571ac76c6d20 .part v0x571ac76c64e0_0, 0, 1;
    .scope S_0x571ac76c4e80;
T_2 ;
Ewait_0 .event/or E_0x571ac762d190, E_0x0;
    %wait Ewait_0;
    %load/vec4 v0x571ac76c5b60_0;
    %store/vec4 v0x571ac76c5520_0, 0, 36;
    %load/vec4 v0x571ac76c5c40_0;
    %store/vec4 v0x571ac76c5610_0, 0, 36;
    %load/vec4 v0x571ac76c5d20_0;
    %store/vec4 v0x571ac76c56f0_0, 0, 36;
    %load/vec4 v0x571ac76c5e00_0;
    %store/vec4 v0x571ac76c5820_0, 0, 36;
    %load/vec4 v0x571ac76c5380_0;
    %flag_set/vec4 8;
    %jmp/0xz  T_2.0, 8;
    %load/vec4 v0x571ac76c5b60_0;
    %cmpi/s 0, 0, 36;
    %flag_mov 8, 5;
    %jmp/0 T_2.2, 8;
    %load/vec4 v0x571ac76c5b60_0;
    %inv;
    %pushi/vec4 1, 0, 36;
    %add;
    %jmp/1 T_2.3, 8;
T_2.2 ; End of true expr.
    %load/vec4 v0x571ac76c5b60_0;
    %jmp/0 T_2.3, 8;
 ; End of false expr.
    %blend;
T_2.3;
    %store/vec4 v0x571ac76c5520_0, 0, 36;
    %load/vec4 v0x571ac76c5c40_0;
    %cmpi/s 0, 0, 36;
    %flag_mov 8, 5;
    %jmp/0 T_2.4, 8;
    %load/vec4 v0x571ac76c5c40_0;
    %inv;
    %pushi/vec4 1, 0, 36;
    %add;
    %jmp/1 T_2.5, 8;
T_2.4 ; End of true expr.
    %load/vec4 v0x571ac76c5c40_0;
    %jmp/0 T_2.5, 8;
 ; End of false expr.
    %blend;
T_2.5;
    %store/vec4 v0x571ac76c5610_0, 0, 36;
T_2.0 ;
    %load/vec4 v0x571ac76c59e0_0;
    %flag_set/vec4 8;
    %jmp/0xz  T_2.6, 8;
    %load/vec4 v0x571ac76c5520_0;
    %inv;
    %pushi/vec4 1, 0, 36;
    %add;
    %store/vec4 v0x571ac76c5520_0, 0, 36;
    %load/vec4 v0x571ac76c5610_0;
    %inv;
    %pushi/vec4 1, 0, 36;
    %add;
    %store/vec4 v0x571ac76c5610_0, 0, 36;
T_2.6 ;
    %load/vec4 v0x571ac76c5460_0;
    %flag_set/vec4 8;
    %jmp/0xz  T_2.8, 8;
    %load/vec4 v0x571ac76c5d20_0;
    %cmpi/s 0, 0, 36;
    %flag_mov 8, 5;
    %jmp/0 T_2.10, 8;
    %load/vec4 v0x571ac76c5d20_0;
    %inv;
    %pushi/vec4 1, 0, 36;
    %add;
    %jmp/1 T_2.11, 8;
T_2.10 ; End of true expr.
    %load/vec4 v0x571ac76c5d20_0;
    %jmp/0 T_2.11, 8;
 ; End of false expr.
    %blend;
T_2.11;
    %store/vec4 v0x571ac76c56f0_0, 0, 36;
    %load/vec4 v0x571ac76c5e00_0;
    %cmpi/s 0, 0, 36;
    %flag_mov 8, 5;
    %jmp/0 T_2.12, 8;
    %load/vec4 v0x571ac76c5e00_0;
    %inv;
    %pushi/vec4 1, 0, 36;
    %add;
    %jmp/1 T_2.13, 8;
T_2.12 ; End of true expr.
    %load/vec4 v0x571ac76c5e00_0;
    %jmp/0 T_2.13, 8;
 ; End of false expr.
    %blend;
T_2.13;
    %store/vec4 v0x571ac76c5820_0, 0, 36;
T_2.8 ;
    %load/vec4 v0x571ac76c5aa0_0;
    %flag_set/vec4 8;
    %jmp/0xz  T_2.14, 8;
    %load/vec4 v0x571ac76c56f0_0;
    %inv;
    %pushi/vec4 1, 0, 36;
    %add;
    %store/vec4 v0x571ac76c56f0_0, 0, 36;
    %load/vec4 v0x571ac76c5820_0;
    %inv;
    %pushi/vec4 1, 0, 36;
    %add;
    %store/vec4 v0x571ac76c5820_0, 0, 36;
T_2.14 ;
    %jmp T_2;
    .thread T_2, $push;
    .scope S_0x571ac76a22d0;
T_3 ;
    %pushi/vec4 0, 0, 32;
    %store/vec4 v0x571ac76c65a0_0, 0, 32;
    %pushi/vec4 0, 0, 32;
    %store/vec4 v0x571ac76c6420_0, 0, 32;
    %pushi/str "";
    %store/str v0x571ac76c6380_0;
    %end;
    .thread T_3, $init;
    .scope S_0x571ac76a22d0;
T_4 ;
    %vpi_call/w 3 33 "$dumpfile", "sim/waves/tb_sum_alter.vcd" {0 0 0};
    %vpi_call/w 3 34 "$dumpvars", 32'sb00000000000000000000000000000000, S_0x571ac76a22d0 {0 0 0};
    %end;
    .thread T_4;
    .scope S_0x571ac76a22d0;
T_5 ;
    %vpi_call/w 3 85 "$display", "\000" {0 0 0};
    %vpi_call/w 3 86 "$display", "\342\225\220\342\225\220\342\225\220\342\225\220\342\225\220\342\225\220\342\225\220\342\225\220\342\225\220\342\225\220\342\225\220\342\225\220\342\225\220\342\225\220\342\225\220\342\225\220\342\225\220\342\225\220\342\225\220\342\225\220\342\225\220\342\225\220\342\225\220\342\225\220\342\225\220\342\225\220\342\225\220\342\225\220\342\225\220\342\225\220\342\225\220\342\225\220\342\225\220\342\225\220\342\225\220\342\225\220\342\225\220\342\225\220\342\225\220\342\225\220\342\225\220\342\225\220\342\225\220\342\225\220\342\225\220\342\225\220\342\225\220\342\225\220\342\225\220\342\225\220\342\225\220\342\225\220" {0 0 0};
    %vpi_call/w 3 87 "$display", "  tb_sum_alter" {0 0 0};
    %vpi_call/w 3 88 "$display", "\342\225\220\342\225\220\342\225\220\342\225\220\342\225\220\342\225\220\342\225\220\342\225\220\342\225\220\342\225\220\342\225\220\342\225\220\342\225\220\342\225\220\342\225\220\342\225\220\342\225\220\342\225\220\342\225\220\342\225\220\342\225\220\342\225\220\342\225\220\342\225\220\342\225\220\342\225\220\342\225\220\342\225\220\342\225\220\342\225\220\342\225\220\342\225\220\342\225\220\342\225\220\342\225\220\342\225\220\342\225\220\342\225\220\342\225\220\342\225\220\342\225\220\342\225\220\342\225\220\342\225\220\342\225\220\342\225\220\342\225\220\342\225\220\342\225\220\342\225\220\342\225\220\342\225\220" {0 0 0};
    %alloc S_0x571ac76309a0;
    %pushi/str "PASSTHROUGH encoding=4'b0000";
    %store/str v0x571ac7623320_0;
    %fork TD_tb_sum_alter.begin_section, S_0x571ac76309a0;
    %join;
    %free S_0x571ac76309a0;
    %pushi/vec4 100, 0, 36;
    %store/vec4 v0x571ac76c6660_0, 0, 36;
    %pushi/vec4 4294967289, 0, 32;
    %concati/vec4 12, 0, 4;
    %store/vec4 v0x571ac76c67e0_0, 0, 36;
    %pushi/vec4 4294967289, 0, 32;
    %concati/vec4 12, 0, 4;
    %store/vec4 v0x571ac76c68b0_0, 0, 36;
    %pushi/vec4 100, 0, 36;
    %store/vec4 v0x571ac76c6980_0, 0, 36;
    %pushi/vec4 0, 0, 4;
    %store/vec4 v0x571ac76c64e0_0, 0, 4;
    %delay 1000, 0;
    %alloc S_0x571ac76c4530;
    %pushi/str "pos/neg inputs unchanged";
    %store/str v0x571ac76c4dc0_0;
    %load/vec4 v0x571ac76c6000_0;
    %store/vec4 v0x571ac76c49f0_0, 0, 36;
    %pushi/vec4 100, 0, 36;
    %store/vec4 v0x571ac76a1f50_0, 0, 36;
    %load/vec4 v0x571ac76c60e0_0;
    %store/vec4 v0x571ac76c4b20_0, 0, 36;
    %pushi/vec4 4294967289, 0, 32;
    %concati/vec4 12, 0, 4;
    %store/vec4 v0x571ac76c4770_0, 0, 36;
    %load/vec4 v0x571ac76c61b0_0;
    %store/vec4 v0x571ac76c4c00_0, 0, 36;
    %pushi/vec4 4294967289, 0, 32;
    %concati/vec4 12, 0, 4;
    %store/vec4 v0x571ac76c4850_0, 0, 36;
    %load/vec4 v0x571ac76c62b0_0;
    %store/vec4 v0x571ac76c4ce0_0, 0, 36;
    %pushi/vec4 100, 0, 36;
    %store/vec4 v0x571ac76c4910_0, 0, 36;
    %fork TD_tb_sum_alter.check, S_0x571ac76c4530;
    %join;
    %free S_0x571ac76c4530;
    %pushi/vec4 0, 0, 36;
    %store/vec4 v0x571ac76c6660_0, 0, 36;
    %pushi/vec4 0, 0, 36;
    %store/vec4 v0x571ac76c67e0_0, 0, 36;
    %pushi/vec4 0, 0, 36;
    %store/vec4 v0x571ac76c68b0_0, 0, 36;
    %pushi/vec4 0, 0, 36;
    %store/vec4 v0x571ac76c6980_0, 0, 36;
    %pushi/vec4 0, 0, 4;
    %store/vec4 v0x571ac76c64e0_0, 0, 4;
    %delay 1000, 0;
    %alloc S_0x571ac76c4530;
    %pushi/str "all zeros unchanged";
    %store/str v0x571ac76c4dc0_0;
    %load/vec4 v0x571ac76c6000_0;
    %store/vec4 v0x571ac76c49f0_0, 0, 36;
    %pushi/vec4 0, 0, 36;
    %store/vec4 v0x571ac76a1f50_0, 0, 36;
    %load/vec4 v0x571ac76c60e0_0;
    %store/vec4 v0x571ac76c4b20_0, 0, 36;
    %pushi/vec4 0, 0, 36;
    %store/vec4 v0x571ac76c4770_0, 0, 36;
    %load/vec4 v0x571ac76c61b0_0;
    %store/vec4 v0x571ac76c4c00_0, 0, 36;
    %pushi/vec4 0, 0, 36;
    %store/vec4 v0x571ac76c4850_0, 0, 36;
    %load/vec4 v0x571ac76c62b0_0;
    %store/vec4 v0x571ac76c4ce0_0, 0, 36;
    %pushi/vec4 0, 0, 36;
    %store/vec4 v0x571ac76c4910_0, 0, 36;
    %fork TD_tb_sum_alter.check, S_0x571ac76c4530;
    %join;
    %free S_0x571ac76c4530;
    %pushi/vec4 4294967295, 0, 33;
    %concati/vec4 7, 0, 3;
    %store/vec4 v0x571ac76c6660_0, 0, 36;
    %pushi/vec4 2147483648, 0, 32;
    %concati/vec4 0, 0, 4;
    %store/vec4 v0x571ac76c67e0_0, 0, 36;
    %pushi/vec4 2147483648, 0, 32;
    %concati/vec4 0, 0, 4;
    %store/vec4 v0x571ac76c68b0_0, 0, 36;
    %pushi/vec4 4294967295, 0, 33;
    %concati/vec4 7, 0, 3;
    %store/vec4 v0x571ac76c6980_0, 0, 36;
    %pushi/vec4 0, 0, 4;
    %store/vec4 v0x571ac76c64e0_0, 0, 4;
    %delay 1000, 0;
    %alloc S_0x571ac76c4530;
    %pushi/str "max/min boundary values unchanged";
    %store/str v0x571ac76c4dc0_0;
    %load/vec4 v0x571ac76c6000_0;
    %store/vec4 v0x571ac76c49f0_0, 0, 36;
    %pushi/vec4 4294967295, 0, 33;
    %concati/vec4 7, 0, 3;
    %store/vec4 v0x571ac76a1f50_0, 0, 36;
    %load/vec4 v0x571ac76c60e0_0;
    %store/vec4 v0x571ac76c4b20_0, 0, 36;
    %pushi/vec4 2147483648, 0, 32;
    %concati/vec4 0, 0, 4;
    %store/vec4 v0x571ac76c4770_0, 0, 36;
    %load/vec4 v0x571ac76c61b0_0;
    %store/vec4 v0x571ac76c4c00_0, 0, 36;
    %pushi/vec4 2147483648, 0, 32;
    %concati/vec4 0, 0, 4;
    %store/vec4 v0x571ac76c4850_0, 0, 36;
    %load/vec4 v0x571ac76c62b0_0;
    %store/vec4 v0x571ac76c4ce0_0, 0, 36;
    %pushi/vec4 4294967295, 0, 33;
    %concati/vec4 7, 0, 3;
    %store/vec4 v0x571ac76c4910_0, 0, 36;
    %fork TD_tb_sum_alter.check, S_0x571ac76c4530;
    %join;
    %free S_0x571ac76c4530;
    %alloc S_0x571ac76309a0;
    %pushi/str "ABS(X) only \342\200\224 encoding=4'b1000";
    %store/str v0x571ac7623320_0;
    %fork TD_tb_sum_alter.begin_section, S_0x571ac76309a0;
    %join;
    %free S_0x571ac76309a0;
    %pushi/vec4 4294967289, 0, 32;
    %concati/vec4 12, 0, 4;
    %store/vec4 v0x571ac76c6660_0, 0, 36;
    %pushi/vec4 4294967289, 0, 32;
    %concati/vec4 12, 0, 4;
    %store/vec4 v0x571ac76c67e0_0, 0, 36;
    %pushi/vec4 4294967289, 0, 32;
    %concati/vec4 12, 0, 4;
    %store/vec4 v0x571ac76c68b0_0, 0, 36;
    %pushi/vec4 4294967289, 0, 32;
    %concati/vec4 12, 0, 4;
    %store/vec4 v0x571ac76c6980_0, 0, 36;
    %pushi/vec4 8, 0, 4;
    %store/vec4 v0x571ac76c64e0_0, 0, 4;
    %delay 1000, 0;
    %alloc S_0x571ac76c4530;
    %pushi/str "both x negative \342\206\222 positive, y unchanged";
    %store/str v0x571ac76c4dc0_0;
    %load/vec4 v0x571ac76c6000_0;
    %store/vec4 v0x571ac76c49f0_0, 0, 36;
    %pushi/vec4 100, 0, 36;
    %store/vec4 v0x571ac76a1f50_0, 0, 36;
    %load/vec4 v0x571ac76c60e0_0;
    %store/vec4 v0x571ac76c4b20_0, 0, 36;
    %pushi/vec4 100, 0, 36;
    %store/vec4 v0x571ac76c4770_0, 0, 36;
    %load/vec4 v0x571ac76c61b0_0;
    %store/vec4 v0x571ac76c4c00_0, 0, 36;
    %pushi/vec4 4294967289, 0, 32;
    %concati/vec4 12, 0, 4;
    %store/vec4 v0x571ac76c4850_0, 0, 36;
    %load/vec4 v0x571ac76c62b0_0;
    %store/vec4 v0x571ac76c4ce0_0, 0, 36;
    %pushi/vec4 4294967289, 0, 32;
    %concati/vec4 12, 0, 4;
    %store/vec4 v0x571ac76c4910_0, 0, 36;
    %fork TD_tb_sum_alter.check, S_0x571ac76c4530;
    %join;
    %free S_0x571ac76c4530;
    %pushi/vec4 100, 0, 36;
    %store/vec4 v0x571ac76c6660_0, 0, 36;
    %pushi/vec4 100, 0, 36;
    %store/vec4 v0x571ac76c67e0_0, 0, 36;
    %pushi/vec4 100, 0, 36;
    %store/vec4 v0x571ac76c68b0_0, 0, 36;
    %pushi/vec4 100, 0, 36;
    %store/vec4 v0x571ac76c6980_0, 0, 36;
    %pushi/vec4 8, 0, 4;
    %store/vec4 v0x571ac76c64e0_0, 0, 4;
    %delay 1000, 0;
    %alloc S_0x571ac76c4530;
    %pushi/str "both x already positive \342\206\222 unchanged";
    %store/str v0x571ac76c4dc0_0;
    %load/vec4 v0x571ac76c6000_0;
    %store/vec4 v0x571ac76c49f0_0, 0, 36;
    %pushi/vec4 100, 0, 36;
    %store/vec4 v0x571ac76a1f50_0, 0, 36;
    %load/vec4 v0x571ac76c60e0_0;
    %store/vec4 v0x571ac76c4b20_0, 0, 36;
    %pushi/vec4 100, 0, 36;
    %store/vec4 v0x571ac76c4770_0, 0, 36;
    %load/vec4 v0x571ac76c61b0_0;
    %store/vec4 v0x571ac76c4c00_0, 0, 36;
    %pushi/vec4 100, 0, 36;
    %store/vec4 v0x571ac76c4850_0, 0, 36;
    %load/vec4 v0x571ac76c62b0_0;
    %store/vec4 v0x571ac76c4ce0_0, 0, 36;
    %pushi/vec4 100, 0, 36;
    %store/vec4 v0x571ac76c4910_0, 0, 36;
    %fork TD_tb_sum_alter.check, S_0x571ac76c4530;
    %join;
    %free S_0x571ac76c4530;
    %pushi/vec4 4294967289, 0, 32;
    %concati/vec4 12, 0, 4;
    %store/vec4 v0x571ac76c6660_0, 0, 36;
    %pushi/vec4 100, 0, 36;
    %store/vec4 v0x571ac76c67e0_0, 0, 36;
    %pushi/vec4 0, 0, 36;
    %store/vec4 v0x571ac76c68b0_0, 0, 36;
    %pushi/vec4 0, 0, 36;
    %store/vec4 v0x571ac76c6980_0, 0, 36;
    %pushi/vec4 8, 0, 4;
    %store/vec4 v0x571ac76c64e0_0, 0, 4;
    %delay 1000, 0;
    %alloc S_0x571ac76c4530;
    %pushi/str "x1 negative x2 positive \342\206\222 both positive";
    %store/str v0x571ac76c4dc0_0;
    %load/vec4 v0x571ac76c6000_0;
    %store/vec4 v0x571ac76c49f0_0, 0, 36;
    %pushi/vec4 100, 0, 36;
    %store/vec4 v0x571ac76a1f50_0, 0, 36;
    %load/vec4 v0x571ac76c60e0_0;
    %store/vec4 v0x571ac76c4b20_0, 0, 36;
    %pushi/vec4 100, 0, 36;
    %store/vec4 v0x571ac76c4770_0, 0, 36;
    %load/vec4 v0x571ac76c61b0_0;
    %store/vec4 v0x571ac76c4c00_0, 0, 36;
    %pushi/vec4 0, 0, 36;
    %store/vec4 v0x571ac76c4850_0, 0, 36;
    %load/vec4 v0x571ac76c62b0_0;
    %store/vec4 v0x571ac76c4ce0_0, 0, 36;
    %pushi/vec4 0, 0, 36;
    %store/vec4 v0x571ac76c4910_0, 0, 36;
    %fork TD_tb_sum_alter.check, S_0x571ac76c4530;
    %join;
    %free S_0x571ac76c4530;
    %pushi/vec4 0, 0, 36;
    %store/vec4 v0x571ac76c6660_0, 0, 36;
    %pushi/vec4 0, 0, 36;
    %store/vec4 v0x571ac76c67e0_0, 0, 36;
    %pushi/vec4 4294967289, 0, 32;
    %concati/vec4 12, 0, 4;
    %store/vec4 v0x571ac76c68b0_0, 0, 36;
    %pushi/vec4 4294967289, 0, 32;
    %concati/vec4 12, 0, 4;
    %store/vec4 v0x571ac76c6980_0, 0, 36;
    %pushi/vec4 8, 0, 4;
    %store/vec4 v0x571ac76c64e0_0, 0, 4;
    %delay 1000, 0;
    %alloc S_0x571ac76c4530;
    %pushi/str "x=0, y unchanged";
    %store/str v0x571ac76c4dc0_0;
    %load/vec4 v0x571ac76c6000_0;
    %store/vec4 v0x571ac76c49f0_0, 0, 36;
    %pushi/vec4 0, 0, 36;
    %store/vec4 v0x571ac76a1f50_0, 0, 36;
    %load/vec4 v0x571ac76c60e0_0;
    %store/vec4 v0x571ac76c4b20_0, 0, 36;
    %pushi/vec4 0, 0, 36;
    %store/vec4 v0x571ac76c4770_0, 0, 36;
    %load/vec4 v0x571ac76c61b0_0;
    %store/vec4 v0x571ac76c4c00_0, 0, 36;
    %pushi/vec4 4294967289, 0, 32;
    %concati/vec4 12, 0, 4;
    %store/vec4 v0x571ac76c4850_0, 0, 36;
    %load/vec4 v0x571ac76c62b0_0;
    %store/vec4 v0x571ac76c4ce0_0, 0, 36;
    %pushi/vec4 4294967289, 0, 32;
    %concati/vec4 12, 0, 4;
    %store/vec4 v0x571ac76c4910_0, 0, 36;
    %fork TD_tb_sum_alter.check, S_0x571ac76c4530;
    %join;
    %free S_0x571ac76c4530;
    %pushi/vec4 4294967295, 0, 32;
    %concati/vec4 15, 0, 4;
    %store/vec4 v0x571ac76c6660_0, 0, 36;
    %pushi/vec4 1, 0, 36;
    %store/vec4 v0x571ac76c67e0_0, 0, 36;
    %pushi/vec4 0, 0, 36;
    %store/vec4 v0x571ac76c68b0_0, 0, 36;
    %pushi/vec4 0, 0, 36;
    %store/vec4 v0x571ac76c6980_0, 0, 36;
    %pushi/vec4 8, 0, 4;
    %store/vec4 v0x571ac76c64e0_0, 0, 4;
    %delay 1000, 0;
    %alloc S_0x571ac76c4530;
    %pushi/str "x=-1,+1 \342\206\222 both +1";
    %store/str v0x571ac76c4dc0_0;
    %load/vec4 v0x571ac76c6000_0;
    %store/vec4 v0x571ac76c49f0_0, 0, 36;
    %pushi/vec4 1, 0, 36;
    %store/vec4 v0x571ac76a1f50_0, 0, 36;
    %load/vec4 v0x571ac76c60e0_0;
    %store/vec4 v0x571ac76c4b20_0, 0, 36;
    %pushi/vec4 1, 0, 36;
    %store/vec4 v0x571ac76c4770_0, 0, 36;
    %load/vec4 v0x571ac76c61b0_0;
    %store/vec4 v0x571ac76c4c00_0, 0, 36;
    %pushi/vec4 0, 0, 36;
    %store/vec4 v0x571ac76c4850_0, 0, 36;
    %load/vec4 v0x571ac76c62b0_0;
    %store/vec4 v0x571ac76c4ce0_0, 0, 36;
    %pushi/vec4 0, 0, 36;
    %store/vec4 v0x571ac76c4910_0, 0, 36;
    %fork TD_tb_sum_alter.check, S_0x571ac76c4530;
    %join;
    %free S_0x571ac76c4530;
    %pushi/vec4 4294967295, 0, 33;
    %concati/vec4 7, 0, 3;
    %store/vec4 v0x571ac76c6660_0, 0, 36;
    %pushi/vec4 4294904796, 0, 32;
    %concati/vec4 0, 0, 4;
    %store/vec4 v0x571ac76c67e0_0, 0, 36;
    %pushi/vec4 0, 0, 36;
    %store/vec4 v0x571ac76c68b0_0, 0, 36;
    %pushi/vec4 0, 0, 36;
    %store/vec4 v0x571ac76c6980_0, 0, 36;
    %pushi/vec4 8, 0, 4;
    %store/vec4 v0x571ac76c64e0_0, 0, 4;
    %delay 1000, 0;
    %alloc S_0x571ac76c4530;
    %pushi/str "abs(x) with large values";
    %store/str v0x571ac76c4dc0_0;
    %load/vec4 v0x571ac76c6000_0;
    %store/vec4 v0x571ac76c49f0_0, 0, 36;
    %pushi/vec4 4294967295, 0, 33;
    %concati/vec4 7, 0, 3;
    %store/vec4 v0x571ac76a1f50_0, 0, 36;
    %load/vec4 v0x571ac76c60e0_0;
    %store/vec4 v0x571ac76c4b20_0, 0, 36;
    %pushi/vec4 1000000, 0, 36;
    %store/vec4 v0x571ac76c4770_0, 0, 36;
    %load/vec4 v0x571ac76c61b0_0;
    %store/vec4 v0x571ac76c4c00_0, 0, 36;
    %pushi/vec4 0, 0, 36;
    %store/vec4 v0x571ac76c4850_0, 0, 36;
    %load/vec4 v0x571ac76c62b0_0;
    %store/vec4 v0x571ac76c4ce0_0, 0, 36;
    %pushi/vec4 0, 0, 36;
    %store/vec4 v0x571ac76c4910_0, 0, 36;
    %fork TD_tb_sum_alter.check, S_0x571ac76c4530;
    %join;
    %free S_0x571ac76c4530;
    %alloc S_0x571ac76309a0;
    %pushi/str "ABS(Y) only \342\200\224 encoding=4'b0100";
    %store/str v0x571ac7623320_0;
    %fork TD_tb_sum_alter.begin_section, S_0x571ac76309a0;
    %join;
    %free S_0x571ac76309a0;
    %pushi/vec4 4294967289, 0, 32;
    %concati/vec4 12, 0, 4;
    %store/vec4 v0x571ac76c6660_0, 0, 36;
    %pushi/vec4 4294967289, 0, 32;
    %concati/vec4 12, 0, 4;
    %store/vec4 v0x571ac76c67e0_0, 0, 36;
    %pushi/vec4 4294967289, 0, 32;
    %concati/vec4 12, 0, 4;
    %store/vec4 v0x571ac76c68b0_0, 0, 36;
    %pushi/vec4 4294967289, 0, 32;
    %concati/vec4 12, 0, 4;
    %store/vec4 v0x571ac76c6980_0, 0, 36;
    %pushi/vec4 4, 0, 4;
    %store/vec4 v0x571ac76c64e0_0, 0, 4;
    %delay 1000, 0;
    %alloc S_0x571ac76c4530;
    %pushi/str "both y negative \342\206\222 positive, x unchanged";
    %store/str v0x571ac76c4dc0_0;
    %load/vec4 v0x571ac76c6000_0;
    %store/vec4 v0x571ac76c49f0_0, 0, 36;
    %pushi/vec4 4294967289, 0, 32;
    %concati/vec4 12, 0, 4;
    %store/vec4 v0x571ac76a1f50_0, 0, 36;
    %load/vec4 v0x571ac76c60e0_0;
    %store/vec4 v0x571ac76c4b20_0, 0, 36;
    %pushi/vec4 4294967289, 0, 32;
    %concati/vec4 12, 0, 4;
    %store/vec4 v0x571ac76c4770_0, 0, 36;
    %load/vec4 v0x571ac76c61b0_0;
    %store/vec4 v0x571ac76c4c00_0, 0, 36;
    %pushi/vec4 100, 0, 36;
    %store/vec4 v0x571ac76c4850_0, 0, 36;
    %load/vec4 v0x571ac76c62b0_0;
    %store/vec4 v0x571ac76c4ce0_0, 0, 36;
    %pushi/vec4 100, 0, 36;
    %store/vec4 v0x571ac76c4910_0, 0, 36;
    %fork TD_tb_sum_alter.check, S_0x571ac76c4530;
    %join;
    %free S_0x571ac76c4530;
    %pushi/vec4 100, 0, 36;
    %store/vec4 v0x571ac76c6660_0, 0, 36;
    %pushi/vec4 100, 0, 36;
    %store/vec4 v0x571ac76c67e0_0, 0, 36;
    %pushi/vec4 100, 0, 36;
    %store/vec4 v0x571ac76c68b0_0, 0, 36;
    %pushi/vec4 100, 0, 36;
    %store/vec4 v0x571ac76c6980_0, 0, 36;
    %pushi/vec4 4, 0, 4;
    %store/vec4 v0x571ac76c64e0_0, 0, 4;
    %delay 1000, 0;
    %alloc S_0x571ac76c4530;
    %pushi/str "both y already positive \342\206\222 unchanged";
    %store/str v0x571ac76c4dc0_0;
    %load/vec4 v0x571ac76c6000_0;
    %store/vec4 v0x571ac76c49f0_0, 0, 36;
    %pushi/vec4 100, 0, 36;
    %store/vec4 v0x571ac76a1f50_0, 0, 36;
    %load/vec4 v0x571ac76c60e0_0;
    %store/vec4 v0x571ac76c4b20_0, 0, 36;
    %pushi/vec4 100, 0, 36;
    %store/vec4 v0x571ac76c4770_0, 0, 36;
    %load/vec4 v0x571ac76c61b0_0;
    %store/vec4 v0x571ac76c4c00_0, 0, 36;
    %pushi/vec4 100, 0, 36;
    %store/vec4 v0x571ac76c4850_0, 0, 36;
    %load/vec4 v0x571ac76c62b0_0;
    %store/vec4 v0x571ac76c4ce0_0, 0, 36;
    %pushi/vec4 100, 0, 36;
    %store/vec4 v0x571ac76c4910_0, 0, 36;
    %fork TD_tb_sum_alter.check, S_0x571ac76c4530;
    %join;
    %free S_0x571ac76c4530;
    %pushi/vec4 0, 0, 36;
    %store/vec4 v0x571ac76c6660_0, 0, 36;
    %pushi/vec4 0, 0, 36;
    %store/vec4 v0x571ac76c67e0_0, 0, 36;
    %pushi/vec4 4294967289, 0, 32;
    %concati/vec4 12, 0, 4;
    %store/vec4 v0x571ac76c68b0_0, 0, 36;
    %pushi/vec4 100, 0, 36;
    %store/vec4 v0x571ac76c6980_0, 0, 36;
    %pushi/vec4 4, 0, 4;
    %store/vec4 v0x571ac76c64e0_0, 0, 4;
    %delay 1000, 0;
    %alloc S_0x571ac76c4530;
    %pushi/str "y1 negative y2 positive \342\206\222 both positive";
    %store/str v0x571ac76c4dc0_0;
    %load/vec4 v0x571ac76c6000_0;
    %store/vec4 v0x571ac76c49f0_0, 0, 36;
    %pushi/vec4 0, 0, 36;
    %store/vec4 v0x571ac76a1f50_0, 0, 36;
    %load/vec4 v0x571ac76c60e0_0;
    %store/vec4 v0x571ac76c4b20_0, 0, 36;
    %pushi/vec4 0, 0, 36;
    %store/vec4 v0x571ac76c4770_0, 0, 36;
    %load/vec4 v0x571ac76c61b0_0;
    %store/vec4 v0x571ac76c4c00_0, 0, 36;
    %pushi/vec4 100, 0, 36;
    %store/vec4 v0x571ac76c4850_0, 0, 36;
    %load/vec4 v0x571ac76c62b0_0;
    %store/vec4 v0x571ac76c4ce0_0, 0, 36;
    %pushi/vec4 100, 0, 36;
    %store/vec4 v0x571ac76c4910_0, 0, 36;
    %fork TD_tb_sum_alter.check, S_0x571ac76c4530;
    %join;
    %free S_0x571ac76c4530;
    %alloc S_0x571ac76309a0;
    %pushi/str "NEG(X) only \342\200\224 encoding=4'b0010";
    %store/str v0x571ac7623320_0;
    %fork TD_tb_sum_alter.begin_section, S_0x571ac76309a0;
    %join;
    %free S_0x571ac76309a0;
    %pushi/vec4 100, 0, 36;
    %store/vec4 v0x571ac76c6660_0, 0, 36;
    %pushi/vec4 4294967289, 0, 32;
    %concati/vec4 12, 0, 4;
    %store/vec4 v0x571ac76c67e0_0, 0, 36;
    %pushi/vec4 100, 0, 36;
    %store/vec4 v0x571ac76c68b0_0, 0, 36;
    %pushi/vec4 4294967289, 0, 32;
    %concati/vec4 12, 0, 4;
    %store/vec4 v0x571ac76c6980_0, 0, 36;
    %pushi/vec4 2, 0, 4;
    %store/vec4 v0x571ac76c64e0_0, 0, 4;
    %delay 1000, 0;
    %alloc S_0x571ac76c4530;
    %pushi/str "negate x, y unchanged";
    %store/str v0x571ac76c4dc0_0;
    %load/vec4 v0x571ac76c6000_0;
    %store/vec4 v0x571ac76c49f0_0, 0, 36;
    %pushi/vec4 4294967289, 0, 32;
    %concati/vec4 12, 0, 4;
    %store/vec4 v0x571ac76a1f50_0, 0, 36;
    %load/vec4 v0x571ac76c60e0_0;
    %store/vec4 v0x571ac76c4b20_0, 0, 36;
    %pushi/vec4 100, 0, 36;
    %store/vec4 v0x571ac76c4770_0, 0, 36;
    %load/vec4 v0x571ac76c61b0_0;
    %store/vec4 v0x571ac76c4c00_0, 0, 36;
    %pushi/vec4 100, 0, 36;
    %store/vec4 v0x571ac76c4850_0, 0, 36;
    %load/vec4 v0x571ac76c62b0_0;
    %store/vec4 v0x571ac76c4ce0_0, 0, 36;
    %pushi/vec4 4294967289, 0, 32;
    %concati/vec4 12, 0, 4;
    %store/vec4 v0x571ac76c4910_0, 0, 36;
    %fork TD_tb_sum_alter.check, S_0x571ac76c4530;
    %join;
    %free S_0x571ac76c4530;
    %pushi/vec4 0, 0, 36;
    %store/vec4 v0x571ac76c6660_0, 0, 36;
    %pushi/vec4 0, 0, 36;
    %store/vec4 v0x571ac76c67e0_0, 0, 36;
    %pushi/vec4 100, 0, 36;
    %store/vec4 v0x571ac76c68b0_0, 0, 36;
    %pushi/vec4 4294967289, 0, 32;
    %concati/vec4 12, 0, 4;
    %store/vec4 v0x571ac76c6980_0, 0, 36;
    %pushi/vec4 2, 0, 4;
    %store/vec4 v0x571ac76c64e0_0, 0, 4;
    %delay 1000, 0;
    %alloc S_0x571ac76c4530;
    %pushi/str "negate x=0 \342\206\222 still 0";
    %store/str v0x571ac76c4dc0_0;
    %load/vec4 v0x571ac76c6000_0;
    %store/vec4 v0x571ac76c49f0_0, 0, 36;
    %pushi/vec4 0, 0, 36;
    %store/vec4 v0x571ac76a1f50_0, 0, 36;
    %load/vec4 v0x571ac76c60e0_0;
    %store/vec4 v0x571ac76c4b20_0, 0, 36;
    %pushi/vec4 0, 0, 36;
    %store/vec4 v0x571ac76c4770_0, 0, 36;
    %load/vec4 v0x571ac76c61b0_0;
    %store/vec4 v0x571ac76c4c00_0, 0, 36;
    %pushi/vec4 100, 0, 36;
    %store/vec4 v0x571ac76c4850_0, 0, 36;
    %load/vec4 v0x571ac76c62b0_0;
    %store/vec4 v0x571ac76c4ce0_0, 0, 36;
    %pushi/vec4 4294967289, 0, 32;
    %concati/vec4 12, 0, 4;
    %store/vec4 v0x571ac76c4910_0, 0, 36;
    %fork TD_tb_sum_alter.check, S_0x571ac76c4530;
    %join;
    %free S_0x571ac76c4530;
    %pushi/vec4 1, 0, 36;
    %store/vec4 v0x571ac76c6660_0, 0, 36;
    %pushi/vec4 4294967295, 0, 32;
    %concati/vec4 15, 0, 4;
    %store/vec4 v0x571ac76c67e0_0, 0, 36;
    %pushi/vec4 0, 0, 36;
    %store/vec4 v0x571ac76c68b0_0, 0, 36;
    %pushi/vec4 0, 0, 36;
    %store/vec4 v0x571ac76c6980_0, 0, 36;
    %pushi/vec4 2, 0, 4;
    %store/vec4 v0x571ac76c64e0_0, 0, 4;
    %delay 1000, 0;
    %alloc S_0x571ac76c4530;
    %pushi/str "negate x=+1/-1";
    %store/str v0x571ac76c4dc0_0;
    %load/vec4 v0x571ac76c6000_0;
    %store/vec4 v0x571ac76c49f0_0, 0, 36;
    %pushi/vec4 4294967295, 0, 32;
    %concati/vec4 15, 0, 4;
    %store/vec4 v0x571ac76a1f50_0, 0, 36;
    %load/vec4 v0x571ac76c60e0_0;
    %store/vec4 v0x571ac76c4b20_0, 0, 36;
    %pushi/vec4 1, 0, 36;
    %store/vec4 v0x571ac76c4770_0, 0, 36;
    %load/vec4 v0x571ac76c61b0_0;
    %store/vec4 v0x571ac76c4c00_0, 0, 36;
    %pushi/vec4 0, 0, 36;
    %store/vec4 v0x571ac76c4850_0, 0, 36;
    %load/vec4 v0x571ac76c62b0_0;
    %store/vec4 v0x571ac76c4ce0_0, 0, 36;
    %pushi/vec4 0, 0, 36;
    %store/vec4 v0x571ac76c4910_0, 0, 36;
    %fork TD_tb_sum_alter.check, S_0x571ac76c4530;
    %join;
    %free S_0x571ac76c4530;
    %pushi/vec4 1000000, 0, 36;
    %store/vec4 v0x571ac76c6660_0, 0, 36;
    %pushi/vec4 4294904796, 0, 32;
    %concati/vec4 0, 0, 4;
    %store/vec4 v0x571ac76c67e0_0, 0, 36;
    %pushi/vec4 0, 0, 36;
    %store/vec4 v0x571ac76c68b0_0, 0, 36;
    %pushi/vec4 0, 0, 36;
    %store/vec4 v0x571ac76c6980_0, 0, 36;
    %pushi/vec4 2, 0, 4;
    %store/vec4 v0x571ac76c64e0_0, 0, 4;
    %delay 1000, 0;
    %alloc S_0x571ac76c4530;
    %pushi/str "negate large x values";
    %store/str v0x571ac76c4dc0_0;
    %load/vec4 v0x571ac76c6000_0;
    %store/vec4 v0x571ac76c49f0_0, 0, 36;
    %pushi/vec4 4294904796, 0, 32;
    %concati/vec4 0, 0, 4;
    %store/vec4 v0x571ac76a1f50_0, 0, 36;
    %load/vec4 v0x571ac76c60e0_0;
    %store/vec4 v0x571ac76c4b20_0, 0, 36;
    %pushi/vec4 1000000, 0, 36;
    %store/vec4 v0x571ac76c4770_0, 0, 36;
    %load/vec4 v0x571ac76c61b0_0;
    %store/vec4 v0x571ac76c4c00_0, 0, 36;
    %pushi/vec4 0, 0, 36;
    %store/vec4 v0x571ac76c4850_0, 0, 36;
    %load/vec4 v0x571ac76c62b0_0;
    %store/vec4 v0x571ac76c4ce0_0, 0, 36;
    %pushi/vec4 0, 0, 36;
    %store/vec4 v0x571ac76c4910_0, 0, 36;
    %fork TD_tb_sum_alter.check, S_0x571ac76c4530;
    %join;
    %free S_0x571ac76c4530;
    %alloc S_0x571ac76309a0;
    %pushi/str "NEG(Y) only \342\200\224 encoding=4'b0001";
    %store/str v0x571ac7623320_0;
    %fork TD_tb_sum_alter.begin_section, S_0x571ac76309a0;
    %join;
    %free S_0x571ac76309a0;
    %pushi/vec4 100, 0, 36;
    %store/vec4 v0x571ac76c6660_0, 0, 36;
    %pushi/vec4 4294967289, 0, 32;
    %concati/vec4 12, 0, 4;
    %store/vec4 v0x571ac76c67e0_0, 0, 36;
    %pushi/vec4 100, 0, 36;
    %store/vec4 v0x571ac76c68b0_0, 0, 36;
    %pushi/vec4 4294967289, 0, 32;
    %concati/vec4 12, 0, 4;
    %store/vec4 v0x571ac76c6980_0, 0, 36;
    %pushi/vec4 1, 0, 4;
    %store/vec4 v0x571ac76c64e0_0, 0, 4;
    %delay 1000, 0;
    %alloc S_0x571ac76c4530;
    %pushi/str "negate y, x unchanged";
    %store/str v0x571ac76c4dc0_0;
    %load/vec4 v0x571ac76c6000_0;
    %store/vec4 v0x571ac76c49f0_0, 0, 36;
    %pushi/vec4 100, 0, 36;
    %store/vec4 v0x571ac76a1f50_0, 0, 36;
    %load/vec4 v0x571ac76c60e0_0;
    %store/vec4 v0x571ac76c4b20_0, 0, 36;
    %pushi/vec4 4294967289, 0, 32;
    %concati/vec4 12, 0, 4;
    %store/vec4 v0x571ac76c4770_0, 0, 36;
    %load/vec4 v0x571ac76c61b0_0;
    %store/vec4 v0x571ac76c4c00_0, 0, 36;
    %pushi/vec4 4294967289, 0, 32;
    %concati/vec4 12, 0, 4;
    %store/vec4 v0x571ac76c4850_0, 0, 36;
    %load/vec4 v0x571ac76c62b0_0;
    %store/vec4 v0x571ac76c4ce0_0, 0, 36;
    %pushi/vec4 100, 0, 36;
    %store/vec4 v0x571ac76c4910_0, 0, 36;
    %fork TD_tb_sum_alter.check, S_0x571ac76c4530;
    %join;
    %free S_0x571ac76c4530;
    %pushi/vec4 100, 0, 36;
    %store/vec4 v0x571ac76c6660_0, 0, 36;
    %pushi/vec4 4294967289, 0, 32;
    %concati/vec4 12, 0, 4;
    %store/vec4 v0x571ac76c67e0_0, 0, 36;
    %pushi/vec4 0, 0, 36;
    %store/vec4 v0x571ac76c68b0_0, 0, 36;
    %pushi/vec4 0, 0, 36;
    %store/vec4 v0x571ac76c6980_0, 0, 36;
    %pushi/vec4 1, 0, 4;
    %store/vec4 v0x571ac76c64e0_0, 0, 4;
    %delay 1000, 0;
    %alloc S_0x571ac76c4530;
    %pushi/str "negate y=0 \342\206\222 still 0";
    %store/str v0x571ac76c4dc0_0;
    %load/vec4 v0x571ac76c6000_0;
    %store/vec4 v0x571ac76c49f0_0, 0, 36;
    %pushi/vec4 100, 0, 36;
    %store/vec4 v0x571ac76a1f50_0, 0, 36;
    %load/vec4 v0x571ac76c60e0_0;
    %store/vec4 v0x571ac76c4b20_0, 0, 36;
    %pushi/vec4 4294967289, 0, 32;
    %concati/vec4 12, 0, 4;
    %store/vec4 v0x571ac76c4770_0, 0, 36;
    %load/vec4 v0x571ac76c61b0_0;
    %store/vec4 v0x571ac76c4c00_0, 0, 36;
    %pushi/vec4 0, 0, 36;
    %store/vec4 v0x571ac76c4850_0, 0, 36;
    %load/vec4 v0x571ac76c62b0_0;
    %store/vec4 v0x571ac76c4ce0_0, 0, 36;
    %pushi/vec4 0, 0, 36;
    %store/vec4 v0x571ac76c4910_0, 0, 36;
    %fork TD_tb_sum_alter.check, S_0x571ac76c4530;
    %join;
    %free S_0x571ac76c4530;
    %alloc S_0x571ac76309a0;
    %pushi/str "ABS(X)+ABS(Y) \342\200\224 encoding=4'b1100";
    %store/str v0x571ac7623320_0;
    %fork TD_tb_sum_alter.begin_section, S_0x571ac76309a0;
    %join;
    %free S_0x571ac76309a0;
    %pushi/vec4 4294967289, 0, 32;
    %concati/vec4 12, 0, 4;
    %store/vec4 v0x571ac76c6660_0, 0, 36;
    %pushi/vec4 100, 0, 36;
    %store/vec4 v0x571ac76c67e0_0, 0, 36;
    %pushi/vec4 4294967289, 0, 32;
    %concati/vec4 12, 0, 4;
    %store/vec4 v0x571ac76c68b0_0, 0, 36;
    %pushi/vec4 100, 0, 36;
    %store/vec4 v0x571ac76c6980_0, 0, 36;
    %pushi/vec4 12, 0, 4;
    %store/vec4 v0x571ac76c64e0_0, 0, 4;
    %delay 1000, 0;
    %alloc S_0x571ac76c4530;
    %pushi/str "mixed x and y \342\206\222 all positive";
    %store/str v0x571ac76c4dc0_0;
    %load/vec4 v0x571ac76c6000_0;
    %store/vec4 v0x571ac76c49f0_0, 0, 36;
    %pushi/vec4 100, 0, 36;
    %store/vec4 v0x571ac76a1f50_0, 0, 36;
    %load/vec4 v0x571ac76c60e0_0;
    %store/vec4 v0x571ac76c4b20_0, 0, 36;
    %pushi/vec4 100, 0, 36;
    %store/vec4 v0x571ac76c4770_0, 0, 36;
    %load/vec4 v0x571ac76c61b0_0;
    %store/vec4 v0x571ac76c4c00_0, 0, 36;
    %pushi/vec4 100, 0, 36;
    %store/vec4 v0x571ac76c4850_0, 0, 36;
    %load/vec4 v0x571ac76c62b0_0;
    %store/vec4 v0x571ac76c4ce0_0, 0, 36;
    %pushi/vec4 100, 0, 36;
    %store/vec4 v0x571ac76c4910_0, 0, 36;
    %fork TD_tb_sum_alter.check, S_0x571ac76c4530;
    %join;
    %free S_0x571ac76c4530;
    %pushi/vec4 4294904796, 0, 32;
    %concati/vec4 0, 0, 4;
    %store/vec4 v0x571ac76c6660_0, 0, 36;
    %pushi/vec4 4294904796, 0, 32;
    %concati/vec4 0, 0, 4;
    %store/vec4 v0x571ac76c67e0_0, 0, 36;
    %pushi/vec4 4294904796, 0, 32;
    %concati/vec4 0, 0, 4;
    %store/vec4 v0x571ac76c68b0_0, 0, 36;
    %pushi/vec4 4294904796, 0, 32;
    %concati/vec4 0, 0, 4;
    %store/vec4 v0x571ac76c6980_0, 0, 36;
    %pushi/vec4 12, 0, 4;
    %store/vec4 v0x571ac76c64e0_0, 0, 4;
    %delay 1000, 0;
    %alloc S_0x571ac76c4530;
    %pushi/str "large negatives \342\206\222 large positives";
    %store/str v0x571ac76c4dc0_0;
    %load/vec4 v0x571ac76c6000_0;
    %store/vec4 v0x571ac76c49f0_0, 0, 36;
    %pushi/vec4 1000000, 0, 36;
    %store/vec4 v0x571ac76a1f50_0, 0, 36;
    %load/vec4 v0x571ac76c60e0_0;
    %store/vec4 v0x571ac76c4b20_0, 0, 36;
    %pushi/vec4 1000000, 0, 36;
    %store/vec4 v0x571ac76c4770_0, 0, 36;
    %load/vec4 v0x571ac76c61b0_0;
    %store/vec4 v0x571ac76c4c00_0, 0, 36;
    %pushi/vec4 1000000, 0, 36;
    %store/vec4 v0x571ac76c4850_0, 0, 36;
    %load/vec4 v0x571ac76c62b0_0;
    %store/vec4 v0x571ac76c4ce0_0, 0, 36;
    %pushi/vec4 1000000, 0, 36;
    %store/vec4 v0x571ac76c4910_0, 0, 36;
    %fork TD_tb_sum_alter.check, S_0x571ac76c4530;
    %join;
    %free S_0x571ac76c4530;
    %alloc S_0x571ac76309a0;
    %pushi/str "NEG(X)+NEG(Y) \342\200\224 encoding=4'b0011";
    %store/str v0x571ac7623320_0;
    %fork TD_tb_sum_alter.begin_section, S_0x571ac76309a0;
    %join;
    %free S_0x571ac76309a0;
    %pushi/vec4 100, 0, 36;
    %store/vec4 v0x571ac76c6660_0, 0, 36;
    %pushi/vec4 4294967289, 0, 32;
    %concati/vec4 12, 0, 4;
    %store/vec4 v0x571ac76c67e0_0, 0, 36;
    %pushi/vec4 100, 0, 36;
    %store/vec4 v0x571ac76c68b0_0, 0, 36;
    %pushi/vec4 4294967289, 0, 32;
    %concati/vec4 12, 0, 4;
    %store/vec4 v0x571ac76c6980_0, 0, 36;
    %pushi/vec4 3, 0, 4;
    %store/vec4 v0x571ac76c64e0_0, 0, 4;
    %delay 1000, 0;
    %alloc S_0x571ac76c4530;
    %pushi/str "negate both x and y";
    %store/str v0x571ac76c4dc0_0;
    %load/vec4 v0x571ac76c6000_0;
    %store/vec4 v0x571ac76c49f0_0, 0, 36;
    %pushi/vec4 4294967289, 0, 32;
    %concati/vec4 12, 0, 4;
    %store/vec4 v0x571ac76a1f50_0, 0, 36;
    %load/vec4 v0x571ac76c60e0_0;
    %store/vec4 v0x571ac76c4b20_0, 0, 36;
    %pushi/vec4 100, 0, 36;
    %store/vec4 v0x571ac76c4770_0, 0, 36;
    %load/vec4 v0x571ac76c61b0_0;
    %store/vec4 v0x571ac76c4c00_0, 0, 36;
    %pushi/vec4 4294967289, 0, 32;
    %concati/vec4 12, 0, 4;
    %store/vec4 v0x571ac76c4850_0, 0, 36;
    %load/vec4 v0x571ac76c62b0_0;
    %store/vec4 v0x571ac76c4ce0_0, 0, 36;
    %pushi/vec4 100, 0, 36;
    %store/vec4 v0x571ac76c4910_0, 0, 36;
    %fork TD_tb_sum_alter.check, S_0x571ac76c4530;
    %join;
    %free S_0x571ac76c4530;
    %pushi/vec4 0, 0, 36;
    %store/vec4 v0x571ac76c6660_0, 0, 36;
    %pushi/vec4 0, 0, 36;
    %store/vec4 v0x571ac76c67e0_0, 0, 36;
    %pushi/vec4 0, 0, 36;
    %store/vec4 v0x571ac76c68b0_0, 0, 36;
    %pushi/vec4 0, 0, 36;
    %store/vec4 v0x571ac76c6980_0, 0, 36;
    %pushi/vec4 3, 0, 4;
    %store/vec4 v0x571ac76c64e0_0, 0, 4;
    %delay 1000, 0;
    %alloc S_0x571ac76c4530;
    %pushi/str "negate zeros \342\206\222 zeros";
    %store/str v0x571ac76c4dc0_0;
    %load/vec4 v0x571ac76c6000_0;
    %store/vec4 v0x571ac76c49f0_0, 0, 36;
    %pushi/vec4 0, 0, 36;
    %store/vec4 v0x571ac76a1f50_0, 0, 36;
    %load/vec4 v0x571ac76c60e0_0;
    %store/vec4 v0x571ac76c4b20_0, 0, 36;
    %pushi/vec4 0, 0, 36;
    %store/vec4 v0x571ac76c4770_0, 0, 36;
    %load/vec4 v0x571ac76c61b0_0;
    %store/vec4 v0x571ac76c4c00_0, 0, 36;
    %pushi/vec4 0, 0, 36;
    %store/vec4 v0x571ac76c4850_0, 0, 36;
    %load/vec4 v0x571ac76c62b0_0;
    %store/vec4 v0x571ac76c4ce0_0, 0, 36;
    %pushi/vec4 0, 0, 36;
    %store/vec4 v0x571ac76c4910_0, 0, 36;
    %fork TD_tb_sum_alter.check, S_0x571ac76c4530;
    %join;
    %free S_0x571ac76c4530;
    %alloc S_0x571ac76309a0;
    %pushi/str "ABS(X)+NEG(Y) \342\200\224 encoding=4'b1001";
    %store/str v0x571ac7623320_0;
    %fork TD_tb_sum_alter.begin_section, S_0x571ac76309a0;
    %join;
    %free S_0x571ac76309a0;
    %pushi/vec4 4294967289, 0, 32;
    %concati/vec4 12, 0, 4;
    %store/vec4 v0x571ac76c6660_0, 0, 36;
    %pushi/vec4 100, 0, 36;
    %store/vec4 v0x571ac76c67e0_0, 0, 36;
    %pushi/vec4 100, 0, 36;
    %store/vec4 v0x571ac76c68b0_0, 0, 36;
    %pushi/vec4 4294967289, 0, 32;
    %concati/vec4 12, 0, 4;
    %store/vec4 v0x571ac76c6980_0, 0, 36;
    %pushi/vec4 9, 0, 4;
    %store/vec4 v0x571ac76c64e0_0, 0, 4;
    %delay 1000, 0;
    %alloc S_0x571ac76c4530;
    %pushi/str "abs x, negate y";
    %store/str v0x571ac76c4dc0_0;
    %load/vec4 v0x571ac76c6000_0;
    %store/vec4 v0x571ac76c49f0_0, 0, 36;
    %pushi/vec4 100, 0, 36;
    %store/vec4 v0x571ac76a1f50_0, 0, 36;
    %load/vec4 v0x571ac76c60e0_0;
    %store/vec4 v0x571ac76c4b20_0, 0, 36;
    %pushi/vec4 100, 0, 36;
    %store/vec4 v0x571ac76c4770_0, 0, 36;
    %load/vec4 v0x571ac76c61b0_0;
    %store/vec4 v0x571ac76c4c00_0, 0, 36;
    %pushi/vec4 4294967289, 0, 32;
    %concati/vec4 12, 0, 4;
    %store/vec4 v0x571ac76c4850_0, 0, 36;
    %load/vec4 v0x571ac76c62b0_0;
    %store/vec4 v0x571ac76c4ce0_0, 0, 36;
    %pushi/vec4 100, 0, 36;
    %store/vec4 v0x571ac76c4910_0, 0, 36;
    %fork TD_tb_sum_alter.check, S_0x571ac76c4530;
    %join;
    %free S_0x571ac76c4530;
    %alloc S_0x571ac76309a0;
    %pushi/str "NEG(X)+ABS(Y) \342\200\224 encoding=4'b0110";
    %store/str v0x571ac7623320_0;
    %fork TD_tb_sum_alter.begin_section, S_0x571ac76309a0;
    %join;
    %free S_0x571ac76309a0;
    %pushi/vec4 100, 0, 36;
    %store/vec4 v0x571ac76c6660_0, 0, 36;
    %pushi/vec4 4294967289, 0, 32;
    %concati/vec4 12, 0, 4;
    %store/vec4 v0x571ac76c67e0_0, 0, 36;
    %pushi/vec4 4294967289, 0, 32;
    %concati/vec4 12, 0, 4;
    %store/vec4 v0x571ac76c68b0_0, 0, 36;
    %pushi/vec4 100, 0, 36;
    %store/vec4 v0x571ac76c6980_0, 0, 36;
    %pushi/vec4 6, 0, 4;
    %store/vec4 v0x571ac76c64e0_0, 0, 4;
    %delay 1000, 0;
    %alloc S_0x571ac76c4530;
    %pushi/str "negate x, abs y";
    %store/str v0x571ac76c4dc0_0;
    %load/vec4 v0x571ac76c6000_0;
    %store/vec4 v0x571ac76c49f0_0, 0, 36;
    %pushi/vec4 4294967289, 0, 32;
    %concati/vec4 12, 0, 4;
    %store/vec4 v0x571ac76a1f50_0, 0, 36;
    %load/vec4 v0x571ac76c60e0_0;
    %store/vec4 v0x571ac76c4b20_0, 0, 36;
    %pushi/vec4 100, 0, 36;
    %store/vec4 v0x571ac76c4770_0, 0, 36;
    %load/vec4 v0x571ac76c61b0_0;
    %store/vec4 v0x571ac76c4c00_0, 0, 36;
    %pushi/vec4 100, 0, 36;
    %store/vec4 v0x571ac76c4850_0, 0, 36;
    %load/vec4 v0x571ac76c62b0_0;
    %store/vec4 v0x571ac76c4ce0_0, 0, 36;
    %pushi/vec4 100, 0, 36;
    %store/vec4 v0x571ac76c4910_0, 0, 36;
    %fork TD_tb_sum_alter.check, S_0x571ac76c4530;
    %join;
    %free S_0x571ac76c4530;
    %alloc S_0x571ac76309a0;
    %pushi/str "ABS(X)+NEG(X) \342\200\224 encoding=4'b1010 (always negative x)";
    %store/str v0x571ac7623320_0;
    %fork TD_tb_sum_alter.begin_section, S_0x571ac76309a0;
    %join;
    %free S_0x571ac76309a0;
    %pushi/vec4 100, 0, 36;
    %store/vec4 v0x571ac76c6660_0, 0, 36;
    %pushi/vec4 4294967289, 0, 32;
    %concati/vec4 12, 0, 4;
    %store/vec4 v0x571ac76c67e0_0, 0, 36;
    %pushi/vec4 0, 0, 36;
    %store/vec4 v0x571ac76c68b0_0, 0, 36;
    %pushi/vec4 0, 0, 36;
    %store/vec4 v0x571ac76c6980_0, 0, 36;
    %pushi/vec4 10, 0, 4;
    %store/vec4 v0x571ac76c64e0_0, 0, 4;
    %delay 1000, 0;
    %alloc S_0x571ac76c4530;
    %pushi/str "pos and neg x \342\206\222 both forced negative";
    %store/str v0x571ac76c4dc0_0;
    %load/vec4 v0x571ac76c6000_0;
    %store/vec4 v0x571ac76c49f0_0, 0, 36;
    %pushi/vec4 4294967289, 0, 32;
    %concati/vec4 12, 0, 4;
    %store/vec4 v0x571ac76a1f50_0, 0, 36;
    %load/vec4 v0x571ac76c60e0_0;
    %store/vec4 v0x571ac76c4b20_0, 0, 36;
    %pushi/vec4 4294967289, 0, 32;
    %concati/vec4 12, 0, 4;
    %store/vec4 v0x571ac76c4770_0, 0, 36;
    %load/vec4 v0x571ac76c61b0_0;
    %store/vec4 v0x571ac76c4c00_0, 0, 36;
    %pushi/vec4 0, 0, 36;
    %store/vec4 v0x571ac76c4850_0, 0, 36;
    %load/vec4 v0x571ac76c62b0_0;
    %store/vec4 v0x571ac76c4ce0_0, 0, 36;
    %pushi/vec4 0, 0, 36;
    %store/vec4 v0x571ac76c4910_0, 0, 36;
    %fork TD_tb_sum_alter.check, S_0x571ac76c4530;
    %join;
    %free S_0x571ac76c4530;
    %pushi/vec4 0, 0, 36;
    %store/vec4 v0x571ac76c6660_0, 0, 36;
    %pushi/vec4 0, 0, 36;
    %store/vec4 v0x571ac76c67e0_0, 0, 36;
    %pushi/vec4 100, 0, 36;
    %store/vec4 v0x571ac76c68b0_0, 0, 36;
    %pushi/vec4 4294967289, 0, 32;
    %concati/vec4 12, 0, 4;
    %store/vec4 v0x571ac76c6980_0, 0, 36;
    %pushi/vec4 10, 0, 4;
    %store/vec4 v0x571ac76c64e0_0, 0, 4;
    %delay 1000, 0;
    %alloc S_0x571ac76c4530;
    %pushi/str "x=0 \342\206\222 abs then negate still 0";
    %store/str v0x571ac76c4dc0_0;
    %load/vec4 v0x571ac76c6000_0;
    %store/vec4 v0x571ac76c49f0_0, 0, 36;
    %pushi/vec4 0, 0, 36;
    %store/vec4 v0x571ac76a1f50_0, 0, 36;
    %load/vec4 v0x571ac76c60e0_0;
    %store/vec4 v0x571ac76c4b20_0, 0, 36;
    %pushi/vec4 0, 0, 36;
    %store/vec4 v0x571ac76c4770_0, 0, 36;
    %load/vec4 v0x571ac76c61b0_0;
    %store/vec4 v0x571ac76c4c00_0, 0, 36;
    %pushi/vec4 100, 0, 36;
    %store/vec4 v0x571ac76c4850_0, 0, 36;
    %load/vec4 v0x571ac76c62b0_0;
    %store/vec4 v0x571ac76c4ce0_0, 0, 36;
    %pushi/vec4 4294967289, 0, 32;
    %concati/vec4 12, 0, 4;
    %store/vec4 v0x571ac76c4910_0, 0, 36;
    %fork TD_tb_sum_alter.check, S_0x571ac76c4530;
    %join;
    %free S_0x571ac76c4530;
    %pushi/vec4 1000000, 0, 36;
    %store/vec4 v0x571ac76c6660_0, 0, 36;
    %pushi/vec4 4294904796, 0, 32;
    %concati/vec4 0, 0, 4;
    %store/vec4 v0x571ac76c67e0_0, 0, 36;
    %pushi/vec4 0, 0, 36;
    %store/vec4 v0x571ac76c68b0_0, 0, 36;
    %pushi/vec4 0, 0, 36;
    %store/vec4 v0x571ac76c6980_0, 0, 36;
    %pushi/vec4 10, 0, 4;
    %store/vec4 v0x571ac76c64e0_0, 0, 4;
    %delay 1000, 0;
    %alloc S_0x571ac76c4530;
    %pushi/str "large values forced negative";
    %store/str v0x571ac76c4dc0_0;
    %load/vec4 v0x571ac76c6000_0;
    %store/vec4 v0x571ac76c49f0_0, 0, 36;
    %pushi/vec4 4294904796, 0, 32;
    %concati/vec4 0, 0, 4;
    %store/vec4 v0x571ac76a1f50_0, 0, 36;
    %load/vec4 v0x571ac76c60e0_0;
    %store/vec4 v0x571ac76c4b20_0, 0, 36;
    %pushi/vec4 4294904796, 0, 32;
    %concati/vec4 0, 0, 4;
    %store/vec4 v0x571ac76c4770_0, 0, 36;
    %load/vec4 v0x571ac76c61b0_0;
    %store/vec4 v0x571ac76c4c00_0, 0, 36;
    %pushi/vec4 0, 0, 36;
    %store/vec4 v0x571ac76c4850_0, 0, 36;
    %load/vec4 v0x571ac76c62b0_0;
    %store/vec4 v0x571ac76c4ce0_0, 0, 36;
    %pushi/vec4 0, 0, 36;
    %store/vec4 v0x571ac76c4910_0, 0, 36;
    %fork TD_tb_sum_alter.check, S_0x571ac76c4530;
    %join;
    %free S_0x571ac76c4530;
    %alloc S_0x571ac76309a0;
    %pushi/str "ABS(Y)+NEG(Y) \342\200\224 encoding=4'b0101 (always negative y)";
    %store/str v0x571ac7623320_0;
    %fork TD_tb_sum_alter.begin_section, S_0x571ac76309a0;
    %join;
    %free S_0x571ac76309a0;
    %pushi/vec4 0, 0, 36;
    %store/vec4 v0x571ac76c6660_0, 0, 36;
    %pushi/vec4 0, 0, 36;
    %store/vec4 v0x571ac76c67e0_0, 0, 36;
    %pushi/vec4 100, 0, 36;
    %store/vec4 v0x571ac76c68b0_0, 0, 36;
    %pushi/vec4 4294967289, 0, 32;
    %concati/vec4 12, 0, 4;
    %store/vec4 v0x571ac76c6980_0, 0, 36;
    %pushi/vec4 5, 0, 4;
    %store/vec4 v0x571ac76c64e0_0, 0, 4;
    %delay 1000, 0;
    %alloc S_0x571ac76c4530;
    %pushi/str "pos and neg y \342\206\222 both forced negative";
    %store/str v0x571ac76c4dc0_0;
    %load/vec4 v0x571ac76c6000_0;
    %store/vec4 v0x571ac76c49f0_0, 0, 36;
    %pushi/vec4 0, 0, 36;
    %store/vec4 v0x571ac76a1f50_0, 0, 36;
    %load/vec4 v0x571ac76c60e0_0;
    %store/vec4 v0x571ac76c4b20_0, 0, 36;
    %pushi/vec4 0, 0, 36;
    %store/vec4 v0x571ac76c4770_0, 0, 36;
    %load/vec4 v0x571ac76c61b0_0;
    %store/vec4 v0x571ac76c4c00_0, 0, 36;
    %pushi/vec4 4294967289, 0, 32;
    %concati/vec4 12, 0, 4;
    %store/vec4 v0x571ac76c4850_0, 0, 36;
    %load/vec4 v0x571ac76c62b0_0;
    %store/vec4 v0x571ac76c4ce0_0, 0, 36;
    %pushi/vec4 4294967289, 0, 32;
    %concati/vec4 12, 0, 4;
    %store/vec4 v0x571ac76c4910_0, 0, 36;
    %fork TD_tb_sum_alter.check, S_0x571ac76c4530;
    %join;
    %free S_0x571ac76c4530;
    %pushi/vec4 100, 0, 36;
    %store/vec4 v0x571ac76c6660_0, 0, 36;
    %pushi/vec4 4294967289, 0, 32;
    %concati/vec4 12, 0, 4;
    %store/vec4 v0x571ac76c67e0_0, 0, 36;
    %pushi/vec4 0, 0, 36;
    %store/vec4 v0x571ac76c68b0_0, 0, 36;
    %pushi/vec4 0, 0, 36;
    %store/vec4 v0x571ac76c6980_0, 0, 36;
    %pushi/vec4 5, 0, 4;
    %store/vec4 v0x571ac76c64e0_0, 0, 4;
    %delay 1000, 0;
    %alloc S_0x571ac76c4530;
    %pushi/str "y=0 \342\206\222 abs then negate still 0";
    %store/str v0x571ac76c4dc0_0;
    %load/vec4 v0x571ac76c6000_0;
    %store/vec4 v0x571ac76c49f0_0, 0, 36;
    %pushi/vec4 100, 0, 36;
    %store/vec4 v0x571ac76a1f50_0, 0, 36;
    %load/vec4 v0x571ac76c60e0_0;
    %store/vec4 v0x571ac76c4b20_0, 0, 36;
    %pushi/vec4 4294967289, 0, 32;
    %concati/vec4 12, 0, 4;
    %store/vec4 v0x571ac76c4770_0, 0, 36;
    %load/vec4 v0x571ac76c61b0_0;
    %store/vec4 v0x571ac76c4c00_0, 0, 36;
    %pushi/vec4 0, 0, 36;
    %store/vec4 v0x571ac76c4850_0, 0, 36;
    %load/vec4 v0x571ac76c62b0_0;
    %store/vec4 v0x571ac76c4ce0_0, 0, 36;
    %pushi/vec4 0, 0, 36;
    %store/vec4 v0x571ac76c4910_0, 0, 36;
    %fork TD_tb_sum_alter.check, S_0x571ac76c4530;
    %join;
    %free S_0x571ac76c4530;
    %alloc S_0x571ac76309a0;
    %pushi/str "ALL BITS \342\200\224 encoding=4'b1111 (always negative x and y)";
    %store/str v0x571ac7623320_0;
    %fork TD_tb_sum_alter.begin_section, S_0x571ac76309a0;
    %join;
    %free S_0x571ac76309a0;
    %pushi/vec4 100, 0, 36;
    %store/vec4 v0x571ac76c6660_0, 0, 36;
    %pushi/vec4 4294967289, 0, 32;
    %concati/vec4 12, 0, 4;
    %store/vec4 v0x571ac76c67e0_0, 0, 36;
    %pushi/vec4 4294967289, 0, 32;
    %concati/vec4 12, 0, 4;
    %store/vec4 v0x571ac76c68b0_0, 0, 36;
    %pushi/vec4 100, 0, 36;
    %store/vec4 v0x571ac76c6980_0, 0, 36;
    %pushi/vec4 15, 0, 4;
    %store/vec4 v0x571ac76c64e0_0, 0, 4;
    %delay 1000, 0;
    %alloc S_0x571ac76c4530;
    %pushi/str "mixed inputs \342\206\222 all forced negative";
    %store/str v0x571ac76c4dc0_0;
    %load/vec4 v0x571ac76c6000_0;
    %store/vec4 v0x571ac76c49f0_0, 0, 36;
    %pushi/vec4 4294967289, 0, 32;
    %concati/vec4 12, 0, 4;
    %store/vec4 v0x571ac76a1f50_0, 0, 36;
    %load/vec4 v0x571ac76c60e0_0;
    %store/vec4 v0x571ac76c4b20_0, 0, 36;
    %pushi/vec4 4294967289, 0, 32;
    %concati/vec4 12, 0, 4;
    %store/vec4 v0x571ac76c4770_0, 0, 36;
    %load/vec4 v0x571ac76c61b0_0;
    %store/vec4 v0x571ac76c4c00_0, 0, 36;
    %pushi/vec4 4294967289, 0, 32;
    %concati/vec4 12, 0, 4;
    %store/vec4 v0x571ac76c4850_0, 0, 36;
    %load/vec4 v0x571ac76c62b0_0;
    %store/vec4 v0x571ac76c4ce0_0, 0, 36;
    %pushi/vec4 4294967289, 0, 32;
    %concati/vec4 12, 0, 4;
    %store/vec4 v0x571ac76c4910_0, 0, 36;
    %fork TD_tb_sum_alter.check, S_0x571ac76c4530;
    %join;
    %free S_0x571ac76c4530;
    %pushi/vec4 0, 0, 36;
    %store/vec4 v0x571ac76c6660_0, 0, 36;
    %pushi/vec4 0, 0, 36;
    %store/vec4 v0x571ac76c67e0_0, 0, 36;
    %pushi/vec4 0, 0, 36;
    %store/vec4 v0x571ac76c68b0_0, 0, 36;
    %pushi/vec4 0, 0, 36;
    %store/vec4 v0x571ac76c6980_0, 0, 36;
    %pushi/vec4 15, 0, 4;
    %store/vec4 v0x571ac76c64e0_0, 0, 4;
    %delay 1000, 0;
    %alloc S_0x571ac76c4530;
    %pushi/str "all zeros \342\206\222 all zeros";
    %store/str v0x571ac76c4dc0_0;
    %load/vec4 v0x571ac76c6000_0;
    %store/vec4 v0x571ac76c49f0_0, 0, 36;
    %pushi/vec4 0, 0, 36;
    %store/vec4 v0x571ac76a1f50_0, 0, 36;
    %load/vec4 v0x571ac76c60e0_0;
    %store/vec4 v0x571ac76c4b20_0, 0, 36;
    %pushi/vec4 0, 0, 36;
    %store/vec4 v0x571ac76c4770_0, 0, 36;
    %load/vec4 v0x571ac76c61b0_0;
    %store/vec4 v0x571ac76c4c00_0, 0, 36;
    %pushi/vec4 0, 0, 36;
    %store/vec4 v0x571ac76c4850_0, 0, 36;
    %load/vec4 v0x571ac76c62b0_0;
    %store/vec4 v0x571ac76c4ce0_0, 0, 36;
    %pushi/vec4 0, 0, 36;
    %store/vec4 v0x571ac76c4910_0, 0, 36;
    %fork TD_tb_sum_alter.check, S_0x571ac76c4530;
    %join;
    %free S_0x571ac76c4530;
    %pushi/vec4 1000000, 0, 36;
    %store/vec4 v0x571ac76c6660_0, 0, 36;
    %pushi/vec4 4294904796, 0, 32;
    %concati/vec4 0, 0, 4;
    %store/vec4 v0x571ac76c67e0_0, 0, 36;
    %pushi/vec4 1000000, 0, 36;
    %store/vec4 v0x571ac76c68b0_0, 0, 36;
    %pushi/vec4 4294904796, 0, 32;
    %concati/vec4 0, 0, 4;
    %store/vec4 v0x571ac76c6980_0, 0, 36;
    %pushi/vec4 15, 0, 4;
    %store/vec4 v0x571ac76c64e0_0, 0, 4;
    %delay 1000, 0;
    %alloc S_0x571ac76c4530;
    %pushi/str "large values all forced negative";
    %store/str v0x571ac76c4dc0_0;
    %load/vec4 v0x571ac76c6000_0;
    %store/vec4 v0x571ac76c49f0_0, 0, 36;
    %pushi/vec4 4294904796, 0, 32;
    %concati/vec4 0, 0, 4;
    %store/vec4 v0x571ac76a1f50_0, 0, 36;
    %load/vec4 v0x571ac76c60e0_0;
    %store/vec4 v0x571ac76c4b20_0, 0, 36;
    %pushi/vec4 4294904796, 0, 32;
    %concati/vec4 0, 0, 4;
    %store/vec4 v0x571ac76c4770_0, 0, 36;
    %load/vec4 v0x571ac76c61b0_0;
    %store/vec4 v0x571ac76c4c00_0, 0, 36;
    %pushi/vec4 4294904796, 0, 32;
    %concati/vec4 0, 0, 4;
    %store/vec4 v0x571ac76c4850_0, 0, 36;
    %load/vec4 v0x571ac76c62b0_0;
    %store/vec4 v0x571ac76c4ce0_0, 0, 36;
    %pushi/vec4 4294904796, 0, 32;
    %concati/vec4 0, 0, 4;
    %store/vec4 v0x571ac76c4910_0, 0, 36;
    %fork TD_tb_sum_alter.check, S_0x571ac76c4530;
    %join;
    %free S_0x571ac76c4530;
    %pushi/vec4 1, 0, 36;
    %store/vec4 v0x571ac76c6660_0, 0, 36;
    %pushi/vec4 4294967295, 0, 32;
    %concati/vec4 15, 0, 4;
    %store/vec4 v0x571ac76c67e0_0, 0, 36;
    %pushi/vec4 1, 0, 36;
    %store/vec4 v0x571ac76c68b0_0, 0, 36;
    %pushi/vec4 4294967295, 0, 32;
    %concati/vec4 15, 0, 4;
    %store/vec4 v0x571ac76c6980_0, 0, 36;
    %pushi/vec4 15, 0, 4;
    %store/vec4 v0x571ac76c64e0_0, 0, 4;
    %delay 1000, 0;
    %alloc S_0x571ac76c4530;
    %pushi/str "unit values all forced negative";
    %store/str v0x571ac76c4dc0_0;
    %load/vec4 v0x571ac76c6000_0;
    %store/vec4 v0x571ac76c49f0_0, 0, 36;
    %pushi/vec4 4294967295, 0, 32;
    %concati/vec4 15, 0, 4;
    %store/vec4 v0x571ac76a1f50_0, 0, 36;
    %load/vec4 v0x571ac76c60e0_0;
    %store/vec4 v0x571ac76c4b20_0, 0, 36;
    %pushi/vec4 4294967295, 0, 32;
    %concati/vec4 15, 0, 4;
    %store/vec4 v0x571ac76c4770_0, 0, 36;
    %load/vec4 v0x571ac76c61b0_0;
    %store/vec4 v0x571ac76c4c00_0, 0, 36;
    %pushi/vec4 4294967295, 0, 32;
    %concati/vec4 15, 0, 4;
    %store/vec4 v0x571ac76c4850_0, 0, 36;
    %load/vec4 v0x571ac76c62b0_0;
    %store/vec4 v0x571ac76c4ce0_0, 0, 36;
    %pushi/vec4 4294967295, 0, 32;
    %concati/vec4 15, 0, 4;
    %store/vec4 v0x571ac76c4910_0, 0, 36;
    %fork TD_tb_sum_alter.check, S_0x571ac76c4530;
    %join;
    %free S_0x571ac76c4530;
    %alloc S_0x571ac76309a0;
    %pushi/str "BOUNDARY VALUES";
    %store/str v0x571ac7623320_0;
    %fork TD_tb_sum_alter.begin_section, S_0x571ac76309a0;
    %join;
    %free S_0x571ac76309a0;
    %pushi/vec4 4294967295, 0, 33;
    %concati/vec4 7, 0, 3;
    %store/vec4 v0x571ac76c6660_0, 0, 36;
    %pushi/vec4 4294967295, 0, 33;
    %concati/vec4 7, 0, 3;
    %store/vec4 v0x571ac76c67e0_0, 0, 36;
    %pushi/vec4 4294967295, 0, 33;
    %concati/vec4 7, 0, 3;
    %store/vec4 v0x571ac76c68b0_0, 0, 36;
    %pushi/vec4 4294967295, 0, 33;
    %concati/vec4 7, 0, 3;
    %store/vec4 v0x571ac76c6980_0, 0, 36;
    %pushi/vec4 8, 0, 4;
    %store/vec4 v0x571ac76c64e0_0, 0, 4;
    %delay 1000, 0;
    %alloc S_0x571ac76c4530;
    %pushi/str "abs(x) on max positive \342\206\222 unchanged";
    %store/str v0x571ac76c4dc0_0;
    %load/vec4 v0x571ac76c6000_0;
    %store/vec4 v0x571ac76c49f0_0, 0, 36;
    %pushi/vec4 4294967295, 0, 33;
    %concati/vec4 7, 0, 3;
    %store/vec4 v0x571ac76a1f50_0, 0, 36;
    %load/vec4 v0x571ac76c60e0_0;
    %store/vec4 v0x571ac76c4b20_0, 0, 36;
    %pushi/vec4 4294967295, 0, 33;
    %concati/vec4 7, 0, 3;
    %store/vec4 v0x571ac76c4770_0, 0, 36;
    %load/vec4 v0x571ac76c61b0_0;
    %store/vec4 v0x571ac76c4c00_0, 0, 36;
    %pushi/vec4 4294967295, 0, 33;
    %concati/vec4 7, 0, 3;
    %store/vec4 v0x571ac76c4850_0, 0, 36;
    %load/vec4 v0x571ac76c62b0_0;
    %store/vec4 v0x571ac76c4ce0_0, 0, 36;
    %pushi/vec4 4294967295, 0, 33;
    %concati/vec4 7, 0, 3;
    %store/vec4 v0x571ac76c4910_0, 0, 36;
    %fork TD_tb_sum_alter.check, S_0x571ac76c4530;
    %join;
    %free S_0x571ac76c4530;
    %pushi/vec4 1, 0, 36;
    %store/vec4 v0x571ac76c6660_0, 0, 36;
    %pushi/vec4 4294967295, 0, 32;
    %concati/vec4 15, 0, 4;
    %store/vec4 v0x571ac76c67e0_0, 0, 36;
    %pushi/vec4 1, 0, 36;
    %store/vec4 v0x571ac76c68b0_0, 0, 36;
    %pushi/vec4 4294967295, 0, 32;
    %concati/vec4 15, 0, 4;
    %store/vec4 v0x571ac76c6980_0, 0, 36;
    %pushi/vec4 12, 0, 4;
    %store/vec4 v0x571ac76c64e0_0, 0, 4;
    %delay 1000, 0;
    %alloc S_0x571ac76c4530;
    %pushi/str "abs on unit values";
    %store/str v0x571ac76c4dc0_0;
    %load/vec4 v0x571ac76c6000_0;
    %store/vec4 v0x571ac76c49f0_0, 0, 36;
    %pushi/vec4 1, 0, 36;
    %store/vec4 v0x571ac76a1f50_0, 0, 36;
    %load/vec4 v0x571ac76c60e0_0;
    %store/vec4 v0x571ac76c4b20_0, 0, 36;
    %pushi/vec4 1, 0, 36;
    %store/vec4 v0x571ac76c4770_0, 0, 36;
    %load/vec4 v0x571ac76c61b0_0;
    %store/vec4 v0x571ac76c4c00_0, 0, 36;
    %pushi/vec4 1, 0, 36;
    %store/vec4 v0x571ac76c4850_0, 0, 36;
    %load/vec4 v0x571ac76c62b0_0;
    %store/vec4 v0x571ac76c4ce0_0, 0, 36;
    %pushi/vec4 1, 0, 36;
    %store/vec4 v0x571ac76c4910_0, 0, 36;
    %fork TD_tb_sum_alter.check, S_0x571ac76c4530;
    %join;
    %free S_0x571ac76c4530;
    %pushi/vec4 4294967295, 0, 32;
    %concati/vec4 15, 0, 4;
    %store/vec4 v0x571ac76c6660_0, 0, 36;
    %pushi/vec4 4294967295, 0, 32;
    %concati/vec4 15, 0, 4;
    %store/vec4 v0x571ac76c67e0_0, 0, 36;
    %pushi/vec4 4294967295, 0, 32;
    %concati/vec4 15, 0, 4;
    %store/vec4 v0x571ac76c68b0_0, 0, 36;
    %pushi/vec4 4294967295, 0, 32;
    %concati/vec4 15, 0, 4;
    %store/vec4 v0x571ac76c6980_0, 0, 36;
    %pushi/vec4 3, 0, 4;
    %store/vec4 v0x571ac76c64e0_0, 0, 4;
    %delay 1000, 0;
    %alloc S_0x571ac76c4530;
    %pushi/str "negate -1 \342\206\222 +1";
    %store/str v0x571ac76c4dc0_0;
    %load/vec4 v0x571ac76c6000_0;
    %store/vec4 v0x571ac76c49f0_0, 0, 36;
    %pushi/vec4 1, 0, 36;
    %store/vec4 v0x571ac76a1f50_0, 0, 36;
    %load/vec4 v0x571ac76c60e0_0;
    %store/vec4 v0x571ac76c4b20_0, 0, 36;
    %pushi/vec4 1, 0, 36;
    %store/vec4 v0x571ac76c4770_0, 0, 36;
    %load/vec4 v0x571ac76c61b0_0;
    %store/vec4 v0x571ac76c4c00_0, 0, 36;
    %pushi/vec4 1, 0, 36;
    %store/vec4 v0x571ac76c4850_0, 0, 36;
    %load/vec4 v0x571ac76c62b0_0;
    %store/vec4 v0x571ac76c4ce0_0, 0, 36;
    %pushi/vec4 1, 0, 36;
    %store/vec4 v0x571ac76c4910_0, 0, 36;
    %fork TD_tb_sum_alter.check, S_0x571ac76c4530;
    %join;
    %free S_0x571ac76c4530;
    %pushi/vec4 1, 0, 36;
    %store/vec4 v0x571ac76c6660_0, 0, 36;
    %pushi/vec4 1, 0, 36;
    %store/vec4 v0x571ac76c67e0_0, 0, 36;
    %pushi/vec4 1, 0, 36;
    %store/vec4 v0x571ac76c68b0_0, 0, 36;
    %pushi/vec4 1, 0, 36;
    %store/vec4 v0x571ac76c6980_0, 0, 36;
    %pushi/vec4 3, 0, 4;
    %store/vec4 v0x571ac76c64e0_0, 0, 4;
    %delay 1000, 0;
    %alloc S_0x571ac76c4530;
    %pushi/str "negate +1 \342\206\222 -1";
    %store/str v0x571ac76c4dc0_0;
    %load/vec4 v0x571ac76c6000_0;
    %store/vec4 v0x571ac76c49f0_0, 0, 36;
    %pushi/vec4 4294967295, 0, 32;
    %concati/vec4 15, 0, 4;
    %store/vec4 v0x571ac76a1f50_0, 0, 36;
    %load/vec4 v0x571ac76c60e0_0;
    %store/vec4 v0x571ac76c4b20_0, 0, 36;
    %pushi/vec4 4294967295, 0, 32;
    %concati/vec4 15, 0, 4;
    %store/vec4 v0x571ac76c4770_0, 0, 36;
    %load/vec4 v0x571ac76c61b0_0;
    %store/vec4 v0x571ac76c4c00_0, 0, 36;
    %pushi/vec4 4294967295, 0, 32;
    %concati/vec4 15, 0, 4;
    %store/vec4 v0x571ac76c4850_0, 0, 36;
    %load/vec4 v0x571ac76c62b0_0;
    %store/vec4 v0x571ac76c4ce0_0, 0, 36;
    %pushi/vec4 4294967295, 0, 32;
    %concati/vec4 15, 0, 4;
    %store/vec4 v0x571ac76c4910_0, 0, 36;
    %fork TD_tb_sum_alter.check, S_0x571ac76c4530;
    %join;
    %free S_0x571ac76c4530;
    %vpi_call/w 3 417 "$display", "\000" {0 0 0};
    %vpi_call/w 3 418 "$display", "\342\225\220\342\225\220\342\225\220\342\225\220\342\225\220\342\225\220\342\225\220\342\225\220\342\225\220\342\225\220\342\225\220\342\225\220\342\225\220\342\225\220\342\225\220\342\225\220\342\225\220\342\225\220\342\225\220\342\225\220\342\225\220\342\225\220\342\225\220\342\225\220\342\225\220\342\225\220\342\225\220\342\225\220\342\225\220\342\225\220\342\225\220\342\225\220\342\225\220\342\225\220\342\225\220\342\225\220\342\225\220\342\225\220\342\225\220\342\225\220\342\225\220\342\225\220\342\225\220\342\225\220\342\225\220\342\225\220\342\225\220\342\225\220\342\225\220\342\225\220\342\225\220\342\225\220" {0 0 0};
    %vpi_call/w 3 419 "$display", "  Results: %0d passed, %0d failed", v0x571ac76c65a0_0, v0x571ac76c6420_0 {0 0 0};
    %vpi_call/w 3 420 "$display", "\342\225\220\342\225\220\342\225\220\342\225\220\342\225\220\342\225\220\342\225\220\342\225\220\342\225\220\342\225\220\342\225\220\342\225\220\342\225\220\342\225\220\342\225\220\342\225\220\342\225\220\342\225\220\342\225\220\342\225\220\342\225\220\342\225\220\342\225\220\342\225\220\342\225\220\342\225\220\342\225\220\342\225\220\342\225\220\342\225\220\342\225\220\342\225\220\342\225\220\342\225\220\342\225\220\342\225\220\342\225\220\342\225\220\342\225\220\342\225\220\342\225\220\342\225\220\342\225\220\342\225\220\342\225\220\342\225\220\342\225\220\342\225\220\342\225\220\342\225\220\342\225\220\342\225\220" {0 0 0};
    %load/vec4 v0x571ac76c6420_0;
    %cmpi/e 0, 0, 32;
    %jmp/0xz  T_5.0, 4;
    %vpi_call/w 3 422 "$display", "  ALL TESTS PASSED" {0 0 0};
    %jmp T_5.1;
T_5.0 ;
    %vpi_call/w 3 424 "$display", "  SOME TESTS FAILED" {0 0 0};
T_5.1 ;
    %vpi_call/w 3 425 "$display", "\000" {0 0 0};
    %vpi_call/w 3 426 "$finish" {0 0 0};
    %end;
    .thread T_5;
# The file index is used to find the file name in the following table.
:file_names 5;
    "N/A";
    "<interactive>";
    "-";
    "tb/worker_core/tb_sum_alter.sv";
    "hdl/worker_core/sum_alter.sv";
