#! /usr/bin/vvp
:ivl_version "12.0 (stable)";
:ivl_delay_selection "TYPICAL";
:vpi_time_precision - 12;
:vpi_module "/usr/lib/x86_64-linux-gnu/ivl/system.vpi";
:vpi_module "/usr/lib/x86_64-linux-gnu/ivl/vhdl_sys.vpi";
:vpi_module "/usr/lib/x86_64-linux-gnu/ivl/vhdl_textio.vpi";
:vpi_module "/usr/lib/x86_64-linux-gnu/ivl/v2005_math.vpi";
:vpi_module "/usr/lib/x86_64-linux-gnu/ivl/va_math.vpi";
:vpi_module "/usr/lib/x86_64-linux-gnu/ivl/v2009.vpi";
S_0x5d00b4b9c130 .scope package, "$unit" "$unit" 2 1;
 .timescale 0 0;
S_0x5d00b4b9c560 .scope module, "comparator" "comparator" 3 4;
 .timescale 0 0;
    .port_info 0 /INPUT 1 "clk";
    .port_info 1 /INPUT 1 "rst";
    .port_info 2 /INPUT 1 "sched_reset";
    .port_info 3 /INPUT 9 "top_left_x";
    .port_info 4 /INPUT 9 "top_left_y";
    .port_info 5 /INPUT 9 "quad_size";
    .port_info 6 /INPUT 11 "expected_count";
    .port_info 7 /INPUT 1 "comp_valid";
    .port_info 8 /INPUT 22 "comp_data";
    .port_info 9 /OUTPUT 1 "comp_pop";
    .port_info 10 /OUTPUT 1 "differ";
    .port_info 11 /OUTPUT 1 "complete";
L_0x5d00b4b8fd10 .functor AND 1, L_0x5d00b4be47c0, L_0x5d00b4be49d0, C4<1>, C4<1>;
L_0x5d00b4b9f700 .functor AND 1, L_0x5d00b4b8fd10, L_0x5d00b4be4ba0, C4<1>, C4<1>;
L_0x5d00b4b8fa80 .functor AND 1, L_0x5d00b4b9f700, L_0x5d00b4be4ec0, C4<1>, C4<1>;
o0x7bd44719f228 .functor BUFZ 1, C4<z>; HiZ drive
L_0x5d00b4b51030 .functor BUFZ 1, o0x7bd44719f228, C4<0>, C4<0>, C4<0>;
v0x5d00b4b90200_0 .net *"_ivl_10", 0 0, L_0x5d00b4be49d0;  1 drivers
v0x5d00b4b9f860_0 .net *"_ivl_13", 0 0, L_0x5d00b4b8fd10;  1 drivers
v0x5d00b4b9f900_0 .net *"_ivl_14", 0 0, L_0x5d00b4be4ba0;  1 drivers
v0x5d00b4b8fba0_0 .net *"_ivl_17", 0 0, L_0x5d00b4b9f700;  1 drivers
v0x5d00b4bda250_0 .net *"_ivl_18", 8 0, L_0x5d00b4be4d30;  1 drivers
v0x5d00b4bda330_0 .net *"_ivl_20", 0 0, L_0x5d00b4be4ec0;  1 drivers
v0x5d00b4bda3f0_0 .net *"_ivl_6", 0 0, L_0x5d00b4be47c0;  1 drivers
v0x5d00b4bda4b0_0 .net *"_ivl_8", 8 0, L_0x5d00b4be48e0;  1 drivers
o0x7bd44719f198 .functor BUFZ 1, C4<z>; HiZ drive
v0x5d00b4bda590_0 .net "clk", 0 0, o0x7bd44719f198;  0 drivers
o0x7bd44719f1c8 .functor BUFZ 22, C4<zzzzzzzzzzzzzzzzzzzzzz>; HiZ drive
v0x5d00b4bda650_0 .net "comp_data", 21 0, o0x7bd44719f1c8;  0 drivers
v0x5d00b4bda730_0 .net "comp_pop", 0 0, L_0x5d00b4b51030;  1 drivers
v0x5d00b4bda7f0_0 .net "comp_valid", 0 0, o0x7bd44719f228;  0 drivers
v0x5d00b4bda8b0_0 .var "complete", 0 0;
v0x5d00b4bda970_0 .var "differ", 0 0;
v0x5d00b4bdaa30_0 .net "entry_colour", 3 0, L_0x5d00b4be4720;  1 drivers
v0x5d00b4bdab10_0 .net "entry_x", 8 0, L_0x5d00b4be45e0;  1 drivers
v0x5d00b4bdabf0_0 .net "entry_y", 8 0, L_0x5d00b4be4680;  1 drivers
o0x7bd44719f348 .functor BUFZ 11, C4<zzzzzzzzzzz>; HiZ drive
v0x5d00b4bdacd0_0 .net "expected_count", 10 0, o0x7bd44719f348;  0 drivers
v0x5d00b4bdadb0_0 .net "in_bounds", 0 0, L_0x5d00b4b8fa80;  1 drivers
o0x7bd44719f3a8 .functor BUFZ 9, C4<zzzzzzzzz>; HiZ drive
v0x5d00b4bdae70_0 .net "quad_size", 8 0, o0x7bd44719f3a8;  0 drivers
v0x5d00b4bdaf50_0 .var "ref_colour", 3 0;
v0x5d00b4bdb030_0 .var "ref_valid", 0 0;
o0x7bd44719f438 .functor BUFZ 1, C4<z>; HiZ drive
v0x5d00b4bdb0f0_0 .net "rst", 0 0, o0x7bd44719f438;  0 drivers
o0x7bd44719f468 .functor BUFZ 1, C4<z>; HiZ drive
v0x5d00b4bdb1b0_0 .net "sched_reset", 0 0, o0x7bd44719f468;  0 drivers
v0x5d00b4bdb270_0 .var "seen_count", 10 0;
o0x7bd44719f4c8 .functor BUFZ 9, C4<zzzzzzzzz>; HiZ drive
v0x5d00b4bdb350_0 .net "top_left_x", 8 0, o0x7bd44719f4c8;  0 drivers
o0x7bd44719f4f8 .functor BUFZ 9, C4<zzzzzzzzz>; HiZ drive
v0x5d00b4bdb430_0 .net "top_left_y", 8 0, o0x7bd44719f4f8;  0 drivers
E_0x5d00b4b50d30 .event posedge, v0x5d00b4bda590_0;
L_0x5d00b4be45e0 .part o0x7bd44719f1c8, 0, 9;
L_0x5d00b4be4680 .part o0x7bd44719f1c8, 9, 9;
L_0x5d00b4be4720 .part o0x7bd44719f1c8, 18, 4;
L_0x5d00b4be47c0 .cmp/ge 9, L_0x5d00b4be45e0, o0x7bd44719f4c8;
L_0x5d00b4be48e0 .arith/sum 9, o0x7bd44719f4c8, o0x7bd44719f3a8;
L_0x5d00b4be49d0 .cmp/gt 9, L_0x5d00b4be48e0, L_0x5d00b4be45e0;
L_0x5d00b4be4ba0 .cmp/ge 9, L_0x5d00b4be4680, o0x7bd44719f4f8;
L_0x5d00b4be4d30 .arith/sum 9, o0x7bd44719f4f8, o0x7bd44719f3a8;
L_0x5d00b4be4ec0 .cmp/gt 9, L_0x5d00b4be4d30, L_0x5d00b4be4680;
S_0x5d00b4b9aca0 .scope module, "complete_queue_handler" "complete_queue_handler" 4 5;
 .timescale 0 0;
    .port_info 0 /INPUT 1 "clk";
    .port_info 1 /INPUT 1 "rst";
    .port_info 2 /INPUT 1 "done";
    .port_info 3 /INPUT 9 "iter_x";
    .port_info 4 /INPUT 9 "iter_y";
    .port_info 5 /INPUT 4 "iter_colour";
    .port_info 6 /INPUT 1 "comp_pop";
    .port_info 7 /OUTPUT 1 "comp_valid";
    .port_info 8 /OUTPUT 22 "comp_data";
    .port_info 9 /OUTPUT 1 "full_err";
o0x7bd44719fe28 .functor BUFZ 1, C4<z>; HiZ drive
L_0x5d00b4be56f0 .functor AND 1, o0x7bd44719fe28, L_0x5d00b4be5620, C4<1>, C4<1>;
L_0x5d00b4be5790 .functor AND 1, o0x7bd44719fe28, L_0x5d00b4be5050, C4<1>, C4<1>;
v0x5d00b4bdd400_0 .net *"_ivl_3", 0 0, L_0x5d00b4be5620;  1 drivers
o0x7bd44719f858 .functor BUFZ 1, C4<z>; HiZ drive
v0x5d00b4bdd4e0_0 .net "clk", 0 0, o0x7bd44719f858;  0 drivers
v0x5d00b4bdd5a0_0 .net "comp_data", 21 0, L_0x5d00b4be5460;  1 drivers
o0x7bd44719f9d8 .functor BUFZ 1, C4<z>; HiZ drive
v0x5d00b4bdd690_0 .net "comp_pop", 0 0, o0x7bd44719f9d8;  0 drivers
v0x5d00b4bdd780_0 .net "comp_valid", 0 0, L_0x5d00b4be5850;  1 drivers
v0x5d00b4bdd870_0 .net "done", 0 0, o0x7bd44719fe28;  0 drivers
v0x5d00b4bdd930_0 .net "full_err", 0 0, L_0x5d00b4be5790;  1 drivers
o0x7bd44719fe88 .functor BUFZ 4, C4<zzzz>; HiZ drive
v0x5d00b4bdd9f0_0 .net "iter_colour", 3 0, o0x7bd44719fe88;  0 drivers
o0x7bd44719feb8 .functor BUFZ 9, C4<zzzzzzzzz>; HiZ drive
v0x5d00b4bddad0_0 .net "iter_x", 8 0, o0x7bd44719feb8;  0 drivers
o0x7bd44719fee8 .functor BUFZ 9, C4<zzzzzzzzz>; HiZ drive
v0x5d00b4bddbb0_0 .net "iter_y", 8 0, o0x7bd44719fee8;  0 drivers
v0x5d00b4bddc90_0 .net "q_data_in", 21 0, L_0x5d00b4be5520;  1 drivers
v0x5d00b4bddd50_0 .net "q_empty", 0 0, L_0x5d00b4be5140;  1 drivers
v0x5d00b4bdde40_0 .net "q_full", 0 0, L_0x5d00b4be5050;  1 drivers
v0x5d00b4bddf30_0 .net "q_push", 0 0, L_0x5d00b4be56f0;  1 drivers
o0x7bd44719fa38 .functor BUFZ 1, C4<z>; HiZ drive
v0x5d00b4bde020_0 .net "rst", 0 0, o0x7bd44719fa38;  0 drivers
L_0x5d00b4be5520 .concat [ 9 9 4 0], o0x7bd44719feb8, o0x7bd44719fee8, o0x7bd44719fe88;
L_0x5d00b4be5620 .reduce/nor L_0x5d00b4be5050;
L_0x5d00b4be5850 .reduce/nor L_0x5d00b4be5140;
S_0x5d00b4bdb690 .scope module, "u_complete_queue" "complete_queue" 4 28, 5 3 0, S_0x5d00b4b9aca0;
 .timescale 0 0;
    .port_info 0 /INPUT 1 "clk";
    .port_info 1 /INPUT 1 "rst";
    .port_info 2 /INPUT 1 "push";
    .port_info 3 /INPUT 22 "data_in";
    .port_info 4 /INPUT 1 "pop";
    .port_info 5 /OUTPUT 22 "data_out";
    .port_info 6 /OUTPUT 1 "full";
    .port_info 7 /OUTPUT 1 "empty";
v0x5d00b4bdce70_0 .net "clk", 0 0, o0x7bd44719f858;  alias, 0 drivers
v0x5d00b4bdcf30_0 .net "data_in", 21 0, L_0x5d00b4be5520;  alias, 1 drivers
v0x5d00b4bdcfd0_0 .net "data_out", 21 0, L_0x5d00b4be5460;  alias, 1 drivers
v0x5d00b4bdd070_0 .net "empty", 0 0, L_0x5d00b4be5140;  alias, 1 drivers
v0x5d00b4bdd110_0 .net "full", 0 0, L_0x5d00b4be5050;  alias, 1 drivers
v0x5d00b4bdd1b0_0 .net "pop", 0 0, o0x7bd44719f9d8;  alias, 0 drivers
v0x5d00b4bdd250_0 .net "push", 0 0, L_0x5d00b4be56f0;  alias, 1 drivers
v0x5d00b4bdd2f0_0 .net "rst", 0 0, o0x7bd44719fa38;  alias, 0 drivers
S_0x5d00b4bdb910 .scope module, "u_fifo" "fifo" 5 22, 6 4 0, S_0x5d00b4bdb690;
 .timescale 0 0;
    .port_info 0 /INPUT 1 "clk";
    .port_info 1 /INPUT 1 "rst";
    .port_info 2 /INPUT 1 "flush";
    .port_info 3 /INPUT 1 "push";
    .port_info 4 /INPUT 22 "data_in";
    .port_info 5 /INPUT 1 "pop";
    .port_info 6 /OUTPUT 22 "data_out";
    .port_info 7 /OUTPUT 1 "full";
    .port_info 8 /OUTPUT 1 "empty";
P_0x5d00b4bdbb10 .param/l "DATA_WIDTH" 0 6 5, +C4<00000000000000000000000000010110>;
P_0x5d00b4bdbb50 .param/l "DEPTH" 0 6 6, +C4<00000000000000000000000000100000>;
P_0x5d00b4bdbb90 .param/l "PTR_W" 1 6 22, +C4<00000000000000000000000000000101>;
L_0x5d00b4be5460 .functor BUFZ 22, L_0x5d00b4be5280, C4<0000000000000000000000>, C4<0000000000000000000000>, C4<0000000000000000000000>;
L_0x7bd447156018 .functor BUFT 1, C4<100000>, C4<0>, C4<0>, C4<0>;
v0x5d00b4bdbe40_0 .net/2u *"_ivl_0", 5 0, L_0x7bd447156018;  1 drivers
v0x5d00b4bdbf40_0 .net *"_ivl_10", 6 0, L_0x5d00b4be5320;  1 drivers
L_0x7bd4471560a8 .functor BUFT 1, C4<00>, C4<0>, C4<0>, C4<0>;
v0x5d00b4bdc020_0 .net *"_ivl_13", 1 0, L_0x7bd4471560a8;  1 drivers
L_0x7bd447156060 .functor BUFT 1, C4<000000>, C4<0>, C4<0>, C4<0>;
v0x5d00b4bdc0e0_0 .net/2u *"_ivl_4", 5 0, L_0x7bd447156060;  1 drivers
v0x5d00b4bdc1c0_0 .net *"_ivl_8", 21 0, L_0x5d00b4be5280;  1 drivers
v0x5d00b4bdc2f0_0 .net "clk", 0 0, o0x7bd44719f858;  alias, 0 drivers
v0x5d00b4bdc3b0_0 .var "count", 5 0;
v0x5d00b4bdc490_0 .net "data_in", 21 0, L_0x5d00b4be5520;  alias, 1 drivers
v0x5d00b4bdc570_0 .net "data_out", 21 0, L_0x5d00b4be5460;  alias, 1 drivers
v0x5d00b4bdc650_0 .net "empty", 0 0, L_0x5d00b4be5140;  alias, 1 drivers
L_0x7bd4471560f0 .functor BUFT 1, C4<0>, C4<0>, C4<0>, C4<0>;
v0x5d00b4bdc710_0 .net "flush", 0 0, L_0x7bd4471560f0;  1 drivers
v0x5d00b4bdc7d0_0 .net "full", 0 0, L_0x5d00b4be5050;  alias, 1 drivers
v0x5d00b4bdc890_0 .var "head", 4 0;
v0x5d00b4bdc970 .array "mem", 31 0, 21 0;
v0x5d00b4bdca30_0 .net "pop", 0 0, o0x7bd44719f9d8;  alias, 0 drivers
v0x5d00b4bdcaf0_0 .net "push", 0 0, L_0x5d00b4be56f0;  alias, 1 drivers
v0x5d00b4bdcbb0_0 .net "rst", 0 0, o0x7bd44719fa38;  alias, 0 drivers
v0x5d00b4bdcc70_0 .var "tail", 4 0;
E_0x5d00b4b518d0 .event posedge, v0x5d00b4bdc2f0_0;
L_0x5d00b4be5050 .cmp/eq 6, v0x5d00b4bdc3b0_0, L_0x7bd447156018;
L_0x5d00b4be5140 .cmp/eq 6, v0x5d00b4bdc3b0_0, L_0x7bd447156060;
L_0x5d00b4be5280 .array/port v0x5d00b4bdc970, L_0x5d00b4be5320;
L_0x5d00b4be5320 .concat [ 5 2 0 0], v0x5d00b4bdcc70_0, L_0x7bd4471560a8;
S_0x5d00b4b8e940 .scope module, "job_queue_handler" "job_queue_handler" 7 4;
 .timescale 0 0;
    .port_info 0 /INPUT 1 "clk";
    .port_info 1 /INPUT 1 "rst";
    .port_info 2 /INPUT 18 "sched_coord";
    .port_info 3 /INPUT 1 "sched_push";
    .port_info 4 /OUTPUT 1 "sched_stall";
    .port_info 5 /INPUT 1 "flush";
    .port_info 6 /INPUT 1 "wants_job";
    .port_info 7 /OUTPUT 1 "grant";
    .port_info 8 /OUTPUT 18 "coord_out";
L_0x5d00b4bf5ef0 .functor BUFZ 1, L_0x5d00b4bf59c0, C4<0>, C4<0>, C4<0>;
o0x7bd4471a0848 .functor BUFZ 1, C4<z>; HiZ drive
L_0x5d00b4bf6090 .functor AND 1, o0x7bd4471a0848, L_0x5d00b4bf5ff0, C4<1>, C4<1>;
o0x7bd4471a08a8 .functor BUFZ 1, C4<z>; HiZ drive
L_0x5d00b4bf6260 .functor AND 1, o0x7bd4471a08a8, L_0x5d00b4bf6130, C4<1>, C4<1>;
v0x5d00b4be0380_0 .net *"_ivl_3", 0 0, L_0x5d00b4bf5ff0;  1 drivers
v0x5d00b4be0460_0 .net *"_ivl_7", 0 0, L_0x5d00b4bf6130;  1 drivers
o0x7bd4471a01e8 .functor BUFZ 1, C4<z>; HiZ drive
v0x5d00b4be0520_0 .net "clk", 0 0, o0x7bd4471a01e8;  0 drivers
v0x5d00b4be05f0_0 .var "coord_out", 17 0;
o0x7bd4471a02d8 .functor BUFZ 1, C4<z>; HiZ drive
v0x5d00b4be06b0_0 .net "flush", 0 0, o0x7bd4471a02d8;  0 drivers
v0x5d00b4be07f0_0 .var "grant", 0 0;
v0x5d00b4be08b0_0 .net "q_data_out", 17 0, L_0x5d00b4bf5e30;  1 drivers
v0x5d00b4be09c0_0 .net "q_empty", 0 0, L_0x5d00b4bf5ab0;  1 drivers
v0x5d00b4be0ab0_0 .net "q_full", 0 0, L_0x5d00b4bf59c0;  1 drivers
v0x5d00b4be0be0_0 .net "q_pop", 0 0, L_0x5d00b4bf6260;  1 drivers
v0x5d00b4be0cd0_0 .net "q_push", 0 0, L_0x5d00b4bf6090;  1 drivers
o0x7bd4471a03c8 .functor BUFZ 1, C4<z>; HiZ drive
v0x5d00b4be0dc0_0 .net "rst", 0 0, o0x7bd4471a03c8;  0 drivers
o0x7bd4471a0248 .functor BUFZ 18, C4<zzzzzzzzzzzzzzzzzz>; HiZ drive
v0x5d00b4be0eb0_0 .net "sched_coord", 17 0, o0x7bd4471a0248;  0 drivers
v0x5d00b4be0fc0_0 .net "sched_push", 0 0, o0x7bd4471a0848;  0 drivers
v0x5d00b4be1080_0 .net "sched_stall", 0 0, L_0x5d00b4bf5ef0;  1 drivers
v0x5d00b4be1140_0 .net "wants_job", 0 0, o0x7bd4471a08a8;  0 drivers
L_0x5d00b4bf5ff0 .reduce/nor L_0x5d00b4bf59c0;
L_0x5d00b4bf6130 .reduce/nor L_0x5d00b4bf5ab0;
S_0x5d00b4bde2b0 .scope module, "u_job_queue" "job_queue" 7 27, 8 3 0, S_0x5d00b4b8e940;
 .timescale 0 0;
    .port_info 0 /INPUT 1 "clk";
    .port_info 1 /INPUT 1 "rst";
    .port_info 2 /INPUT 1 "flush";
    .port_info 3 /INPUT 1 "push";
    .port_info 4 /INPUT 18 "data_in";
    .port_info 5 /INPUT 1 "pop";
    .port_info 6 /OUTPUT 18 "data_out";
    .port_info 7 /OUTPUT 1 "full";
    .port_info 8 /OUTPUT 1 "empty";
v0x5d00b4bdfce0_0 .net "clk", 0 0, o0x7bd4471a01e8;  alias, 0 drivers
v0x5d00b4bdfda0_0 .net "data_in", 17 0, o0x7bd4471a0248;  alias, 0 drivers
v0x5d00b4bdfe40_0 .net "data_out", 17 0, L_0x5d00b4bf5e30;  alias, 1 drivers
v0x5d00b4bdfee0_0 .net "empty", 0 0, L_0x5d00b4bf5ab0;  alias, 1 drivers
v0x5d00b4bdff80_0 .net "flush", 0 0, o0x7bd4471a02d8;  alias, 0 drivers
v0x5d00b4be0020_0 .net "full", 0 0, L_0x5d00b4bf59c0;  alias, 1 drivers
v0x5d00b4be00f0_0 .net "pop", 0 0, L_0x5d00b4bf6260;  alias, 1 drivers
v0x5d00b4be01c0_0 .net "push", 0 0, L_0x5d00b4bf6090;  alias, 1 drivers
v0x5d00b4be0290_0 .net "rst", 0 0, o0x7bd4471a03c8;  alias, 0 drivers
S_0x5d00b4bde5e0 .scope module, "u_fifo" "fifo" 8 23, 6 4 0, S_0x5d00b4bde2b0;
 .timescale 0 0;
    .port_info 0 /INPUT 1 "clk";
    .port_info 1 /INPUT 1 "rst";
    .port_info 2 /INPUT 1 "flush";
    .port_info 3 /INPUT 1 "push";
    .port_info 4 /INPUT 18 "data_in";
    .port_info 5 /INPUT 1 "pop";
    .port_info 6 /OUTPUT 18 "data_out";
    .port_info 7 /OUTPUT 1 "full";
    .port_info 8 /OUTPUT 1 "empty";
P_0x5d00b4bde7e0 .param/l "DATA_WIDTH" 0 6 5, +C4<00000000000000000000000000010010>;
P_0x5d00b4bde820 .param/l "DEPTH" 0 6 6, +C4<00000000000000000000100000000000>;
P_0x5d00b4bde860 .param/l "PTR_W" 1 6 22, +C4<00000000000000000000000000001011>;
L_0x5d00b4bf5e30 .functor BUFZ 18, L_0x5d00b4bf5bf0, C4<000000000000000000>, C4<000000000000000000>, C4<000000000000000000>;
L_0x7bd447156138 .functor BUFT 1, C4<100000000000>, C4<0>, C4<0>, C4<0>;
v0x5d00b4bdeba0_0 .net/2u *"_ivl_0", 11 0, L_0x7bd447156138;  1 drivers
v0x5d00b4bdeca0_0 .net *"_ivl_10", 12 0, L_0x5d00b4bf5c90;  1 drivers
L_0x7bd4471561c8 .functor BUFT 1, C4<00>, C4<0>, C4<0>, C4<0>;
v0x5d00b4bded80_0 .net *"_ivl_13", 1 0, L_0x7bd4471561c8;  1 drivers
L_0x7bd447156180 .functor BUFT 1, C4<000000000000>, C4<0>, C4<0>, C4<0>;
v0x5d00b4bdee40_0 .net/2u *"_ivl_4", 11 0, L_0x7bd447156180;  1 drivers
v0x5d00b4bdef20_0 .net *"_ivl_8", 17 0, L_0x5d00b4bf5bf0;  1 drivers
v0x5d00b4bdf050_0 .net "clk", 0 0, o0x7bd4471a01e8;  alias, 0 drivers
v0x5d00b4bdf110_0 .var "count", 11 0;
v0x5d00b4bdf1f0_0 .net "data_in", 17 0, o0x7bd4471a0248;  alias, 0 drivers
v0x5d00b4bdf2d0_0 .net "data_out", 17 0, L_0x5d00b4bf5e30;  alias, 1 drivers
v0x5d00b4bdf3b0_0 .net "empty", 0 0, L_0x5d00b4bf5ab0;  alias, 1 drivers
v0x5d00b4bdf470_0 .net "flush", 0 0, o0x7bd4471a02d8;  alias, 0 drivers
v0x5d00b4bdf530_0 .net "full", 0 0, L_0x5d00b4bf59c0;  alias, 1 drivers
v0x5d00b4bdf5f0_0 .var "head", 10 0;
v0x5d00b4bdf6d0 .array "mem", 2047 0, 17 0;
v0x5d00b4bdf790_0 .net "pop", 0 0, L_0x5d00b4bf6260;  alias, 1 drivers
v0x5d00b4bdf850_0 .net "push", 0 0, L_0x5d00b4bf6090;  alias, 1 drivers
v0x5d00b4bdf910_0 .net "rst", 0 0, o0x7bd4471a03c8;  alias, 0 drivers
v0x5d00b4bdfae0_0 .var "tail", 10 0;
E_0x5d00b4b51420 .event posedge, v0x5d00b4bdf050_0;
L_0x5d00b4bf59c0 .cmp/eq 12, v0x5d00b4bdf110_0, L_0x7bd447156138;
L_0x5d00b4bf5ab0 .cmp/eq 12, v0x5d00b4bdf110_0, L_0x7bd447156180;
L_0x5d00b4bf5bf0 .array/port v0x5d00b4bdf6d0, L_0x5d00b4bf5c90;
L_0x5d00b4bf5c90 .concat [ 11 2 0 0], v0x5d00b4bdfae0_0, L_0x7bd4471561c8;
S_0x5d00b4b8f090 .scope module, "tb_scheduler_all_left" "tb_scheduler_all_left" 9 7;
 .timescale -9 -12;
P_0x5d00b4b66e60 .param/l "CLK_HALF" 1 9 47, +C4<00000000000000000000000000000101>;
P_0x5d00b4b66ea0 .param/l "SW" 1 9 85, +C4<00000000000000000000000000000111>;
L_0x7bd447156210 .functor BUFT 1, C4<0>, C4<0>, C4<0>, C4<0>;
L_0x5d00b4bf6400 .functor XNOR 1, L_0x5d00b4bf6300, L_0x7bd447156210, C4<0>, C4<0>;
L_0x7bd447156258 .functor BUFT 1, C4<0>, C4<0>, C4<0>, C4<0>;
L_0x5d00b4bf66c0 .functor XNOR 1, L_0x5d00b4bf6540, L_0x7bd447156258, C4<0>, C4<0>;
L_0x5d00b4bf68f0 .functor BUFZ 1, v0x5d00b4be35b0_0, C4<0>, C4<0>, C4<0>;
L_0x5d00b4bf6e80 .functor BUFZ 1, v0x5d00b4be3840_0, C4<0>, C4<0>, C4<0>;
v0x5d00b4be2790_0 .net *"_ivl_1", 0 0, L_0x5d00b4bf6300;  1 drivers
v0x5d00b4be2890_0 .net *"_ivl_13", 2 0, L_0x5d00b4bf6780;  1 drivers
L_0x7bd4471562a0 .functor BUFT 1, C4<01>, C4<0>, C4<0>, C4<0>;
v0x5d00b4be2970_0 .net/2u *"_ivl_14", 1 0, L_0x7bd4471562a0;  1 drivers
v0x5d00b4be2a30_0 .net *"_ivl_16", 1 0, L_0x5d00b4bf6850;  1 drivers
v0x5d00b4be2b10_0 .net/2u *"_ivl_2", 0 0, L_0x7bd447156210;  1 drivers
L_0x7bd4471562e8 .functor BUFT 1, C4<000>, C4<0>, C4<0>, C4<0>;
v0x5d00b4be2c40_0 .net/2u *"_ivl_20", 2 0, L_0x7bd4471562e8;  1 drivers
L_0x7bd447156330 .functor BUFT 1, C4<111>, C4<0>, C4<0>, C4<0>;
v0x5d00b4be2d20_0 .net/2u *"_ivl_24", 2 0, L_0x7bd447156330;  1 drivers
v0x5d00b4be2e00_0 .net *"_ivl_7", 0 0, L_0x5d00b4bf6540;  1 drivers
v0x5d00b4be2ee0_0 .net/2u *"_ivl_8", 0 0, L_0x7bd447156258;  1 drivers
v0x5d00b4be3050_0 .var "all_left_quadrants", 0 0;
v0x5d00b4be3110_0 .var "all_top_quadrants", 0 0;
v0x5d00b4be31d0_0 .var "box_id", 1 0;
v0x5d00b4be32b0_0 .var "clk", 0 0;
v0x5d00b4be3370_0 .net "current_is_left", 0 0, L_0x5d00b4bf6400;  1 drivers
v0x5d00b4be3430_0 .net "current_is_top", 0 0, L_0x5d00b4bf66c0;  1 drivers
v0x5d00b4be34f0_0 .var/str "current_suite";
v0x5d00b4be35b0_0 .var "do_descend", 0 0;
v0x5d00b4be3780_0 .var "do_next", 0 0;
v0x5d00b4be3840_0 .var "do_pop", 0 0;
v0x5d00b4be3900_0 .var "do_restore", 0 0;
v0x5d00b4be39c0_0 .var "popped_all_left", 0 0;
v0x5d00b4be3a80_0 .var "popped_all_top", 0 0;
v0x5d00b4be3b40_0 .var "rst", 0 0;
v0x5d00b4be3c00_0 .var "sp", 2 0;
v0x5d00b4be3ce0_0 .net "stack_data_in", 6 0, L_0x5d00b4bf6a10;  1 drivers
v0x5d00b4be3dc0_0 .var "stack_data_out", 6 0;
v0x5d00b4be3ea0_0 .net "stack_empty", 0 0, L_0x5d00b4bf6be0;  1 drivers
v0x5d00b4be3f60_0 .net "stack_full", 0 0, L_0x5d00b4bf6d40;  1 drivers
v0x5d00b4be4020 .array "stack_mem", 7 0, 6 0;
v0x5d00b4be40e0_0 .net "stack_pop", 0 0, L_0x5d00b4bf6e80;  1 drivers
v0x5d00b4be41a0_0 .net "stack_push", 0 0, L_0x5d00b4bf68f0;  1 drivers
v0x5d00b4be4260_0 .var/2s "tests_failed", 31 0;
v0x5d00b4be4340_0 .var/2s "tests_passed", 31 0;
v0x5d00b4be4420_0 .var/2s "tests_run", 31 0;
v0x5d00b4be4500_0 .var "zoom_level", 3 0;
E_0x5d00b4b515a0 .event posedge, v0x5d00b4be3b40_0, v0x5d00b4be32b0_0;
E_0x5d00b4b4ff90/0 .event anyedge, v0x5d00b4be4500_0, v0x5d00b4be3370_0, v0x5d00b4be3430_0, v0x5d00b4be39c0_0;
E_0x5d00b4b4ff90/1 .event anyedge, v0x5d00b4be3a80_0;
E_0x5d00b4b4ff90 .event/or E_0x5d00b4b4ff90/0, E_0x5d00b4b4ff90/1;
L_0x5d00b4bf6300 .part v0x5d00b4be31d0_0, 0, 1;
L_0x5d00b4bf6540 .part v0x5d00b4be31d0_0, 1, 1;
L_0x5d00b4bf6780 .part v0x5d00b4be4500_0, 0, 3;
L_0x5d00b4bf6850 .arith/sum 2, v0x5d00b4be31d0_0, L_0x7bd4471562a0;
L_0x5d00b4bf6a10 .concat [ 1 1 2 3], v0x5d00b4be3a80_0, v0x5d00b4be39c0_0, L_0x5d00b4bf6850, L_0x5d00b4bf6780;
L_0x5d00b4bf6be0 .cmp/eq 3, v0x5d00b4be3c00_0, L_0x7bd4471562e8;
L_0x5d00b4bf6d40 .cmp/eq 3, v0x5d00b4be3c00_0, L_0x7bd447156330;
S_0x5d00b4be13b0 .scope autotask, "ascend" "ascend" 9 161, 9 161 0, S_0x5d00b4b8f090;
 .timescale -9 -12;
E_0x5d00b4b52570 .event posedge, v0x5d00b4be32b0_0;
E_0x5d00b4b4fb20 .event negedge, v0x5d00b4be32b0_0;
TD_tb_scheduler_all_left.ascend ;
    %wait E_0x5d00b4b4fb20;
    %pushi/vec4 1, 0, 1;
    %store/vec4 v0x5d00b4be3840_0, 0, 1;
    %wait E_0x5d00b4b52570;
    %delay 1000, 0;
    %pushi/vec4 0, 0, 1;
    %store/vec4 v0x5d00b4be3840_0, 0, 1;
    %wait E_0x5d00b4b4fb20;
    %pushi/vec4 1, 0, 1;
    %store/vec4 v0x5d00b4be3900_0, 0, 1;
    %wait E_0x5d00b4b52570;
    %delay 1000, 0;
    %pushi/vec4 0, 0, 1;
    %store/vec4 v0x5d00b4be3900_0, 0, 1;
    %end;
S_0x5d00b4be15c0 .scope autotask, "check" "check" 9 22, 9 22 0, S_0x5d00b4b8f090;
 .timescale -9 -12;
v0x5d00b4be17c0_0 .var "cond", 0 0;
v0x5d00b4be1880_0 .var/str "desc";
TD_tb_scheduler_all_left.check ;
    ; show_stmt_assign_vector: Get l-value for compressed += operand
    %load/vec4 v0x5d00b4be4420_0;
    %pushi/vec4 1, 0, 32;
    %add;
    %cast2;
    %store/vec4 v0x5d00b4be4420_0, 0, 32;
    %load/vec4 v0x5d00b4be17c0_0;
    %flag_set/vec4 8;
    %jmp/0xz  T_1.0, 8;
    ; show_stmt_assign_vector: Get l-value for compressed += operand
    %load/vec4 v0x5d00b4be4340_0;
    %pushi/vec4 1, 0, 32;
    %add;
    %cast2;
    %store/vec4 v0x5d00b4be4340_0, 0, 32;
    %vpi_call/w 9 26 "$display", "  [PASS] %s", v0x5d00b4be1880_0 {0 0 0};
    %jmp T_1.1;
T_1.0 ;
    ; show_stmt_assign_vector: Get l-value for compressed += operand
    %load/vec4 v0x5d00b4be4260_0;
    %pushi/vec4 1, 0, 32;
    %add;
    %cast2;
    %store/vec4 v0x5d00b4be4260_0, 0, 32;
    %vpi_call/w 9 29 "$display", "  [FAIL] %s  [z=%0d b=%0d  al=%b at=%b  pal=%b pat=%b]", v0x5d00b4be1880_0, v0x5d00b4be4500_0, v0x5d00b4be31d0_0, v0x5d00b4be3050_0, v0x5d00b4be3110_0, v0x5d00b4be39c0_0, v0x5d00b4be3a80_0 {0 0 0};
T_1.1 ;
    %end;
S_0x5d00b4be1940 .scope autotask, "descend" "descend" 9 155, 9 155 0, S_0x5d00b4b8f090;
 .timescale -9 -12;
E_0x5d00b4b532d0 .event posedge, v0x5d00b4be32b0_0;
E_0x5d00b4b534f0 .event negedge, v0x5d00b4be32b0_0;
TD_tb_scheduler_all_left.descend ;
    %wait E_0x5d00b4b534f0;
    %pushi/vec4 1, 0, 1;
    %store/vec4 v0x5d00b4be35b0_0, 0, 1;
    %wait E_0x5d00b4b532d0;
    %delay 1000, 0;
    %pushi/vec4 0, 0, 1;
    %store/vec4 v0x5d00b4be35b0_0, 0, 1;
    %end;
S_0x5d00b4be1b60 .scope autotask, "do_reset" "do_reset" 9 148, 9 148 0, S_0x5d00b4b8f090;
 .timescale -9 -12;
TD_tb_scheduler_all_left.do_reset ;
    %pushi/vec4 1, 0, 1;
    %store/vec4 v0x5d00b4be3b40_0, 0, 1;
    %pushi/vec4 0, 0, 1;
    %store/vec4 v0x5d00b4be35b0_0, 0, 1;
    %pushi/vec4 0, 0, 1;
    %store/vec4 v0x5d00b4be3840_0, 0, 1;
    %pushi/vec4 0, 0, 1;
    %store/vec4 v0x5d00b4be3900_0, 0, 1;
    %pushi/vec4 0, 0, 1;
    %store/vec4 v0x5d00b4be3780_0, 0, 1;
    %alloc S_0x5d00b4be2470;
    %pushi/vec4 2, 0, 32;
    %store/vec4 v0x5d00b4be2690_0, 0, 32;
    %fork TD_tb_scheduler_all_left.tick, S_0x5d00b4be2470;
    %join;
    %free S_0x5d00b4be2470;
    %pushi/vec4 0, 0, 1;
    %store/vec4 v0x5d00b4be3b40_0, 0, 1;
    %alloc S_0x5d00b4be2470;
    %pushi/vec4 1, 0, 32;
    %store/vec4 v0x5d00b4be2690_0, 0, 32;
    %fork TD_tb_scheduler_all_left.tick, S_0x5d00b4be2470;
    %join;
    %free S_0x5d00b4be2470;
    %end;
S_0x5d00b4be1d40 .scope autotask, "next_box" "next_box" 9 168, 9 168 0, S_0x5d00b4b8f090;
 .timescale -9 -12;
E_0x5d00b4b4eb40 .event posedge, v0x5d00b4be32b0_0;
E_0x5d00b4b4ee00 .event negedge, v0x5d00b4be32b0_0;
TD_tb_scheduler_all_left.next_box ;
    %wait E_0x5d00b4b4ee00;
    %pushi/vec4 1, 0, 1;
    %store/vec4 v0x5d00b4be3780_0, 0, 1;
    %wait E_0x5d00b4b4eb40;
    %delay 1000, 0;
    %pushi/vec4 0, 0, 1;
    %store/vec4 v0x5d00b4be3780_0, 0, 1;
    %end;
S_0x5d00b4be1fd0 .scope autotask, "suite" "suite" 9 15, 9 15 0, S_0x5d00b4b8f090;
 .timescale -9 -12;
v0x5d00b4be21b0_0 .var/str "name";
TD_tb_scheduler_all_left.suite ;
    %load/str v0x5d00b4be21b0_0;
    %store/str v0x5d00b4be34f0_0;
    %vpi_call/w 9 17 "$display", "\012%0s", "========================================================================" {0 0 0};
    %vpi_call/w 9 18 "$display", "  SUITE: %s", v0x5d00b4be21b0_0 {0 0 0};
    %vpi_call/w 9 19 "$display", "%0s", "========================================================================" {0 0 0};
    %end;
S_0x5d00b4be2290 .scope autotask, "summary" "summary" 9 36, 9 36 0, S_0x5d00b4b8f090;
 .timescale -9 -12;
TD_tb_scheduler_all_left.summary ;
    %vpi_call/w 9 37 "$display", "\012%0s", "========================================================================" {0 0 0};
    %vpi_call/w 9 38 "$display", "  RESULTS: %0d / %0d passed", v0x5d00b4be4340_0, v0x5d00b4be4420_0 {0 0 0};
    %load/vec4 v0x5d00b4be4260_0;
    %cmpi/e 0, 0, 32;
    %jmp/0xz  T_6.2, 4;
    %vpi_call/w 9 40 "$display", "  ALL TESTS PASSED" {0 0 0};
    %jmp T_6.3;
T_6.2 ;
    %vpi_call/w 9 42 "$display", "  %0d TEST(S) FAILED", v0x5d00b4be4260_0 {0 0 0};
T_6.3 ;
    %vpi_call/w 9 43 "$display", "%0s\012", "========================================================================" {0 0 0};
    %end;
S_0x5d00b4be2470 .scope autotask, "tick" "tick" 9 51, 9 51 0, S_0x5d00b4b8f090;
 .timescale -9 -12;
v0x5d00b4be2690_0 .var/2s "n", 31 0;
E_0x5d00b4b53830 .event posedge, v0x5d00b4be32b0_0;
TD_tb_scheduler_all_left.tick ;
    %load/vec4 v0x5d00b4be2690_0;
T_7.4 %dup/vec4;
    %pushi/vec4 0, 0, 32;
    %cmp/s;
    %jmp/1xz T_7.5, 5;
    %jmp/1 T_7.5, 4;
    %pushi/vec4 1, 0, 32;
    %sub;
    %wait E_0x5d00b4b53830;
    %jmp T_7.4;
T_7.5 ;
    %pop/vec4 1;
    %delay 1000, 0;
    %end;
    .scope S_0x5d00b4b9c560;
T_8 ;
    %wait E_0x5d00b4b50d30;
    %load/vec4 v0x5d00b4bdb0f0_0;
    %flag_set/vec4 8;
    %jmp/0xz  T_8.0, 8;
    %pushi/vec4 0, 0, 1;
    %assign/vec4 v0x5d00b4bda970_0, 0;
    %pushi/vec4 0, 0, 1;
    %assign/vec4 v0x5d00b4bda8b0_0, 0;
    %pushi/vec4 0, 0, 4;
    %assign/vec4 v0x5d00b4bdaf50_0, 0;
    %pushi/vec4 0, 0, 1;
    %assign/vec4 v0x5d00b4bdb030_0, 0;
    %pushi/vec4 0, 0, 11;
    %assign/vec4 v0x5d00b4bdb270_0, 0;
    %jmp T_8.1;
T_8.0 ;
    %load/vec4 v0x5d00b4bdb1b0_0;
    %flag_set/vec4 8;
    %jmp/0xz  T_8.2, 8;
    %pushi/vec4 0, 0, 1;
    %assign/vec4 v0x5d00b4bda970_0, 0;
    %pushi/vec4 0, 0, 1;
    %assign/vec4 v0x5d00b4bda8b0_0, 0;
    %pushi/vec4 0, 0, 4;
    %assign/vec4 v0x5d00b4bdaf50_0, 0;
    %pushi/vec4 0, 0, 1;
    %assign/vec4 v0x5d00b4bdb030_0, 0;
    %pushi/vec4 0, 0, 11;
    %assign/vec4 v0x5d00b4bdb270_0, 0;
    %jmp T_8.3;
T_8.2 ;
    %load/vec4 v0x5d00b4bda7f0_0;
    %flag_set/vec4 9;
    %flag_get/vec4 9;
    %jmp/0 T_8.6, 9;
    %load/vec4 v0x5d00b4bdadb0_0;
    %and;
T_8.6;
    %flag_set/vec4 8;
    %jmp/0xz  T_8.4, 8;
    %load/vec4 v0x5d00b4bdb030_0;
    %nor/r;
    %flag_set/vec4 8;
    %jmp/0xz  T_8.7, 8;
    %load/vec4 v0x5d00b4bdaa30_0;
    %assign/vec4 v0x5d00b4bdaf50_0, 0;
    %pushi/vec4 1, 0, 1;
    %assign/vec4 v0x5d00b4bdb030_0, 0;
    %jmp T_8.8;
T_8.7 ;
    %load/vec4 v0x5d00b4bdaa30_0;
    %load/vec4 v0x5d00b4bdaf50_0;
    %cmp/ne;
    %jmp/0xz  T_8.9, 4;
    %pushi/vec4 1, 0, 1;
    %assign/vec4 v0x5d00b4bda970_0, 0;
T_8.9 ;
T_8.8 ;
    %load/vec4 v0x5d00b4bdb270_0;
    %addi 1, 0, 11;
    %assign/vec4 v0x5d00b4bdb270_0, 0;
    %load/vec4 v0x5d00b4bdb270_0;
    %addi 1, 0, 11;
    %load/vec4 v0x5d00b4bdacd0_0;
    %cmp/e;
    %jmp/0xz  T_8.11, 4;
    %pushi/vec4 1, 0, 1;
    %assign/vec4 v0x5d00b4bda8b0_0, 0;
T_8.11 ;
T_8.4 ;
T_8.3 ;
T_8.1 ;
    %jmp T_8;
    .thread T_8;
    .scope S_0x5d00b4bdb910;
T_9 ;
    %wait E_0x5d00b4b518d0;
    %load/vec4 v0x5d00b4bdcbb0_0;
    %flag_set/vec4 8;
    %jmp/1 T_9.2, 8;
    %load/vec4 v0x5d00b4bdc710_0;
    %flag_set/vec4 9;
    %flag_or 8, 9;
T_9.2;
    %jmp/0xz  T_9.0, 8;
    %pushi/vec4 0, 0, 5;
    %assign/vec4 v0x5d00b4bdc890_0, 0;
    %pushi/vec4 0, 0, 5;
    %assign/vec4 v0x5d00b4bdcc70_0, 0;
    %pushi/vec4 0, 0, 6;
    %assign/vec4 v0x5d00b4bdc3b0_0, 0;
    %jmp T_9.1;
T_9.0 ;
    %load/vec4 v0x5d00b4bdcaf0_0;
    %flag_set/vec4 9;
    %flag_get/vec4 9;
    %jmp/0 T_9.5, 9;
    %load/vec4 v0x5d00b4bdc7d0_0;
    %nor/r;
    %and;
T_9.5;
    %flag_set/vec4 8;
    %jmp/0xz  T_9.3, 8;
    %load/vec4 v0x5d00b4bdc490_0;
    %load/vec4 v0x5d00b4bdc890_0;
    %pad/u 7;
    %ix/vec4 3;
    %ix/load 4, 0, 0; Constant delay
    %assign/vec4/a/d v0x5d00b4bdc970, 0, 4;
    %load/vec4 v0x5d00b4bdc890_0;
    %addi 1, 0, 5;
    %assign/vec4 v0x5d00b4bdc890_0, 0;
T_9.3 ;
    %load/vec4 v0x5d00b4bdca30_0;
    %flag_set/vec4 9;
    %flag_get/vec4 9;
    %jmp/0 T_9.8, 9;
    %load/vec4 v0x5d00b4bdc650_0;
    %nor/r;
    %and;
T_9.8;
    %flag_set/vec4 8;
    %jmp/0xz  T_9.6, 8;
    %load/vec4 v0x5d00b4bdcc70_0;
    %addi 1, 0, 5;
    %assign/vec4 v0x5d00b4bdcc70_0, 0;
T_9.6 ;
    %load/vec4 v0x5d00b4bdcaf0_0;
    %flag_set/vec4 8;
    %flag_get/vec4 8;
    %jmp/0 T_9.13, 8;
    %load/vec4 v0x5d00b4bdc7d0_0;
    %nor/r;
    %and;
T_9.13;
    %load/vec4 v0x5d00b4bdca30_0;
    %flag_set/vec4 8;
    %flag_get/vec4 8;
    %jmp/0 T_9.14, 8;
    %load/vec4 v0x5d00b4bdc650_0;
    %nor/r;
    %and;
T_9.14;
    %concat/vec4; draw_concat_vec4
    %dup/vec4;
    %pushi/vec4 2, 0, 2;
    %cmp/u;
    %jmp/1 T_9.9, 6;
    %dup/vec4;
    %pushi/vec4 1, 0, 2;
    %cmp/u;
    %jmp/1 T_9.10, 6;
    %load/vec4 v0x5d00b4bdc3b0_0;
    %assign/vec4 v0x5d00b4bdc3b0_0, 0;
    %jmp T_9.12;
T_9.9 ;
    %load/vec4 v0x5d00b4bdc3b0_0;
    %addi 1, 0, 6;
    %assign/vec4 v0x5d00b4bdc3b0_0, 0;
    %jmp T_9.12;
T_9.10 ;
    %load/vec4 v0x5d00b4bdc3b0_0;
    %subi 1, 0, 6;
    %assign/vec4 v0x5d00b4bdc3b0_0, 0;
    %jmp T_9.12;
T_9.12 ;
    %pop/vec4 1;
T_9.1 ;
    %jmp T_9;
    .thread T_9;
    .scope S_0x5d00b4bde5e0;
T_10 ;
    %wait E_0x5d00b4b51420;
    %load/vec4 v0x5d00b4bdf910_0;
    %flag_set/vec4 8;
    %jmp/1 T_10.2, 8;
    %load/vec4 v0x5d00b4bdf470_0;
    %flag_set/vec4 9;
    %flag_or 8, 9;
T_10.2;
    %jmp/0xz  T_10.0, 8;
    %pushi/vec4 0, 0, 11;
    %assign/vec4 v0x5d00b4bdf5f0_0, 0;
    %pushi/vec4 0, 0, 11;
    %assign/vec4 v0x5d00b4bdfae0_0, 0;
    %pushi/vec4 0, 0, 12;
    %assign/vec4 v0x5d00b4bdf110_0, 0;
    %jmp T_10.1;
T_10.0 ;
    %load/vec4 v0x5d00b4bdf850_0;
    %flag_set/vec4 9;
    %flag_get/vec4 9;
    %jmp/0 T_10.5, 9;
    %load/vec4 v0x5d00b4bdf530_0;
    %nor/r;
    %and;
T_10.5;
    %flag_set/vec4 8;
    %jmp/0xz  T_10.3, 8;
    %load/vec4 v0x5d00b4bdf1f0_0;
    %load/vec4 v0x5d00b4bdf5f0_0;
    %pad/u 13;
    %ix/vec4 3;
    %ix/load 4, 0, 0; Constant delay
    %assign/vec4/a/d v0x5d00b4bdf6d0, 0, 4;
    %load/vec4 v0x5d00b4bdf5f0_0;
    %addi 1, 0, 11;
    %assign/vec4 v0x5d00b4bdf5f0_0, 0;
T_10.3 ;
    %load/vec4 v0x5d00b4bdf790_0;
    %flag_set/vec4 9;
    %flag_get/vec4 9;
    %jmp/0 T_10.8, 9;
    %load/vec4 v0x5d00b4bdf3b0_0;
    %nor/r;
    %and;
T_10.8;
    %flag_set/vec4 8;
    %jmp/0xz  T_10.6, 8;
    %load/vec4 v0x5d00b4bdfae0_0;
    %addi 1, 0, 11;
    %assign/vec4 v0x5d00b4bdfae0_0, 0;
T_10.6 ;
    %load/vec4 v0x5d00b4bdf850_0;
    %flag_set/vec4 8;
    %flag_get/vec4 8;
    %jmp/0 T_10.13, 8;
    %load/vec4 v0x5d00b4bdf530_0;
    %nor/r;
    %and;
T_10.13;
    %load/vec4 v0x5d00b4bdf790_0;
    %flag_set/vec4 8;
    %flag_get/vec4 8;
    %jmp/0 T_10.14, 8;
    %load/vec4 v0x5d00b4bdf3b0_0;
    %nor/r;
    %and;
T_10.14;
    %concat/vec4; draw_concat_vec4
    %dup/vec4;
    %pushi/vec4 2, 0, 2;
    %cmp/u;
    %jmp/1 T_10.9, 6;
    %dup/vec4;
    %pushi/vec4 1, 0, 2;
    %cmp/u;
    %jmp/1 T_10.10, 6;
    %load/vec4 v0x5d00b4bdf110_0;
    %assign/vec4 v0x5d00b4bdf110_0, 0;
    %jmp T_10.12;
T_10.9 ;
    %load/vec4 v0x5d00b4bdf110_0;
    %addi 1, 0, 12;
    %assign/vec4 v0x5d00b4bdf110_0, 0;
    %jmp T_10.12;
T_10.10 ;
    %load/vec4 v0x5d00b4bdf110_0;
    %subi 1, 0, 12;
    %assign/vec4 v0x5d00b4bdf110_0, 0;
    %jmp T_10.12;
T_10.12 ;
    %pop/vec4 1;
T_10.1 ;
    %jmp T_10;
    .thread T_10;
    .scope S_0x5d00b4b8e940;
T_11 ;
    %wait E_0x5d00b4b51420;
    %load/vec4 v0x5d00b4be0dc0_0;
    %flag_set/vec4 8;
    %jmp/1 T_11.2, 8;
    %load/vec4 v0x5d00b4be06b0_0;
    %flag_set/vec4 9;
    %flag_or 8, 9;
T_11.2;
    %jmp/0xz  T_11.0, 8;
    %pushi/vec4 0, 0, 1;
    %assign/vec4 v0x5d00b4be07f0_0, 0;
    %pushi/vec4 0, 0, 18;
    %assign/vec4 v0x5d00b4be05f0_0, 0;
    %jmp T_11.1;
T_11.0 ;
    %load/vec4 v0x5d00b4be1140_0;
    %flag_set/vec4 8;
    %flag_get/vec4 8;
    %jmp/0 T_11.3, 8;
    %load/vec4 v0x5d00b4be09c0_0;
    %nor/r;
    %and;
T_11.3;
    %assign/vec4 v0x5d00b4be07f0_0, 0;
    %load/vec4 v0x5d00b4be08b0_0;
    %assign/vec4 v0x5d00b4be05f0_0, 0;
T_11.1 ;
    %jmp T_11;
    .thread T_11;
    .scope S_0x5d00b4b8f090;
T_12 ;
    %pushi/vec4 0, 0, 32;
    %store/vec4 v0x5d00b4be4420_0, 0, 32;
    %pushi/vec4 0, 0, 32;
    %store/vec4 v0x5d00b4be4340_0, 0, 32;
    %pushi/vec4 0, 0, 32;
    %store/vec4 v0x5d00b4be4260_0, 0, 32;
    %pushi/str "";
    %store/str v0x5d00b4be34f0_0;
    %pushi/vec4 0, 0, 1;
    %store/vec4 v0x5d00b4be32b0_0, 0, 1;
    %pushi/vec4 0, 0, 1;
    %store/vec4 v0x5d00b4be35b0_0, 0, 1;
    %pushi/vec4 0, 0, 1;
    %store/vec4 v0x5d00b4be3840_0, 0, 1;
    %pushi/vec4 0, 0, 1;
    %store/vec4 v0x5d00b4be3900_0, 0, 1;
    %pushi/vec4 0, 0, 1;
    %store/vec4 v0x5d00b4be3780_0, 0, 1;
    %end;
    .thread T_12, $init;
    .scope S_0x5d00b4b8f090;
T_13 ;
    %delay 5000, 0;
    %load/vec4 v0x5d00b4be32b0_0;
    %inv;
    %store/vec4 v0x5d00b4be32b0_0, 0, 1;
    %jmp T_13;
    .thread T_13;
    .scope S_0x5d00b4b8f090;
T_14 ;
Ewait_0 .event/or E_0x5d00b4b4ff90, E_0x0;
    %wait Ewait_0;
    %load/vec4 v0x5d00b4be4500_0;
    %cmpi/e 0, 0, 4;
    %jmp/0xz  T_14.0, 4;
    %pushi/vec4 0, 0, 1;
    %store/vec4 v0x5d00b4be3050_0, 0, 1;
    %pushi/vec4 0, 0, 1;
    %store/vec4 v0x5d00b4be3110_0, 0, 1;
    %jmp T_14.1;
T_14.0 ;
    %load/vec4 v0x5d00b4be4500_0;
    %cmpi/e 1, 0, 4;
    %jmp/0xz  T_14.2, 4;
    %load/vec4 v0x5d00b4be3370_0;
    %store/vec4 v0x5d00b4be3050_0, 0, 1;
    %load/vec4 v0x5d00b4be3430_0;
    %store/vec4 v0x5d00b4be3110_0, 0, 1;
    %jmp T_14.3;
T_14.2 ;
    %load/vec4 v0x5d00b4be39c0_0;
    %flag_set/vec4 8;
    %flag_get/vec4 8;
    %jmp/0 T_14.4, 8;
    %load/vec4 v0x5d00b4be3370_0;
    %and;
T_14.4;
    %store/vec4 v0x5d00b4be3050_0, 0, 1;
    %load/vec4 v0x5d00b4be3a80_0;
    %flag_set/vec4 8;
    %flag_get/vec4 8;
    %jmp/0 T_14.5, 8;
    %load/vec4 v0x5d00b4be3430_0;
    %and;
T_14.5;
    %store/vec4 v0x5d00b4be3110_0, 0, 1;
T_14.3 ;
T_14.1 ;
    %jmp T_14;
    .thread T_14, $push;
    .scope S_0x5d00b4b8f090;
T_15 ;
    %wait E_0x5d00b4b515a0;
    %load/vec4 v0x5d00b4be3b40_0;
    %flag_set/vec4 8;
    %jmp/0xz  T_15.0, 8;
    %pushi/vec4 0, 0, 3;
    %assign/vec4 v0x5d00b4be3c00_0, 0;
    %pushi/vec4 0, 0, 7;
    %assign/vec4 v0x5d00b4be3dc0_0, 0;
    %jmp T_15.1;
T_15.0 ;
    %load/vec4 v0x5d00b4be41a0_0;
    %flag_set/vec4 9;
    %flag_get/vec4 9;
    %jmp/0 T_15.4, 9;
    %load/vec4 v0x5d00b4be3f60_0;
    %nor/r;
    %and;
T_15.4;
    %flag_set/vec4 8;
    %jmp/0xz  T_15.2, 8;
    %load/vec4 v0x5d00b4be3ce0_0;
    %load/vec4 v0x5d00b4be3c00_0;
    %pad/u 5;
    %ix/vec4 3;
    %ix/load 4, 0, 0; Constant delay
    %assign/vec4/a/d v0x5d00b4be4020, 0, 4;
    %load/vec4 v0x5d00b4be3c00_0;
    %addi 1, 0, 3;
    %assign/vec4 v0x5d00b4be3c00_0, 0;
    %jmp T_15.3;
T_15.2 ;
    %load/vec4 v0x5d00b4be40e0_0;
    %flag_set/vec4 9;
    %flag_get/vec4 9;
    %jmp/0 T_15.7, 9;
    %load/vec4 v0x5d00b4be3ea0_0;
    %nor/r;
    %and;
T_15.7;
    %flag_set/vec4 8;
    %jmp/0xz  T_15.5, 8;
    %load/vec4 v0x5d00b4be3c00_0;
    %subi 1, 0, 3;
    %assign/vec4 v0x5d00b4be3c00_0, 0;
    %load/vec4 v0x5d00b4be3c00_0;
    %pad/u 32;
    %subi 1, 0, 32;
    %ix/vec4 4;
    %load/vec4a v0x5d00b4be4020, 4;
    %assign/vec4 v0x5d00b4be3dc0_0, 0;
T_15.5 ;
T_15.3 ;
T_15.1 ;
    %jmp T_15;
    .thread T_15;
    .scope S_0x5d00b4b8f090;
T_16 ;
    %wait E_0x5d00b4b515a0;
    %load/vec4 v0x5d00b4be3b40_0;
    %flag_set/vec4 8;
    %jmp/0xz  T_16.0, 8;
    %pushi/vec4 0, 0, 4;
    %assign/vec4 v0x5d00b4be4500_0, 0;
    %pushi/vec4 0, 0, 2;
    %assign/vec4 v0x5d00b4be31d0_0, 0;
    %pushi/vec4 0, 0, 1;
    %assign/vec4 v0x5d00b4be39c0_0, 0;
    %pushi/vec4 0, 0, 1;
    %assign/vec4 v0x5d00b4be3a80_0, 0;
    %jmp T_16.1;
T_16.0 ;
    %load/vec4 v0x5d00b4be35b0_0;
    %flag_set/vec4 8;
    %jmp/0xz  T_16.2, 8;
    %load/vec4 v0x5d00b4be4500_0;
    %addi 1, 0, 4;
    %assign/vec4 v0x5d00b4be4500_0, 0;
    %pushi/vec4 0, 0, 2;
    %assign/vec4 v0x5d00b4be31d0_0, 0;
    %load/vec4 v0x5d00b4be3050_0;
    %assign/vec4 v0x5d00b4be39c0_0, 0;
    %load/vec4 v0x5d00b4be3110_0;
    %assign/vec4 v0x5d00b4be3a80_0, 0;
T_16.2 ;
    %load/vec4 v0x5d00b4be3900_0;
    %flag_set/vec4 8;
    %jmp/0xz  T_16.4, 8;
    %pushi/vec4 0, 0, 1;
    %load/vec4 v0x5d00b4be3dc0_0;
    %parti/s 3, 4, 4;
    %concat/vec4; draw_concat_vec4
    %assign/vec4 v0x5d00b4be4500_0, 0;
    %load/vec4 v0x5d00b4be3dc0_0;
    %parti/s 2, 2, 3;
    %assign/vec4 v0x5d00b4be31d0_0, 0;
    %load/vec4 v0x5d00b4be3dc0_0;
    %parti/s 1, 1, 2;
    %assign/vec4 v0x5d00b4be39c0_0, 0;
    %load/vec4 v0x5d00b4be3dc0_0;
    %parti/s 1, 0, 2;
    %assign/vec4 v0x5d00b4be3a80_0, 0;
T_16.4 ;
    %load/vec4 v0x5d00b4be3780_0;
    %flag_set/vec4 8;
    %jmp/0xz  T_16.6, 8;
    %load/vec4 v0x5d00b4be31d0_0;
    %addi 1, 0, 2;
    %assign/vec4 v0x5d00b4be31d0_0, 0;
T_16.6 ;
T_16.1 ;
    %jmp T_16;
    .thread T_16;
    .scope S_0x5d00b4b8f090;
T_17 ;
    %vpi_call/w 9 176 "$display", "\012=== tb_scheduler_all_left ===" {0 0 0};
    %alloc S_0x5d00b4be1fd0;
    %pushi/str "1. zoom=0 \342\200\224 always zero regardless of box";
    %store/str v0x5d00b4be21b0_0;
    %fork TD_tb_scheduler_all_left.suite, S_0x5d00b4be1fd0;
    %join;
    %free S_0x5d00b4be1fd0;
    %alloc S_0x5d00b4be1b60;
    %fork TD_tb_scheduler_all_left.do_reset, S_0x5d00b4be1b60;
    %join;
    %free S_0x5d00b4be1b60;
    %alloc S_0x5d00b4be15c0;
    %load/vec4 v0x5d00b4be3050_0;
    %cmpi/e 0, 0, 1;
    %flag_get/vec4 6;
    %jmp/0 T_17.0, 6;
    %load/vec4 v0x5d00b4be3110_0;
    %pushi/vec4 0, 0, 1;
    %cmp/e;
    %flag_get/vec4 6;
    %and;
T_17.0;
    %store/vec4 v0x5d00b4be17c0_0, 0, 1;
    %pushi/str "b=0: al=0 at=0";
    %store/str v0x5d00b4be1880_0;
    %fork TD_tb_scheduler_all_left.check, S_0x5d00b4be15c0;
    %join;
    %free S_0x5d00b4be15c0;
    %alloc S_0x5d00b4be1d40;
    %fork TD_tb_scheduler_all_left.next_box, S_0x5d00b4be1d40;
    %join;
    %free S_0x5d00b4be1d40;
    %alloc S_0x5d00b4be15c0;
    %load/vec4 v0x5d00b4be3050_0;
    %cmpi/e 0, 0, 1;
    %flag_get/vec4 6;
    %jmp/0 T_17.1, 6;
    %load/vec4 v0x5d00b4be3110_0;
    %pushi/vec4 0, 0, 1;
    %cmp/e;
    %flag_get/vec4 6;
    %and;
T_17.1;
    %store/vec4 v0x5d00b4be17c0_0, 0, 1;
    %pushi/str "b=1: al=0 at=0";
    %store/str v0x5d00b4be1880_0;
    %fork TD_tb_scheduler_all_left.check, S_0x5d00b4be15c0;
    %join;
    %free S_0x5d00b4be15c0;
    %alloc S_0x5d00b4be1d40;
    %fork TD_tb_scheduler_all_left.next_box, S_0x5d00b4be1d40;
    %join;
    %free S_0x5d00b4be1d40;
    %alloc S_0x5d00b4be15c0;
    %load/vec4 v0x5d00b4be3050_0;
    %cmpi/e 0, 0, 1;
    %flag_get/vec4 6;
    %jmp/0 T_17.2, 6;
    %load/vec4 v0x5d00b4be3110_0;
    %pushi/vec4 0, 0, 1;
    %cmp/e;
    %flag_get/vec4 6;
    %and;
T_17.2;
    %store/vec4 v0x5d00b4be17c0_0, 0, 1;
    %pushi/str "b=2: al=0 at=0";
    %store/str v0x5d00b4be1880_0;
    %fork TD_tb_scheduler_all_left.check, S_0x5d00b4be15c0;
    %join;
    %free S_0x5d00b4be15c0;
    %alloc S_0x5d00b4be1d40;
    %fork TD_tb_scheduler_all_left.next_box, S_0x5d00b4be1d40;
    %join;
    %free S_0x5d00b4be1d40;
    %alloc S_0x5d00b4be15c0;
    %load/vec4 v0x5d00b4be3050_0;
    %cmpi/e 0, 0, 1;
    %flag_get/vec4 6;
    %jmp/0 T_17.3, 6;
    %load/vec4 v0x5d00b4be3110_0;
    %pushi/vec4 0, 0, 1;
    %cmp/e;
    %flag_get/vec4 6;
    %and;
T_17.3;
    %store/vec4 v0x5d00b4be17c0_0, 0, 1;
    %pushi/str "b=3: al=0 at=0";
    %store/str v0x5d00b4be1880_0;
    %fork TD_tb_scheduler_all_left.check, S_0x5d00b4be15c0;
    %join;
    %free S_0x5d00b4be15c0;
    %alloc S_0x5d00b4be1fd0;
    %pushi/str "2. zoom=1 \342\200\224 only current box matters (no ancestor info)";
    %store/str v0x5d00b4be21b0_0;
    %fork TD_tb_scheduler_all_left.suite, S_0x5d00b4be1fd0;
    %join;
    %free S_0x5d00b4be1fd0;
    %alloc S_0x5d00b4be1b60;
    %fork TD_tb_scheduler_all_left.do_reset, S_0x5d00b4be1b60;
    %join;
    %free S_0x5d00b4be1b60;
    %alloc S_0x5d00b4be1940;
    %fork TD_tb_scheduler_all_left.descend, S_0x5d00b4be1940;
    %join;
    %free S_0x5d00b4be1940;
    %alloc S_0x5d00b4be15c0;
    %load/vec4 v0x5d00b4be3050_0;
    %cmpi/e 1, 0, 1;
    %flag_get/vec4 6;
    %jmp/0 T_17.4, 6;
    %load/vec4 v0x5d00b4be3110_0;
    %pushi/vec4 1, 0, 1;
    %cmp/e;
    %flag_get/vec4 6;
    %and;
T_17.4;
    %store/vec4 v0x5d00b4be17c0_0, 0, 1;
    %pushi/str "b=0(00): al=1 at=1";
    %store/str v0x5d00b4be1880_0;
    %fork TD_tb_scheduler_all_left.check, S_0x5d00b4be15c0;
    %join;
    %free S_0x5d00b4be15c0;
    %alloc S_0x5d00b4be1d40;
    %fork TD_tb_scheduler_all_left.next_box, S_0x5d00b4be1d40;
    %join;
    %free S_0x5d00b4be1d40;
    %alloc S_0x5d00b4be15c0;
    %load/vec4 v0x5d00b4be3050_0;
    %cmpi/e 0, 0, 1;
    %flag_get/vec4 6;
    %jmp/0 T_17.5, 6;
    %load/vec4 v0x5d00b4be3110_0;
    %pushi/vec4 1, 0, 1;
    %cmp/e;
    %flag_get/vec4 6;
    %and;
T_17.5;
    %store/vec4 v0x5d00b4be17c0_0, 0, 1;
    %pushi/str "b=1(01): al=0 at=1";
    %store/str v0x5d00b4be1880_0;
    %fork TD_tb_scheduler_all_left.check, S_0x5d00b4be15c0;
    %join;
    %free S_0x5d00b4be15c0;
    %alloc S_0x5d00b4be1d40;
    %fork TD_tb_scheduler_all_left.next_box, S_0x5d00b4be1d40;
    %join;
    %free S_0x5d00b4be1d40;
    %alloc S_0x5d00b4be15c0;
    %load/vec4 v0x5d00b4be3050_0;
    %cmpi/e 1, 0, 1;
    %flag_get/vec4 6;
    %jmp/0 T_17.6, 6;
    %load/vec4 v0x5d00b4be3110_0;
    %pushi/vec4 0, 0, 1;
    %cmp/e;
    %flag_get/vec4 6;
    %and;
T_17.6;
    %store/vec4 v0x5d00b4be17c0_0, 0, 1;
    %pushi/str "b=2(10): al=1 at=0";
    %store/str v0x5d00b4be1880_0;
    %fork TD_tb_scheduler_all_left.check, S_0x5d00b4be15c0;
    %join;
    %free S_0x5d00b4be15c0;
    %alloc S_0x5d00b4be1d40;
    %fork TD_tb_scheduler_all_left.next_box, S_0x5d00b4be1d40;
    %join;
    %free S_0x5d00b4be1d40;
    %alloc S_0x5d00b4be15c0;
    %load/vec4 v0x5d00b4be3050_0;
    %cmpi/e 0, 0, 1;
    %flag_get/vec4 6;
    %jmp/0 T_17.7, 6;
    %load/vec4 v0x5d00b4be3110_0;
    %pushi/vec4 0, 0, 1;
    %cmp/e;
    %flag_get/vec4 6;
    %and;
T_17.7;
    %store/vec4 v0x5d00b4be17c0_0, 0, 1;
    %pushi/str "b=3(11): al=0 at=0";
    %store/str v0x5d00b4be1880_0;
    %fork TD_tb_scheduler_all_left.check, S_0x5d00b4be15c0;
    %join;
    %free S_0x5d00b4be15c0;
    %alloc S_0x5d00b4be1fd0;
    %pushi/str "3. all-left-all-top descent (every box on path is 00)";
    %store/str v0x5d00b4be21b0_0;
    %fork TD_tb_scheduler_all_left.suite, S_0x5d00b4be1fd0;
    %join;
    %free S_0x5d00b4be1fd0;
    %alloc S_0x5d00b4be1b60;
    %fork TD_tb_scheduler_all_left.do_reset, S_0x5d00b4be1b60;
    %join;
    %free S_0x5d00b4be1b60;
    %alloc S_0x5d00b4be1940;
    %fork TD_tb_scheduler_all_left.descend, S_0x5d00b4be1940;
    %join;
    %free S_0x5d00b4be1940;
    %alloc S_0x5d00b4be1940;
    %fork TD_tb_scheduler_all_left.descend, S_0x5d00b4be1940;
    %join;
    %free S_0x5d00b4be1940;
    %alloc S_0x5d00b4be1940;
    %fork TD_tb_scheduler_all_left.descend, S_0x5d00b4be1940;
    %join;
    %free S_0x5d00b4be1940;
    %alloc S_0x5d00b4be15c0;
    %load/vec4 v0x5d00b4be3050_0;
    %cmpi/e 1, 0, 1;
    %flag_get/vec4 6;
    %jmp/0 T_17.8, 6;
    %load/vec4 v0x5d00b4be3110_0;
    %pushi/vec4 1, 0, 1;
    %cmp/e;
    %flag_get/vec4 6;
    %and;
T_17.8;
    %store/vec4 v0x5d00b4be17c0_0, 0, 1;
    %pushi/str "z=3 b=0: al=1 at=1";
    %store/str v0x5d00b4be1880_0;
    %fork TD_tb_scheduler_all_left.check, S_0x5d00b4be15c0;
    %join;
    %free S_0x5d00b4be15c0;
    %alloc S_0x5d00b4be1d40;
    %fork TD_tb_scheduler_all_left.next_box, S_0x5d00b4be1d40;
    %join;
    %free S_0x5d00b4be1d40;
    %alloc S_0x5d00b4be15c0;
    %load/vec4 v0x5d00b4be3050_0;
    %cmpi/e 0, 0, 1;
    %flag_get/vec4 6;
    %jmp/0 T_17.9, 6;
    %load/vec4 v0x5d00b4be3110_0;
    %pushi/vec4 1, 0, 1;
    %cmp/e;
    %flag_get/vec4 6;
    %and;
T_17.9;
    %store/vec4 v0x5d00b4be17c0_0, 0, 1;
    %pushi/str "z=3 b=1: al=0 at=1";
    %store/str v0x5d00b4be1880_0;
    %fork TD_tb_scheduler_all_left.check, S_0x5d00b4be15c0;
    %join;
    %free S_0x5d00b4be15c0;
    %alloc S_0x5d00b4be1d40;
    %fork TD_tb_scheduler_all_left.next_box, S_0x5d00b4be1d40;
    %join;
    %free S_0x5d00b4be1d40;
    %alloc S_0x5d00b4be15c0;
    %load/vec4 v0x5d00b4be3050_0;
    %cmpi/e 1, 0, 1;
    %flag_get/vec4 6;
    %jmp/0 T_17.10, 6;
    %load/vec4 v0x5d00b4be3110_0;
    %pushi/vec4 0, 0, 1;
    %cmp/e;
    %flag_get/vec4 6;
    %and;
T_17.10;
    %store/vec4 v0x5d00b4be17c0_0, 0, 1;
    %pushi/str "z=3 b=2: al=1 at=0";
    %store/str v0x5d00b4be1880_0;
    %fork TD_tb_scheduler_all_left.check, S_0x5d00b4be15c0;
    %join;
    %free S_0x5d00b4be15c0;
    %alloc S_0x5d00b4be1d40;
    %fork TD_tb_scheduler_all_left.next_box, S_0x5d00b4be1d40;
    %join;
    %free S_0x5d00b4be1d40;
    %alloc S_0x5d00b4be15c0;
    %load/vec4 v0x5d00b4be3050_0;
    %cmpi/e 0, 0, 1;
    %flag_get/vec4 6;
    %jmp/0 T_17.11, 6;
    %load/vec4 v0x5d00b4be3110_0;
    %pushi/vec4 0, 0, 1;
    %cmp/e;
    %flag_get/vec4 6;
    %and;
T_17.11;
    %store/vec4 v0x5d00b4be17c0_0, 0, 1;
    %pushi/str "z=3 b=3: al=0 at=0";
    %store/str v0x5d00b4be1880_0;
    %fork TD_tb_scheduler_all_left.check, S_0x5d00b4be15c0;
    %join;
    %free S_0x5d00b4be15c0;
    %alloc S_0x5d00b4be1fd0;
    %pushi/str "4. non-left parent (z=1 b=1) \342\200\224 al=0 for all z=2 boxes";
    %store/str v0x5d00b4be21b0_0;
    %fork TD_tb_scheduler_all_left.suite, S_0x5d00b4be1fd0;
    %join;
    %free S_0x5d00b4be1fd0;
    %alloc S_0x5d00b4be1b60;
    %fork TD_tb_scheduler_all_left.do_reset, S_0x5d00b4be1b60;
    %join;
    %free S_0x5d00b4be1b60;
    %alloc S_0x5d00b4be1940;
    %fork TD_tb_scheduler_all_left.descend, S_0x5d00b4be1940;
    %join;
    %free S_0x5d00b4be1940;
    %alloc S_0x5d00b4be1d40;
    %fork TD_tb_scheduler_all_left.next_box, S_0x5d00b4be1d40;
    %join;
    %free S_0x5d00b4be1d40;
    %alloc S_0x5d00b4be15c0;
    %load/vec4 v0x5d00b4be3050_0;
    %pushi/vec4 0, 0, 1;
    %cmp/e;
    %flag_get/vec4 6;
    %store/vec4 v0x5d00b4be17c0_0, 0, 1;
    %pushi/str "z=1 b=1: al=0 (right)";
    %store/str v0x5d00b4be1880_0;
    %fork TD_tb_scheduler_all_left.check, S_0x5d00b4be15c0;
    %join;
    %free S_0x5d00b4be15c0;
    %alloc S_0x5d00b4be1940;
    %fork TD_tb_scheduler_all_left.descend, S_0x5d00b4be1940;
    %join;
    %free S_0x5d00b4be1940;
    %alloc S_0x5d00b4be15c0;
    %load/vec4 v0x5d00b4be3050_0;
    %cmpi/e 0, 0, 1;
    %flag_get/vec4 6;
    %jmp/0 T_17.12, 6;
    %load/vec4 v0x5d00b4be3110_0;
    %pushi/vec4 1, 0, 1;
    %cmp/e;
    %flag_get/vec4 6;
    %and;
T_17.12;
    %store/vec4 v0x5d00b4be17c0_0, 0, 1;
    %pushi/str "z=2 b=0: al=0 at=1";
    %store/str v0x5d00b4be1880_0;
    %fork TD_tb_scheduler_all_left.check, S_0x5d00b4be15c0;
    %join;
    %free S_0x5d00b4be15c0;
    %alloc S_0x5d00b4be1d40;
    %fork TD_tb_scheduler_all_left.next_box, S_0x5d00b4be1d40;
    %join;
    %free S_0x5d00b4be1d40;
    %alloc S_0x5d00b4be15c0;
    %load/vec4 v0x5d00b4be3050_0;
    %pushi/vec4 0, 0, 1;
    %cmp/e;
    %flag_get/vec4 6;
    %store/vec4 v0x5d00b4be17c0_0, 0, 1;
    %pushi/str "z=2 b=1: al=0";
    %store/str v0x5d00b4be1880_0;
    %fork TD_tb_scheduler_all_left.check, S_0x5d00b4be15c0;
    %join;
    %free S_0x5d00b4be15c0;
    %alloc S_0x5d00b4be1d40;
    %fork TD_tb_scheduler_all_left.next_box, S_0x5d00b4be1d40;
    %join;
    %free S_0x5d00b4be1d40;
    %alloc S_0x5d00b4be15c0;
    %load/vec4 v0x5d00b4be3050_0;
    %pushi/vec4 0, 0, 1;
    %cmp/e;
    %flag_get/vec4 6;
    %store/vec4 v0x5d00b4be17c0_0, 0, 1;
    %pushi/str "z=2 b=2: al=0";
    %store/str v0x5d00b4be1880_0;
    %fork TD_tb_scheduler_all_left.check, S_0x5d00b4be15c0;
    %join;
    %free S_0x5d00b4be15c0;
    %alloc S_0x5d00b4be1d40;
    %fork TD_tb_scheduler_all_left.next_box, S_0x5d00b4be1d40;
    %join;
    %free S_0x5d00b4be1d40;
    %alloc S_0x5d00b4be15c0;
    %load/vec4 v0x5d00b4be3050_0;
    %pushi/vec4 0, 0, 1;
    %cmp/e;
    %flag_get/vec4 6;
    %store/vec4 v0x5d00b4be17c0_0, 0, 1;
    %pushi/str "z=2 b=3: al=0";
    %store/str v0x5d00b4be1880_0;
    %fork TD_tb_scheduler_all_left.check, S_0x5d00b4be15c0;
    %join;
    %free S_0x5d00b4be15c0;
    %alloc S_0x5d00b4be1fd0;
    %pushi/str "5. non-top parent (z=1 b=2) \342\200\224 at=0 for all z=2 boxes";
    %store/str v0x5d00b4be21b0_0;
    %fork TD_tb_scheduler_all_left.suite, S_0x5d00b4be1fd0;
    %join;
    %free S_0x5d00b4be1fd0;
    %alloc S_0x5d00b4be1b60;
    %fork TD_tb_scheduler_all_left.do_reset, S_0x5d00b4be1b60;
    %join;
    %free S_0x5d00b4be1b60;
    %alloc S_0x5d00b4be1940;
    %fork TD_tb_scheduler_all_left.descend, S_0x5d00b4be1940;
    %join;
    %free S_0x5d00b4be1940;
    %alloc S_0x5d00b4be1d40;
    %fork TD_tb_scheduler_all_left.next_box, S_0x5d00b4be1d40;
    %join;
    %free S_0x5d00b4be1d40;
    %alloc S_0x5d00b4be1d40;
    %fork TD_tb_scheduler_all_left.next_box, S_0x5d00b4be1d40;
    %join;
    %free S_0x5d00b4be1d40;
    %alloc S_0x5d00b4be15c0;
    %load/vec4 v0x5d00b4be3110_0;
    %pushi/vec4 0, 0, 1;
    %cmp/e;
    %flag_get/vec4 6;
    %store/vec4 v0x5d00b4be17c0_0, 0, 1;
    %pushi/str "z=1 b=2: at=0 (bottom)";
    %store/str v0x5d00b4be1880_0;
    %fork TD_tb_scheduler_all_left.check, S_0x5d00b4be15c0;
    %join;
    %free S_0x5d00b4be15c0;
    %alloc S_0x5d00b4be1940;
    %fork TD_tb_scheduler_all_left.descend, S_0x5d00b4be1940;
    %join;
    %free S_0x5d00b4be1940;
    %alloc S_0x5d00b4be15c0;
    %load/vec4 v0x5d00b4be3050_0;
    %cmpi/e 1, 0, 1;
    %flag_get/vec4 6;
    %jmp/0 T_17.13, 6;
    %load/vec4 v0x5d00b4be3110_0;
    %pushi/vec4 0, 0, 1;
    %cmp/e;
    %flag_get/vec4 6;
    %and;
T_17.13;
    %store/vec4 v0x5d00b4be17c0_0, 0, 1;
    %pushi/str "z=2 b=0: al=1 at=0";
    %store/str v0x5d00b4be1880_0;
    %fork TD_tb_scheduler_all_left.check, S_0x5d00b4be15c0;
    %join;
    %free S_0x5d00b4be15c0;
    %alloc S_0x5d00b4be1d40;
    %fork TD_tb_scheduler_all_left.next_box, S_0x5d00b4be1d40;
    %join;
    %free S_0x5d00b4be1d40;
    %alloc S_0x5d00b4be15c0;
    %load/vec4 v0x5d00b4be3110_0;
    %pushi/vec4 0, 0, 1;
    %cmp/e;
    %flag_get/vec4 6;
    %store/vec4 v0x5d00b4be17c0_0, 0, 1;
    %pushi/str "z=2 b=1: at=0";
    %store/str v0x5d00b4be1880_0;
    %fork TD_tb_scheduler_all_left.check, S_0x5d00b4be15c0;
    %join;
    %free S_0x5d00b4be15c0;
    %alloc S_0x5d00b4be1d40;
    %fork TD_tb_scheduler_all_left.next_box, S_0x5d00b4be1d40;
    %join;
    %free S_0x5d00b4be1d40;
    %alloc S_0x5d00b4be15c0;
    %load/vec4 v0x5d00b4be3110_0;
    %pushi/vec4 0, 0, 1;
    %cmp/e;
    %flag_get/vec4 6;
    %store/vec4 v0x5d00b4be17c0_0, 0, 1;
    %pushi/str "z=2 b=2: at=0";
    %store/str v0x5d00b4be1880_0;
    %fork TD_tb_scheduler_all_left.check, S_0x5d00b4be15c0;
    %join;
    %free S_0x5d00b4be15c0;
    %alloc S_0x5d00b4be1d40;
    %fork TD_tb_scheduler_all_left.next_box, S_0x5d00b4be1d40;
    %join;
    %free S_0x5d00b4be1d40;
    %alloc S_0x5d00b4be15c0;
    %load/vec4 v0x5d00b4be3110_0;
    %pushi/vec4 0, 0, 1;
    %cmp/e;
    %flag_get/vec4 6;
    %store/vec4 v0x5d00b4be17c0_0, 0, 1;
    %pushi/str "z=2 b=3: at=0";
    %store/str v0x5d00b4be1880_0;
    %fork TD_tb_scheduler_all_left.check, S_0x5d00b4be15c0;
    %join;
    %free S_0x5d00b4be15c0;
    %alloc S_0x5d00b4be1fd0;
    %pushi/str "6. pop restores pure ancestor info \342\200\224 the key fix";
    %store/str v0x5d00b4be21b0_0;
    %fork TD_tb_scheduler_all_left.suite, S_0x5d00b4be1fd0;
    %join;
    %free S_0x5d00b4be1fd0;
    %alloc S_0x5d00b4be1b60;
    %fork TD_tb_scheduler_all_left.do_reset, S_0x5d00b4be1b60;
    %join;
    %free S_0x5d00b4be1b60;
    %alloc S_0x5d00b4be1940;
    %fork TD_tb_scheduler_all_left.descend, S_0x5d00b4be1940;
    %join;
    %free S_0x5d00b4be1940;
    %alloc S_0x5d00b4be1940;
    %fork TD_tb_scheduler_all_left.descend, S_0x5d00b4be1940;
    %join;
    %free S_0x5d00b4be1940;
    %alloc S_0x5d00b4be15c0;
    %load/vec4 v0x5d00b4be3050_0;
    %cmpi/e 1, 0, 1;
    %flag_get/vec4 6;
    %jmp/0 T_17.14, 6;
    %load/vec4 v0x5d00b4be3110_0;
    %pushi/vec4 1, 0, 1;
    %cmp/e;
    %flag_get/vec4 6;
    %and;
T_17.14;
    %store/vec4 v0x5d00b4be17c0_0, 0, 1;
    %pushi/str "z=2 b=0: al=1 at=1";
    %store/str v0x5d00b4be1880_0;
    %fork TD_tb_scheduler_all_left.check, S_0x5d00b4be15c0;
    %join;
    %free S_0x5d00b4be15c0;
    %alloc S_0x5d00b4be1d40;
    %fork TD_tb_scheduler_all_left.next_box, S_0x5d00b4be1d40;
    %join;
    %free S_0x5d00b4be1d40;
    %alloc S_0x5d00b4be15c0;
    %load/vec4 v0x5d00b4be3050_0;
    %cmpi/e 0, 0, 1;
    %flag_get/vec4 6;
    %jmp/0 T_17.15, 6;
    %load/vec4 v0x5d00b4be3110_0;
    %pushi/vec4 1, 0, 1;
    %cmp/e;
    %flag_get/vec4 6;
    %and;
T_17.15;
    %store/vec4 v0x5d00b4be17c0_0, 0, 1;
    %pushi/str "z=2 b=1: al=0 at=1";
    %store/str v0x5d00b4be1880_0;
    %fork TD_tb_scheduler_all_left.check, S_0x5d00b4be15c0;
    %join;
    %free S_0x5d00b4be15c0;
    %alloc S_0x5d00b4be1940;
    %fork TD_tb_scheduler_all_left.descend, S_0x5d00b4be1940;
    %join;
    %free S_0x5d00b4be1940;
    %alloc S_0x5d00b4be15c0;
    %load/vec4 v0x5d00b4be3050_0;
    %cmpi/e 0, 0, 1;
    %flag_get/vec4 6;
    %jmp/0 T_17.16, 6;
    %load/vec4 v0x5d00b4be3110_0;
    %pushi/vec4 1, 0, 1;
    %cmp/e;
    %flag_get/vec4 6;
    %and;
T_17.16;
    %store/vec4 v0x5d00b4be17c0_0, 0, 1;
    %pushi/str "z=3 b=0: al=0 (parent right)";
    %store/str v0x5d00b4be1880_0;
    %fork TD_tb_scheduler_all_left.check, S_0x5d00b4be15c0;
    %join;
    %free S_0x5d00b4be15c0;
    %alloc S_0x5d00b4be13b0;
    %fork TD_tb_scheduler_all_left.ascend, S_0x5d00b4be13b0;
    %join;
    %free S_0x5d00b4be13b0;
    %alloc S_0x5d00b4be15c0;
    %load/vec4 v0x5d00b4be3050_0;
    %cmpi/e 1, 0, 1;
    %flag_get/vec4 6;
    %jmp/0 T_17.17, 6;
    %load/vec4 v0x5d00b4be3110_0;
    %pushi/vec4 0, 0, 1;
    %cmp/e;
    %flag_get/vec4 6;
    %and;
T_17.17;
    %store/vec4 v0x5d00b4be17c0_0, 0, 1;
    %pushi/str "z=2 b=2 after pop: al=1 at=0 (z=1 b=0 was left+top)";
    %store/str v0x5d00b4be1880_0;
    %fork TD_tb_scheduler_all_left.check, S_0x5d00b4be15c0;
    %join;
    %free S_0x5d00b4be15c0;
    %alloc S_0x5d00b4be1d40;
    %fork TD_tb_scheduler_all_left.next_box, S_0x5d00b4be1d40;
    %join;
    %free S_0x5d00b4be1d40;
    %alloc S_0x5d00b4be15c0;
    %load/vec4 v0x5d00b4be3050_0;
    %cmpi/e 0, 0, 1;
    %flag_get/vec4 6;
    %jmp/0 T_17.18, 6;
    %load/vec4 v0x5d00b4be3110_0;
    %pushi/vec4 0, 0, 1;
    %cmp/e;
    %flag_get/vec4 6;
    %and;
T_17.18;
    %store/vec4 v0x5d00b4be17c0_0, 0, 1;
    %pushi/str "z=2 b=3: al=0 at=0";
    %store/str v0x5d00b4be1880_0;
    %fork TD_tb_scheduler_all_left.check, S_0x5d00b4be15c0;
    %join;
    %free S_0x5d00b4be15c0;
    %alloc S_0x5d00b4be1b60;
    %fork TD_tb_scheduler_all_left.do_reset, S_0x5d00b4be1b60;
    %join;
    %free S_0x5d00b4be1b60;
    %alloc S_0x5d00b4be1940;
    %fork TD_tb_scheduler_all_left.descend, S_0x5d00b4be1940;
    %join;
    %free S_0x5d00b4be1940;
    %alloc S_0x5d00b4be1940;
    %fork TD_tb_scheduler_all_left.descend, S_0x5d00b4be1940;
    %join;
    %free S_0x5d00b4be1940;
    %alloc S_0x5d00b4be1d40;
    %fork TD_tb_scheduler_all_left.next_box, S_0x5d00b4be1d40;
    %join;
    %free S_0x5d00b4be1d40;
    %alloc S_0x5d00b4be1d40;
    %fork TD_tb_scheduler_all_left.next_box, S_0x5d00b4be1d40;
    %join;
    %free S_0x5d00b4be1d40;
    %alloc S_0x5d00b4be15c0;
    %load/vec4 v0x5d00b4be3110_0;
    %pushi/vec4 0, 0, 1;
    %cmp/e;
    %flag_get/vec4 6;
    %store/vec4 v0x5d00b4be17c0_0, 0, 1;
    %pushi/str "z=2 b=2: at=0 (bottom)";
    %store/str v0x5d00b4be1880_0;
    %fork TD_tb_scheduler_all_left.check, S_0x5d00b4be15c0;
    %join;
    %free S_0x5d00b4be15c0;
    %alloc S_0x5d00b4be1940;
    %fork TD_tb_scheduler_all_left.descend, S_0x5d00b4be1940;
    %join;
    %free S_0x5d00b4be1940;
    %alloc S_0x5d00b4be15c0;
    %load/vec4 v0x5d00b4be3110_0;
    %pushi/vec4 0, 0, 1;
    %cmp/e;
    %flag_get/vec4 6;
    %store/vec4 v0x5d00b4be17c0_0, 0, 1;
    %pushi/str "z=3 b=0: at=0 (parent was bottom)";
    %store/str v0x5d00b4be1880_0;
    %fork TD_tb_scheduler_all_left.check, S_0x5d00b4be15c0;
    %join;
    %free S_0x5d00b4be15c0;
    %alloc S_0x5d00b4be13b0;
    %fork TD_tb_scheduler_all_left.ascend, S_0x5d00b4be13b0;
    %join;
    %free S_0x5d00b4be13b0;
    %alloc S_0x5d00b4be15c0;
    %load/vec4 v0x5d00b4be3110_0;
    %pushi/vec4 0, 0, 1;
    %cmp/e;
    %flag_get/vec4 6;
    %store/vec4 v0x5d00b4be17c0_0, 0, 1;
    %pushi/str "z=2 b=3 after pop: at=0 (ancestor was bottom)";
    %store/str v0x5d00b4be1880_0;
    %fork TD_tb_scheduler_all_left.check, S_0x5d00b4be15c0;
    %join;
    %free S_0x5d00b4be15c0;
    %alloc S_0x5d00b4be1fd0;
    %pushi/str "7. deep descent (z=0\342\206\2224) then full pop sequence";
    %store/str v0x5d00b4be21b0_0;
    %fork TD_tb_scheduler_all_left.suite, S_0x5d00b4be1fd0;
    %join;
    %free S_0x5d00b4be1fd0;
    %alloc S_0x5d00b4be1b60;
    %fork TD_tb_scheduler_all_left.do_reset, S_0x5d00b4be1b60;
    %join;
    %free S_0x5d00b4be1b60;
    %alloc S_0x5d00b4be1940;
    %fork TD_tb_scheduler_all_left.descend, S_0x5d00b4be1940;
    %join;
    %free S_0x5d00b4be1940;
    %alloc S_0x5d00b4be1940;
    %fork TD_tb_scheduler_all_left.descend, S_0x5d00b4be1940;
    %join;
    %free S_0x5d00b4be1940;
    %alloc S_0x5d00b4be1940;
    %fork TD_tb_scheduler_all_left.descend, S_0x5d00b4be1940;
    %join;
    %free S_0x5d00b4be1940;
    %alloc S_0x5d00b4be1940;
    %fork TD_tb_scheduler_all_left.descend, S_0x5d00b4be1940;
    %join;
    %free S_0x5d00b4be1940;
    %alloc S_0x5d00b4be15c0;
    %load/vec4 v0x5d00b4be3050_0;
    %cmpi/e 1, 0, 1;
    %flag_get/vec4 6;
    %jmp/0 T_17.19, 6;
    %load/vec4 v0x5d00b4be3110_0;
    %pushi/vec4 1, 0, 1;
    %cmp/e;
    %flag_get/vec4 6;
    %and;
T_17.19;
    %store/vec4 v0x5d00b4be17c0_0, 0, 1;
    %pushi/str "z=4 b=0: al=1 at=1";
    %store/str v0x5d00b4be1880_0;
    %fork TD_tb_scheduler_all_left.check, S_0x5d00b4be15c0;
    %join;
    %free S_0x5d00b4be15c0;
    %alloc S_0x5d00b4be13b0;
    %fork TD_tb_scheduler_all_left.ascend, S_0x5d00b4be13b0;
    %join;
    %free S_0x5d00b4be13b0;
    %alloc S_0x5d00b4be15c0;
    %load/vec4 v0x5d00b4be3050_0;
    %cmpi/e 0, 0, 1;
    %flag_get/vec4 6;
    %jmp/0 T_17.20, 6;
    %load/vec4 v0x5d00b4be3110_0;
    %pushi/vec4 1, 0, 1;
    %cmp/e;
    %flag_get/vec4 6;
    %and;
T_17.20;
    %store/vec4 v0x5d00b4be17c0_0, 0, 1;
    %pushi/str "z=3 b=1: al=0 at=1";
    %store/str v0x5d00b4be1880_0;
    %fork TD_tb_scheduler_all_left.check, S_0x5d00b4be15c0;
    %join;
    %free S_0x5d00b4be15c0;
    %alloc S_0x5d00b4be13b0;
    %fork TD_tb_scheduler_all_left.ascend, S_0x5d00b4be13b0;
    %join;
    %free S_0x5d00b4be13b0;
    %alloc S_0x5d00b4be15c0;
    %load/vec4 v0x5d00b4be3050_0;
    %cmpi/e 0, 0, 1;
    %flag_get/vec4 6;
    %jmp/0 T_17.21, 6;
    %load/vec4 v0x5d00b4be3110_0;
    %pushi/vec4 1, 0, 1;
    %cmp/e;
    %flag_get/vec4 6;
    %and;
T_17.21;
    %store/vec4 v0x5d00b4be17c0_0, 0, 1;
    %pushi/str "z=2 b=1: al=0 at=1";
    %store/str v0x5d00b4be1880_0;
    %fork TD_tb_scheduler_all_left.check, S_0x5d00b4be15c0;
    %join;
    %free S_0x5d00b4be15c0;
    %alloc S_0x5d00b4be13b0;
    %fork TD_tb_scheduler_all_left.ascend, S_0x5d00b4be13b0;
    %join;
    %free S_0x5d00b4be13b0;
    %alloc S_0x5d00b4be15c0;
    %load/vec4 v0x5d00b4be3050_0;
    %cmpi/e 0, 0, 1;
    %flag_get/vec4 6;
    %jmp/0 T_17.22, 6;
    %load/vec4 v0x5d00b4be3110_0;
    %pushi/vec4 1, 0, 1;
    %cmp/e;
    %flag_get/vec4 6;
    %and;
T_17.22;
    %store/vec4 v0x5d00b4be17c0_0, 0, 1;
    %pushi/str "z=1 b=1: al=0 at=1 (zoom=1 rule)";
    %store/str v0x5d00b4be1880_0;
    %fork TD_tb_scheduler_all_left.check, S_0x5d00b4be15c0;
    %join;
    %free S_0x5d00b4be15c0;
    %alloc S_0x5d00b4be13b0;
    %fork TD_tb_scheduler_all_left.ascend, S_0x5d00b4be13b0;
    %join;
    %free S_0x5d00b4be13b0;
    %alloc S_0x5d00b4be15c0;
    %load/vec4 v0x5d00b4be3050_0;
    %cmpi/e 0, 0, 1;
    %flag_get/vec4 6;
    %jmp/0 T_17.23, 6;
    %load/vec4 v0x5d00b4be3110_0;
    %pushi/vec4 0, 0, 1;
    %cmp/e;
    %flag_get/vec4 6;
    %and;
T_17.23;
    %store/vec4 v0x5d00b4be17c0_0, 0, 1;
    %pushi/str "z=0: al=0 at=0 (zoom=0 rule)";
    %store/str v0x5d00b4be1880_0;
    %fork TD_tb_scheduler_all_left.check, S_0x5d00b4be15c0;
    %join;
    %free S_0x5d00b4be15c0;
    %alloc S_0x5d00b4be1fd0;
    %pushi/str "8. sequential descents from each z=2 box (all-left-top z=1 ancestor)";
    %store/str v0x5d00b4be21b0_0;
    %fork TD_tb_scheduler_all_left.suite, S_0x5d00b4be1fd0;
    %join;
    %free S_0x5d00b4be1fd0;
    %alloc S_0x5d00b4be1b60;
    %fork TD_tb_scheduler_all_left.do_reset, S_0x5d00b4be1b60;
    %join;
    %free S_0x5d00b4be1b60;
    %alloc S_0x5d00b4be1940;
    %fork TD_tb_scheduler_all_left.descend, S_0x5d00b4be1940;
    %join;
    %free S_0x5d00b4be1940;
    %alloc S_0x5d00b4be1940;
    %fork TD_tb_scheduler_all_left.descend, S_0x5d00b4be1940;
    %join;
    %free S_0x5d00b4be1940;
    %alloc S_0x5d00b4be1940;
    %fork TD_tb_scheduler_all_left.descend, S_0x5d00b4be1940;
    %join;
    %free S_0x5d00b4be1940;
    %alloc S_0x5d00b4be15c0;
    %load/vec4 v0x5d00b4be3050_0;
    %cmpi/e 1, 0, 1;
    %flag_get/vec4 6;
    %jmp/0 T_17.24, 6;
    %load/vec4 v0x5d00b4be3110_0;
    %pushi/vec4 1, 0, 1;
    %cmp/e;
    %flag_get/vec4 6;
    %and;
T_17.24;
    %store/vec4 v0x5d00b4be17c0_0, 0, 1;
    %pushi/str "z=3 b=0 from z=2 b=0: al=1 at=1";
    %store/str v0x5d00b4be1880_0;
    %fork TD_tb_scheduler_all_left.check, S_0x5d00b4be15c0;
    %join;
    %free S_0x5d00b4be15c0;
    %alloc S_0x5d00b4be13b0;
    %fork TD_tb_scheduler_all_left.ascend, S_0x5d00b4be13b0;
    %join;
    %free S_0x5d00b4be13b0;
    %alloc S_0x5d00b4be15c0;
    %load/vec4 v0x5d00b4be3050_0;
    %cmpi/e 0, 0, 1;
    %flag_get/vec4 6;
    %jmp/0 T_17.25, 6;
    %load/vec4 v0x5d00b4be3110_0;
    %pushi/vec4 1, 0, 1;
    %cmp/e;
    %flag_get/vec4 6;
    %and;
T_17.25;
    %store/vec4 v0x5d00b4be17c0_0, 0, 1;
    %pushi/str "z=2 b=1: al=0 at=1";
    %store/str v0x5d00b4be1880_0;
    %fork TD_tb_scheduler_all_left.check, S_0x5d00b4be15c0;
    %join;
    %free S_0x5d00b4be15c0;
    %alloc S_0x5d00b4be1940;
    %fork TD_tb_scheduler_all_left.descend, S_0x5d00b4be1940;
    %join;
    %free S_0x5d00b4be1940;
    %alloc S_0x5d00b4be15c0;
    %load/vec4 v0x5d00b4be3050_0;
    %cmpi/e 0, 0, 1;
    %flag_get/vec4 6;
    %jmp/0 T_17.26, 6;
    %load/vec4 v0x5d00b4be3110_0;
    %pushi/vec4 1, 0, 1;
    %cmp/e;
    %flag_get/vec4 6;
    %and;
T_17.26;
    %store/vec4 v0x5d00b4be17c0_0, 0, 1;
    %pushi/str "z=3 b=0 from z=2 b=1: al=0 at=1";
    %store/str v0x5d00b4be1880_0;
    %fork TD_tb_scheduler_all_left.check, S_0x5d00b4be15c0;
    %join;
    %free S_0x5d00b4be15c0;
    %alloc S_0x5d00b4be13b0;
    %fork TD_tb_scheduler_all_left.ascend, S_0x5d00b4be13b0;
    %join;
    %free S_0x5d00b4be13b0;
    %alloc S_0x5d00b4be15c0;
    %load/vec4 v0x5d00b4be3050_0;
    %cmpi/e 1, 0, 1;
    %flag_get/vec4 6;
    %jmp/0 T_17.27, 6;
    %load/vec4 v0x5d00b4be3110_0;
    %pushi/vec4 0, 0, 1;
    %cmp/e;
    %flag_get/vec4 6;
    %and;
T_17.27;
    %store/vec4 v0x5d00b4be17c0_0, 0, 1;
    %pushi/str "z=2 b=2: al=1 at=0";
    %store/str v0x5d00b4be1880_0;
    %fork TD_tb_scheduler_all_left.check, S_0x5d00b4be15c0;
    %join;
    %free S_0x5d00b4be15c0;
    %alloc S_0x5d00b4be1940;
    %fork TD_tb_scheduler_all_left.descend, S_0x5d00b4be1940;
    %join;
    %free S_0x5d00b4be1940;
    %alloc S_0x5d00b4be15c0;
    %load/vec4 v0x5d00b4be3050_0;
    %cmpi/e 1, 0, 1;
    %flag_get/vec4 6;
    %jmp/0 T_17.28, 6;
    %load/vec4 v0x5d00b4be3110_0;
    %pushi/vec4 0, 0, 1;
    %cmp/e;
    %flag_get/vec4 6;
    %and;
T_17.28;
    %store/vec4 v0x5d00b4be17c0_0, 0, 1;
    %pushi/str "z=3 b=0 from z=2 b=2: al=1 at=0";
    %store/str v0x5d00b4be1880_0;
    %fork TD_tb_scheduler_all_left.check, S_0x5d00b4be15c0;
    %join;
    %free S_0x5d00b4be15c0;
    %alloc S_0x5d00b4be13b0;
    %fork TD_tb_scheduler_all_left.ascend, S_0x5d00b4be13b0;
    %join;
    %free S_0x5d00b4be13b0;
    %alloc S_0x5d00b4be15c0;
    %load/vec4 v0x5d00b4be3050_0;
    %cmpi/e 0, 0, 1;
    %flag_get/vec4 6;
    %jmp/0 T_17.29, 6;
    %load/vec4 v0x5d00b4be3110_0;
    %pushi/vec4 0, 0, 1;
    %cmp/e;
    %flag_get/vec4 6;
    %and;
T_17.29;
    %store/vec4 v0x5d00b4be17c0_0, 0, 1;
    %pushi/str "z=2 b=3: al=0 at=0";
    %store/str v0x5d00b4be1880_0;
    %fork TD_tb_scheduler_all_left.check, S_0x5d00b4be15c0;
    %join;
    %free S_0x5d00b4be15c0;
    %alloc S_0x5d00b4be1fd0;
    %pushi/str "9. broken left chain propagates to z=4";
    %store/str v0x5d00b4be21b0_0;
    %fork TD_tb_scheduler_all_left.suite, S_0x5d00b4be1fd0;
    %join;
    %free S_0x5d00b4be1fd0;
    %alloc S_0x5d00b4be1b60;
    %fork TD_tb_scheduler_all_left.do_reset, S_0x5d00b4be1b60;
    %join;
    %free S_0x5d00b4be1b60;
    %alloc S_0x5d00b4be1940;
    %fork TD_tb_scheduler_all_left.descend, S_0x5d00b4be1940;
    %join;
    %free S_0x5d00b4be1940;
    %alloc S_0x5d00b4be1940;
    %fork TD_tb_scheduler_all_left.descend, S_0x5d00b4be1940;
    %join;
    %free S_0x5d00b4be1940;
    %alloc S_0x5d00b4be1d40;
    %fork TD_tb_scheduler_all_left.next_box, S_0x5d00b4be1d40;
    %join;
    %free S_0x5d00b4be1d40;
    %alloc S_0x5d00b4be1940;
    %fork TD_tb_scheduler_all_left.descend, S_0x5d00b4be1940;
    %join;
    %free S_0x5d00b4be1940;
    %alloc S_0x5d00b4be15c0;
    %load/vec4 v0x5d00b4be3050_0;
    %pushi/vec4 0, 0, 1;
    %cmp/e;
    %flag_get/vec4 6;
    %store/vec4 v0x5d00b4be17c0_0, 0, 1;
    %pushi/str "z=3 b=0: al=0 (chain broken at z=2 b=1)";
    %store/str v0x5d00b4be1880_0;
    %fork TD_tb_scheduler_all_left.check, S_0x5d00b4be15c0;
    %join;
    %free S_0x5d00b4be15c0;
    %alloc S_0x5d00b4be15c0;
    %load/vec4 v0x5d00b4be3110_0;
    %pushi/vec4 1, 0, 1;
    %cmp/e;
    %flag_get/vec4 6;
    %store/vec4 v0x5d00b4be17c0_0, 0, 1;
    %pushi/str "z=3 b=0: at=1 (top chain still intact)";
    %store/str v0x5d00b4be1880_0;
    %fork TD_tb_scheduler_all_left.check, S_0x5d00b4be15c0;
    %join;
    %free S_0x5d00b4be15c0;
    %alloc S_0x5d00b4be1940;
    %fork TD_tb_scheduler_all_left.descend, S_0x5d00b4be1940;
    %join;
    %free S_0x5d00b4be1940;
    %alloc S_0x5d00b4be15c0;
    %load/vec4 v0x5d00b4be3050_0;
    %pushi/vec4 0, 0, 1;
    %cmp/e;
    %flag_get/vec4 6;
    %store/vec4 v0x5d00b4be17c0_0, 0, 1;
    %pushi/str "z=4 b=0: al=0 (still broken)";
    %store/str v0x5d00b4be1880_0;
    %fork TD_tb_scheduler_all_left.check, S_0x5d00b4be15c0;
    %join;
    %free S_0x5d00b4be15c0;
    %alloc S_0x5d00b4be15c0;
    %load/vec4 v0x5d00b4be3110_0;
    %pushi/vec4 1, 0, 1;
    %cmp/e;
    %flag_get/vec4 6;
    %store/vec4 v0x5d00b4be17c0_0, 0, 1;
    %pushi/str "z=4 b=0: at=1 (top chain intact)";
    %store/str v0x5d00b4be1880_0;
    %fork TD_tb_scheduler_all_left.check, S_0x5d00b4be15c0;
    %join;
    %free S_0x5d00b4be15c0;
    %alloc S_0x5d00b4be2290;
    %fork TD_tb_scheduler_all_left.summary, S_0x5d00b4be2290;
    %join;
    %free S_0x5d00b4be2290;
    %vpi_call/w 9 316 "$finish" {0 0 0};
    %end;
    .thread T_17;
# The file index is used to find the file name in the following table.
:file_names 10;
    "N/A";
    "<interactive>";
    "-";
    "hdl/comparator/comparator.sv";
    "hdl/queues/complete_queue_handler.sv";
    "hdl/queues/complete_queue.sv";
    "hdl/queues/fifo.sv";
    "hdl/queues/job_queue_handler.sv";
    "hdl/queues/job_queue.sv";
    "tb/scheduler/tb_scheduler_all_left.sv";
