VCD info: dumpfile frame_render_tb.vcd opened for output.

══ Frame 0: Mandelbrot  128x128 ══
  [frame 0] start cycle 8
  [frame 0] end   cycle 654377  (elapsed 654369 cycles, 16384 pixels)

══ Frame 1: Burning Ship  128x128 ══
  [frame 1] start cycle 654380
  [frame 1] end   cycle 1308749  (elapsed 654369 cycles, 16384 pixels)

══ Frame 2: Julia (c=-0.700+0.270i)  128x128 ══
  [frame 2] start cycle 1308753
  [frame 2] end   cycle 1963122  (elapsed 654369 cycles, 16384 pixels)

══ Frame timing summary ══
  Frame 0 (Mandelbrot)  : 654369 cycles
  Frame 1 (Burning Ship): 654369 cycles
  Frame 2 (Julia)       : 654369 cycles
  Total                 : 1963114 cycles

══ Writing CSVs ══
  wrote frame0_mandelbrot.csv
  wrote frame1_burningship.csv
  wrote frame2_julia.csv

Done.

